04-11 11:28:01.731 3395-3395/? D/StatusBar.NetworkController: updateTelephonySignalStrength: hasService=true ss=SignalStrength: 20 99 -20 -200 -20 -200 -1 99 2147483647 2147483647 2147483647 -1 2147483647 0x4 gsm|lte
04-11 11:28:01.731 3395-3395/? D/StatusBar.NetworkController: updateTelephonySignalStrength: iconLevel=4
04-11 11:28:01.731 3395-3395/? D/StatusBar.NetworkController: updateTelephonySignalStrength, No signal level. mPhoneSignalIconId = com.android.systemui:drawable/stat_sys_signal_4_auto_rotate mDataSignalIconId = com.android.systemui:drawable/stat_sys_signal_4_auto_rotate mQSPhoneSignalIconId = com.android.systemui:drawable/ic_qs_signal_4 mContentDescriptionPhoneSignal = Phone signal full.
04-11 11:28:01.736 3395-3395/? D/StatusBar.NetworkController: Nothing, mRoamingIconId = 0
04-11 11:28:01.736 3395-3395/? D/StatusBar.NetworkController: refreshViews connected={ } level=4 combinedSignalIconId=0x7f0204b5/com.android.systemui:drawable/stat_sys_signal_4_auto_rotate mobileLabel=Emergency calls only wifiLabel= emergencyOnly=true combinedLabel=No Internet connection mAirplaneMode=false mDataActivity=0 mPhoneSignalIconId=0x7f0204b5/com.android.systemui:drawable/stat_sys_signal_4_auto_rotate mQSPhoneSignalIconId=0x7f02012a/com.android.systemui:drawable/ic_qs_signal_4 mDataDirectionIconId=0x0/(null) mDataSignalIconId=0x7f0204b5/com.android.systemui:drawable/stat_sys_signal_4_auto_rotate mDataTypeIconId=0x0/(null) mQSDataTypeIconId=0x0/(null) mNoSimIconId=0x0/(null) mWifiIconId=0x0/(null) mQSWifiIconId=0x0/(null) mWifiActivityIconId=0x0/(null) mBluetoothTetherIconId=0x10808cc/android:drawable/stat_sys_tether_bluetooth
04-11 11:28:01.736 3395-3395/? D/STATUSBAR-WifiQuickSettingButton: onWifiSignalChanged enabled=false enabledDesc:null
04-11 11:34:24.026 3176-3300/? V/AlarmManager: waitForAlarm result :8
04-11 11:34:24.076 3176-3191/? D/BatteryService: !@BatteryListener : batteryPropertiesChanged!
04-11 11:34:24.076 3176-3191/? D/BatteryService: level:100, scale:100, status:3, health:2, present:true, voltage: 4238, temperature: 258, technology: Li-ion, AC powered:false, USB powered:false, Wireless powered:false, icon:17303673, invalid charger:0
04-11 11:34:24.076 3176-3191/? D/BatteryService: online:1, current avg:460, charge type:0, power sharing:false, high voltage charger:false, capacity:280000, current_now:460
04-11 11:34:24.076 3176-3176/? D/BatteryService: Sending ACTION_BATTERY_CHANGED.
04-11 11:34:24.081 3395-3395/? D/KeyguardUpdateMonitor: received broadcast android.intent.action.BATTERY_CHANGED
04-11 11:34:24.081 3176-3176/? I/MotionRecognitionService: Unplugged
04-11 11:34:24.086 3395-3395/? D/KeyguardUpdateMonitor: handleBatteryUpdate
04-11 11:34:24.086 3395-3395/? D/STATUSBAR-PhoneStatusBar:  mBrightnessEnablebySettings = true mBrightnessEnablebyBattery = true mBrightnessEnablebyDisableFlag = true mPmsBrightnessEnablebySettings = true
04-11 11:34:24.091 4988-4988/? V/HeadsetService: HeadsetService - Received Intent.ACTION_BATTERY_CHANGED
04-11 11:34:24.091 4988-5048/? D/HeadsetStateMachine: Disconnected process message: 10
04-11 11:34:24.106 3176-3253/? D/GpsLocationProvider: receive broadcast intent, action: android.intent.action.BATTERY_CHANGED
04-11 11:34:24.106 3395-3395/? D/BatteryMeterView: ACTION_BATTERY_CHANGED : level:100 status:3 health:2
04-11 11:34:24.106 3395-3395/? D/BatteryMeterView: ACTION_BATTERY_CHANGED : level:100 status:3 health:2
04-11 11:34:24.106 3395-3395/? D/BatteryMeterView: ACTION_BATTERY_CHANGED : level:100 status:3 health:2
04-11 11:34:24.451 3395-3395/? D/StatusBar.NetworkController: onSignalStrengthsChanged signalStrength=SignalStrength: 21 99 -21 -200 -21 -200 -1 99 2147483647 2147483647 2147483647 -1 2147483647 0x4 gsm|lte level=4
04-11 11:34:24.451 3395-3395/? D/StatusBar.NetworkController: updateTelephonySignalStrength: hasService=true ss=SignalStrength: 21 99 -21 -200 -21 -200 -1 99 2147483647 2147483647 2147483647 -1 2147483647 0x4 gsm|lte
04-11 11:34:24.451 3395-3395/? D/StatusBar.NetworkController: updateTelephonySignalStrength: iconLevel=4
04-11 11:34:24.451 3395-3395/? D/StatusBar.NetworkController: updateTelephonySignalStrength, No signal level. mPhoneSignalIconId = com.android.systemui:drawable/stat_sys_signal_4_auto_rotate mDataSignalIconId = com.android.systemui:drawable/stat_sys_signal_4_auto_rotate mQSPhoneSignalIconId = com.android.systemui:drawable/ic_qs_signal_4 mContentDescriptionPhoneSignal = Phone signal full.
04-11 11:34:24.456 3395-3395/? D/StatusBar.NetworkController: Nothing, mRoamingIconId = 0
04-11 11:34:24.456 3176-3300/? V/AlarmManager: waitForAlarm result :4
04-11 11:34:24.466 3395-3395/? D/StatusBar.NetworkController: refreshViews connected={ } level=4 combinedSignalIconId=0x7f0204b5/com.android.systemui:drawable/stat_sys_signal_4_auto_rotate mobileLabel=Emergency calls only wifiLabel= emergencyOnly=true combinedLabel=No Internet connection mAirplaneMode=false mDataActivity=0 mPhoneSignalIconId=0x7f0204b5/com.android.systemui:drawable/stat_sys_signal_4_auto_rotate mQSPhoneSignalIconId=0x7f02012a/com.android.systemui:drawable/ic_qs_signal_4 mDataDirectionIconId=0x0/(null) mDataSignalIconId=0x7f0204b5/com.android.systemui:drawable/stat_sys_signal_4_auto_rotate mDataTypeIconId=0x0/(null) mQSDataTypeIconId=0x0/(null) mNoSimIconId=0x0/(null) mWifiIconId=0x0/(null) mQSWifiIconId=0x0/(null) mWifiActivityIconId=0x0/(null) mBluetoothTetherIconId=0x10808cc/android:drawable/stat_sys_tether_bluetooth
04-11 11:34:24.466 3395-3395/? D/STATUSBAR-WifiQuickSettingButton: onWifiSignalChanged enabled=false enabledDesc:null
04-11 11:34:24.466 3395-3395/? D/KeyguardUpdateMonitor: received broadcast android.intent.action.TIME_TICK
04-11 11:34:24.466 3395-3395/? D/KeyguardUpdateMonitor: handleTimeUpdate
04-11 11:34:24.471 3176-3176/? D/LightsService: [api] onReceive : SvcLEDReceiver re-enables LightSenor and sends MSG_FORCEDSVCLEDTASK
04-11 11:34:24.561 3395-3395/? D/DateView: regionalDateFormat = 22/11/3333 isRTLlanguage = false returnDateFormat = E, d MMMM
04-11 11:34:24.561 3395-3395/? D/DateView: regionalDateFormat = 22/11/3333 isRTLlanguage = false returnDateFormat = E, d MMMM
04-11 11:34:24.806 3395-3395/? W/KeyguardSecurityViewFlipper: onMeasure: widthSpec MeasureSpec: EXACTLY 1080 should be AT_MOST
04-11 11:34:24.806 3395-3395/? W/KeyguardSecurityViewFlipper: onMeasure: heightSpec MeasureSpec: EXACTLY 1845 should be AT_MOST
04-11 11:34:25.176 3176-3287/? D/LightsService: [SvcLED] Lux failed to be updated in 700ms. -> handleForcedSvcLEDTasK
04-11 11:34:25.176 3176-3287/? D/LightsService: [SvcLED]  setSvcLedLightLocked :: Current SvcLED(id=3) maintains its priority right
04-11 11:34:25.326 3176-3267/? I/PowerManagerService: [PWL] Off : 819s ago
04-11 11:45:48.026 3176-3300/? V/AlarmManager: waitForAlarm result :8
04-11 11:45:48.226 2553-2553/? E/SMD: InvokeOemRequestHookRaw usbstatus true is success
04-11 11:45:48.321 3176-3191/? D/BatteryService: !@BatteryListener : batteryPropertiesChanged!
04-11 11:45:48.371 3176-3191/? I/Sensors: SensorBase::batch(6, 0, 200000000, 0)
04-11 11:45:48.371 3176-3191/? I/Sensors: Light old sensor_state 0, new sensor_state : 128 en : 1
04-11 11:45:48.371 3176-3191/? D/BatteryService: level:100, scale:100, status:2, health:2, present:true, voltage: 4341, temperature: 250, technology: Li-ion, AC powered:false, USB powered:true, Wireless powered:false, icon:17303687, invalid charger:0
04-11 11:45:48.371 3176-3191/? D/BatteryService: online:4, current avg:460, charge type:1, power sharing:false, high voltage charger:false, capacity:280000, current_now:460
04-11 11:45:48.371 3176-3176/? D/BatteryService: Sending ACTION_BATTERY_CHANGED.
04-11 11:45:48.371 3176-3191/? D/LightsService: [api] [SvcLED] setFlashing :: id = 3, color = 0, mode = 10, onMS = 0, offMS = 0,  (uid: 1000 pid: 3176) 
04-11 11:45:48.371 3176-3191/? D/LightsService: [SvcLED] setSvcLedStateLocked:: SvcLEDState : 0x0 -> 0x10 | SvcLED(id=3) set On
04-11 11:45:48.376 3176-3191/? D/SensorManager: registerListener :: 6, CM3323 Light Sensor, 200000, 0,  
04-11 11:45:48.376 3176-3354/? V/KeyguardServiceDelegate: onScreenTurnedOn(showListener = com.android.internal.policy.impl.PhoneWindowManager$2@1164a420)
04-11 11:45:48.376 3176-3176/? I/MotionRecognitionService: Plugged
04-11 11:45:48.376 3176-3176/? I/MotionRecognitionService: setPowerConnected  = true
04-11 11:45:48.376 3176-3262/? D/UsbDeviceManager: handleMessage -> MSG_POWER_STATE = 1
04-11 11:45:48.376 3176-3191/? D/BatteryService: turn on LED for charging
04-11 11:45:48.376 3176-3267/? D/PowerManagerService: [api] updateIsPoweredLocked : mIsPowered: true mPlugType: 2
04-11 11:45:48.376 3176-3267/? I/PowerManagerService: !@[ps] Screen__On  - 5 :  powered change
04-11 11:45:48.376 3176-3267/? I/PowerManagerService: Waking up from sleep (uid 1000)...
04-11 11:45:48.376 3176-3267/? D/PowerManagerService: [PWL] sb acquire: PowerManagerService.Broadcasts
04-11 11:45:48.376 3176-3267/? D/PowerManagerService: [s] UserActivityState : 0 -> 1
04-11 11:45:48.376 3176-3267/? D/PowerManagerService: [PWL] sb acquire: PowerManagerService.Display
04-11 11:45:48.376 3176-3267/? I/DisplayPowerController: Blocking screen on until initial contents have been drawn.
04-11 11:45:48.376 3176-3267/? D/AutomaticBrightnessController: [DAB] setLightSensorEnabled : Send Update registerListener mLightSensor
04-11 11:45:48.376 3176-3267/? D/DisplayPowerController: getFinalBrightness : 0 -> 0
04-11 11:45:48.376 3176-3267/? D/DisplayPowerController: animation target = 0, rate=2000 (PSM:false, AB limit:(-1 ~ -1) MB Limit:(-1 ~ -1) MAdj:(0, (0, 255)), PendingAutoBrightness)
04-11 11:45:48.376 3176-3357/? D/AutomaticBrightnessController: [DAB] setLightSensorEnabled : registerListener mLightSensor
04-11 11:45:48.381 3395-3395/? D/KeyguardUpdateMonitor: received broadcast android.intent.action.BATTERY_CHANGED
04-11 11:45:48.381 3395-3395/? D/KeyguardUpdateMonitor: handleBatteryUpdate
04-11 11:45:48.381 3176-3357/? I/Sensors: SensorBase::flush handle(6), sensor_type(7)
04-11 11:45:48.381 3176-3357/? I/Sensors: SensorBase::flush handle(6), sensor_type(7) return
04-11 11:45:48.381 3176-3357/? D/SensorManager: registerListener :: 6, CM3323 Light Sensor, 200000, 0,  
04-11 11:45:48.381 3176-3357/? I/Sensors: SensorBase::batch(0, 0, 200000000, 0)
04-11 11:45:48.381 3176-3357/? I/Sensors: Acc old sensor_state 128, new sensor_state : 129 en : 1
04-11 11:45:48.381 3176-3359/? D/MISCPowerHAL: sysfs_write +: /sys/class/power_supply/battery/lcd: 1
04-11 11:45:48.381 3176-3359/? D/MISCPowerHAL: sysfs_write -: /sys/class/power_supply/battery/lcd: 1
04-11 11:45:48.381 3176-3357/? D/SensorManager: registerListener :: 0, K330 Acceleration Sensor, 200000, 0,  
04-11 11:45:48.381 2563-2563/? D/SurfaceFlinger: Set power mode=2, type=0 flinger=0xb6962000
04-11 11:45:48.381 2563-2563/? I/hwcomposer: int exynos5_blank(hwc_composer_device_1*, int, int):: disp(0), blank(0)
04-11 11:45:48.381 3176-3357/? D/PowerManagerService: Excessive delay in setLightSensorEnabled::registerListener(LightSensor): 3ms
04-11 11:45:48.381 3176-3359/? D/PowerManagerService: !@[s] unblankAllDisplays() : unblankAllDisplaysFromPowerManager
04-11 11:45:48.381 3176-3267/? D/AutomaticBrightnessController: [api] [DAB] onSensorChanged : 1st lux : 92.0
04-11 11:45:48.381 3176-3267/? D/AutomaticBrightnessController: [DAB] updateAutoBrightnessSEC : 96(96.0)    8.0 < 92.0 < 269.0 (0.0)
04-11 11:45:48.381 3176-3267/? D/AutomaticBrightnessController: mCallbacks.updateBrightness()
04-11 11:45:48.381 3176-3267/? I/AutomaticBrightnessController: [DAB] fileWriteInt : /sys/class/tcon/tcon/auto_br  value : 1
04-11 11:45:48.386 3395-3414/? D/KeyguardViewMediator: onScreenTurnedOn, seq = 6
04-11 11:45:48.386 3395-3414/? D/KeyguardViewMediator: notifyScreenOnLocked
04-11 11:45:48.386 3395-3395/? D/KeyguardViewMediator: handleNotifyScreenOn
04-11 11:45:48.386 3395-3395/? D/KeyguardViewBase: screen on, instance 3d04ec37
04-11 11:45:48.386 3176-3253/? D/GpsLocationProvider: receive broadcast intent, action: android.intent.action.BATTERY_CHANGED
04-11 11:45:48.386 3176-3267/? I/AutomaticBrightnessController: [DAB] fileWriteInt : /sys/class/backlight/panel/auto_brightness  value : 2
04-11 11:45:48.386 3176-3267/? I/AutomaticBrightnessController: [DAB] fileWriteInt : /sys/class/lcd/panel/lux  value : 92
04-11 11:45:48.386 3176-3267/? D/DisplayPowerController: getFinalBrightness : 96 -> 96
04-11 11:45:48.386 3176-3267/? D/DisplayPowerController: animation target = 96, rate=2000 (PSM:false, AB limit:(-1 ~ -1) MB Limit:(-1 ~ -1) MAdj:(0, (0, 255)))
04-11 11:45:48.386 3395-3395/? D/StatusBarKeyguardViewManager: onScreenTurnedOn()
04-11 11:45:48.391 3395-3395/? W/Settings: Setting airplane_mode_on has moved from android.provider.Settings.System to android.provider.Settings.Global, returning read-only value.
04-11 11:45:48.391 3176-3357/? D/PowerManagerService: Excessive delay in setLightSensorEnabled::registerListener(TiltSensor): 9ms
04-11 11:45:48.396 3395-3395/? V/KeyguardSecurityView: showPrimarySecurityScreen(turningOff=false)
04-11 11:45:48.396 3395-3395/? D/KeyguardSecurityView: showSecurityScreen(None)
04-11 11:45:48.396 3395-3395/? D/KeyguardUnlockView: outRect: Rect(0, 99 - 1080, 1920)
04-11 11:45:48.396 3395-3395/? D/KeyguardUnlockView: isValidRect: true
04-11 11:45:48.396 3395-3395/? D/LensFlare_Keyguard: showUnlockAffordance
04-11 11:45:48.396 3395-3395/? D/LensFlare: showUnlockAffordance : 0, 1080, 99, 1920, startDelay : 500
04-11 11:45:48.396 2553-3285/? E/SMD: [*] dr_smd_dsr_event_hdlr event received  is received 
04-11 11:45:48.396 2553-3285/? E/SMD: data pin is DSR 
04-11 11:45:48.396 2553-3285/? E/SMD: DSR pinstatus is ON 
04-11 11:45:48.396 3176-3265/? I/DisplayManagerService: Display device changed: DisplayDeviceInfo{"Built-in Screen": 1080 x 1920, 60.000004 fps, supportedRefreshRates [60.000004], density 480, 442.451 x 443.345 dpi, appVsyncOff 0, presDeadline 17666666, touch INTERNAL, rotation 0, type BUILT_IN, state ON, FLAG_DEFAULT_DISPLAY, FLAG_ROTATES_WITH_CONTENT, FLAG_SECURE, FLAG_SUPPORTS_PROTECTED_BUFFERS}
04-11 11:45:48.396 3176-3176/? V/ActivityManager: Display changed displayId=0
04-11 11:45:48.406 3176-3258/? I/Sensors: META: sensor(6), what(1)
04-11 11:45:48.411 4988-4988/? V/HeadsetService: HeadsetService - Received Intent.ACTION_BATTERY_CHANGED
04-11 11:45:48.411 4988-5048/? D/HeadsetStateMachine: Disconnected process message: 10
04-11 11:45:48.431 3176-3354/? D/InputManager-JNI: setDeviceInteractive: 1
04-11 11:45:48.431 3176-3262/? D/UsbDeviceManager: sending intent : ACTION_USB_CABLE_STATE : connected = true
04-11 11:45:48.436 3176-23589/? D/InputManager-JNI: sysfs_write +: /sys/class/input/event15/device/enabled: 1
04-11 11:45:48.436 3176-23589/? D/InputManager-JNI: sysfs_write -: /sys/class/input/event15/device/enabled: 1
04-11 11:45:48.436 3176-23590/? D/InputManager-JNI: sysfs_write +: /sys/class/input/event1/device/enabled: 1
04-11 11:45:48.441 3395-3395/? W/KeyguardSecurityViewFlipper: onMeasure: widthSpec MeasureSpec: EXACTLY 1080 should be AT_MOST
04-11 11:45:48.441 3395-3395/? W/KeyguardSecurityViewFlipper: onMeasure: heightSpec MeasureSpec: EXACTLY 1845 should be AT_MOST
04-11 11:45:48.441 3176-3267/? D/DisplayPowerController: getFinalBrightness : 96 -> 96
04-11 11:45:48.441 3176-3176/? I/EntropyMixer: Writing entropy...
04-11 11:45:48.441 3176-3267/? D/DisplayPowerController: animation target = 96, rate=500 (PSM:false, AB limit:(-1 ~ -1) MB Limit:(-1 ~ -1) MAdj:(0, (0, 255)))
04-11 11:45:48.466 3395-3395/? D/KeyguardEffectViewController: mSlidingInterval = 0 , mSlidingWallpaperIndex:0
04-11 11:45:48.466 3395-3395/? D/KeyguardEffectViewController: results = false , mSlidingWallpaperIndex:0
04-11 11:45:48.466 3395-3395/? D/LensFlare_Keyguard: screenTurnedOn
04-11 11:45:48.466 3395-3395/? D/LensFlare: screenTurnedOn
04-11 11:45:48.466 3395-3395/? D/VisualEffectCircleUnlockEffect: KeyguardEffectViewNone : screenTurnedOn
04-11 11:45:48.466 3395-3395/? D/SecKeyguardCircleView: onScreenTurnedOn
04-11 11:45:48.466 23356-23356/? E/TranscodeReceiver: onReceive : android.intent.action.ACTION_POWER_CONNECTED
04-11 11:45:48.471 3176-3486/? I/Sensors: SensorBase::flush handle(0), sensor_type(0)
04-11 11:45:48.471 3176-3486/? I/Sensors: SensorBase::flush handle(0), sensor_type(0) return
04-11 11:45:48.471 3176-3176/? D/MotionRecognitionService:   mReceiver.onReceive : ACTION_POWER_CONNECTED
04-11 11:45:48.471 3176-3176/? I/MotionRecognitionService: mGripSensorEnabled= false
04-11 11:45:48.476 3395-3395/? D/SensorManager: registerListener :: 0, K330 Acceleration Sensor, 200000, 0,  
04-11 11:45:48.476 3176-3176/? I/CAE: handleMessage(CaPowerManager.java:193) - POWER_CONNECTED
04-11 11:45:48.476 3395-3395/? D/PowerUI.Notification: playSound : 1
04-11 11:45:48.481 3176-3176/? I/CAE: sendCmdToSensorHub(SensorHubCommManager.java:144) - -76, 13, -42, 0,
04-11 11:45:48.481 3176-3176/? D/SensorHubManager: SendSensorHubData: send data = -76, 13, -42, 0
04-11 11:45:48.481 2576-2576/? D/Sensorhubs: sendContextData: -76, 13, -42, 0
04-11 11:45:48.481 3395-3395/? V/Vibrator: Called vibrateImmVibe(int) API - PUID: 10020, PackageName: com.android.systemui
04-11 11:45:48.481 3395-3395/? V/Vibrator: Called vibrateImmVibe(int, MagnitudeType) API - PUID: 10020, PackageName: com.android.systemui
04-11 11:45:48.481 3395-3395/? V/Vibrator: vibrateImmVibe - PUID: 10020, PackageName: com.android.systemui, type: 10, mag: 6000
04-11 11:45:48.481 3176-3785/? D/ActivityManager: startService callerProcessName:com.sec.android.app.videoplayer, calleePkgName: com.sec.android.app.videoplayer
04-11 11:45:48.481 3176-3670/? D/VibratorService: Turning vibrator off - ImmVibe.
04-11 11:45:48.481 3176-3670/? V/VibratorService: vibrateImmVibe - package: com.android.systemui, type: 10, magnitude: 6000
04-11 11:45:48.486 3176-3784/? V/KeyguardServiceDelegate: **** SHOWN CALLED ****
04-11 11:45:48.486 3395-3395/? D/KeyguardViewMediator: handleKeyguardDoneDrawing
04-11 11:45:48.486 3395-3395/? D/PowerUI.Notification: RINGER_MODE_VIBRATE
04-11 11:45:48.486 3395-3395/? D/STATUSBAR-PhoneStatusBar:  mBrightnessEnablebySettings = true mBrightnessEnablebyBattery = true mBrightnessEnablebyDisableFlag = true mPmsBrightnessEnablebySettings = true
04-11 11:45:48.486 3395-3395/? D/BatteryMeterView: ACTION_BATTERY_CHANGED : level:100 status:2 health:2
04-11 11:45:48.486 3395-3395/? D/BatteryMeterView: ACTION_BATTERY_CHANGED : level:100 status:2 health:2
04-11 11:45:48.486 3395-3395/? D/BatteryMeterView: ACTION_BATTERY_CHANGED : level:100 status:2 health:2
04-11 11:45:48.486 3395-3395/? D/StatusBarKeyguardViewManager: callback.onShown()
04-11 11:45:48.491 3395-3395/? W/KeyguardSecurityViewFlipper: onMeasure: widthSpec MeasureSpec: EXACTLY 1080 should be AT_MOST
04-11 11:45:48.491 3395-3395/? W/KeyguardSecurityViewFlipper: onMeasure: heightSpec MeasureSpec: EXACTLY 1845 should be AT_MOST
04-11 11:45:48.491 3176-3176/? D/LightsService: [api] [SvcLED] turnOff:: id = 3 (uid: 1000 pid: 3176) 
04-11 11:45:48.491 3176-3176/? D/LightsService: [SvcLED] setSvcLedStateLocked:: SvcLEDState : 0x10 -> 0x0 | SvcLED(id=3) set Off
04-11 11:45:48.491 3176-3176/? D/BatteryService: turn off LED
04-11 11:45:48.496 3176-3287/? I/Sensors: SensorBase::batch(6, 0, 200000000, 0)
04-11 11:45:48.496 3176-3287/? D/SensorManager: unregisterListener ::   
04-11 11:45:48.496 3176-3287/? D/lights: led_pattern : 0 +
04-11 11:45:48.496 3176-3258/? I/Sensors: META: sensor(0), what(1)
04-11 11:45:48.496 3176-3176/? I/CAE: handleMessage(CaPowerManager.java:188) - AP_WAKEUP
04-11 11:45:48.496 3176-3176/? I/CAE: updateApPowerStatus(SensorHubParserProvider.java:421) - AP_WAKEUP
04-11 11:45:48.496 3176-3176/? I/CAE: sendCmdToSensorHub(SensorHubCommManager.java:144) - -76, 13, -47, 0,
04-11 11:45:48.496 3176-3176/? D/SensorHubManager: SendSensorHubData: send data = -76, 13, -47, 0
04-11 11:45:48.496 3176-3287/? D/LightsService: [SvcLED] Lux failed to be updated in 700ms. -> handleForcedSvcLEDTasK
04-11 11:45:48.496 3176-6087/? D/ActivityManager: startProcessLocked calleePkgName: com.samsung.android.scloud.backup, hostingType: broadcast
04-11 11:45:48.501 2576-2849/? D/Sensorhubs: sendContextData: -76, 13, -47, 0
04-11 11:45:48.501 3176-3287/? D/lights: led_pattern : 0 -
04-11 11:45:48.501 3176-3176/? D/InputMethodManagerService: [HARDWARE_KEYBOARD] (refreshImeWindowVisibilityLocked) mImeWindowVis= 0 inputVisible = falsehaveHardKeyboard = false hardKeyShown = false
04-11 11:45:48.501 3176-3287/? D/LightsService: [SvcLED]  setSvcLedLightLocked :: Current SvcLED(id=3) maintains its priority right
04-11 11:45:48.501 3176-6087/? E/ActivityManager: checkUser: useridlist=null, currentuser=0
04-11 11:45:48.501 3176-6087/? E/ActivityManager: checkUser: useridlist=null, currentuser=0
04-11 11:45:48.501 3176-6087/? E/ActivityManager: checkUser: useridlist=null, currentuser=0
04-11 11:45:48.501 3176-6087/? E/ActivityManager: checkUser: useridlist=null, currentuser=0
04-11 11:45:48.511 3395-3395/? D/QSpanel: label top:23
04-11 11:45:48.511 3395-3395/? D/StatusBar-QSPanel: onLayout left:0 top:0 record.row:0
04-11 11:45:48.511 3395-3395/? D/QSpanel: label top:23
04-11 11:45:48.511 3395-3395/? D/StatusBar-QSPanel: onLayout left:206 top:0 record.row:0
04-11 11:45:48.511 3395-3395/? D/QSpanel: label top:23
04-11 11:45:48.511 3395-3395/? D/StatusBar-QSPanel: onLayout left:412 top:0 record.row:0
04-11 11:45:48.511 3395-3395/? D/QSpanel: label top:0
04-11 11:45:48.511 3395-3395/? D/StatusBar-QSPanel: onLayout left:618 top:0 record.row:0
04-11 11:45:48.511 3395-3395/? D/QSpanel: label top:23
04-11 11:45:48.511 3395-3395/? D/StatusBar-QSPanel: onLayout left:824 top:0 record.row:0
04-11 11:45:48.511 3395-3395/? D/QSpanel: label top:0
04-11 11:45:48.511 3395-3395/? D/StatusBar-QSPanel: onLayout left:1030 top:0 record.row:0
04-11 11:45:48.511 3395-3395/? D/QSpanel: label top:0
04-11 11:45:48.511 3395-3395/? D/StatusBar-QSPanel: onLayout left:1236 top:0 record.row:0
04-11 11:45:48.511 3395-3395/? D/QSpanel: label top:0
04-11 11:45:48.511 3395-3395/? D/StatusBar-QSPanel: onLayout left:1442 top:0 record.row:0
04-11 11:45:48.511 3395-3395/? D/QSpanel: label top:0
04-11 11:45:48.511 3395-3395/? D/StatusBar-QSPanel: onLayout left:1648 top:0 record.row:0
04-11 11:45:48.511 3395-3395/? D/QSpanel: label top:0
04-11 11:45:48.511 3395-3395/? D/StatusBar-QSPanel: onLayout left:1854 top:0 record.row:0
04-11 11:45:48.511 23356-23356/? D/TranscodeService: onCreate()
04-11 11:45:48.516 23594-23594/? E/Zygote: MountEmulatedStorage()
04-11 11:45:48.516 23594-23594/? E/Zygote: v2
04-11 11:45:48.516 23594-23594/? I/libpersona: KNOX_SDCARD checking this for 10215
04-11 11:45:48.516 23594-23594/? I/libpersona: KNOX_SDCARD not a persona
04-11 11:45:48.521 23594-23594/? I/SELinux: Function: selinux_compare_spd_ram, SPD-policy is existed. and_ver=SEPF_GT-I9500_4.4.2 ver=40
04-11 11:45:48.521 23594-23594/? I/SELinux: Function: selinux_compare_spd_ram , priority [2] , priority version is VE=SEPF_GT-I9500_5.0.1-1_0032
04-11 11:45:48.521 23594-23594/? E/SELinux: [DEBUG] get_category: variable seinfo: platform sensitivity: NULL, cateogry: NULL
04-11 11:45:48.521 3176-6087/? I/ActivityManager: Start proc com.samsung.android.scloud.backup for broadcast com.samsung.android.scloud.backup/.SCloudBackupReceiver: pid=23594 uid=10215 gids={50215, 9997, 1028, 1015, 3003} abi=armeabi-v7a
04-11 11:45:48.531 3176-3176/? D/MotionRecognitionService:   mReceiver.onReceive : ACTION_SCREEN_ON
04-11 11:45:48.536 3176-3176/? I/WifiTrafficPoller: evaluateTrafficStatsPolling
04-11 11:45:48.536 3176-3309/? D/SContextService: 	.registerCallback : 1, client=
04-11 11:45:48.536 3176-3309/? E/SContext.CaeProvider: setProperty() : attribute is null!
04-11 11:45:48.536 3176-3309/? D/SContextService: sendAttribute() : service = Flip Cover Action
04-11 11:45:48.536 3176-3309/? W/CAE: registerCallback(ContextAwareService.java:137) - [regi 01] Mutex is locked for FLIP_COVER_ACTION
04-11 11:45:48.536 3176-3309/? V/CAE: start(ContextProvider.java:126)
04-11 11:45:48.536 3176-3309/? V/CAE: clear(FlipCoverActionRunner.java:126)
04-11 11:45:48.536 3176-3309/? V/CAE: enable(FlipCoverActionRunner.java:102)
04-11 11:45:48.536 3176-3309/? I/CAE: sendCmdToSensorHub(SensorHubCommManager.java:144) - -79, 14, 0, 0,
04-11 11:45:48.536 3176-3309/? D/SensorHubManager: SendSensorHubData: send data = -79, 14, 0, 0
04-11 11:45:48.541 2576-2576/? D/Sensorhubs: sendContextData: -79, 14, 0, 0
04-11 11:45:48.541 2570-2892/? I/AudioHardwareTinyALSA: setParameters(screen_state=on)
04-11 11:45:48.541 23356-23356/? D/TranscodeService: power? : true / screen off : false / ssrm.live_thumbnail : true, 
04-11 11:45:48.541 23356-23356/? D/TranscodeService: releaseTranscodeThread.
04-11 11:45:48.541 3176-3176/? D/NotificationService: ACTION_SCREEN_ON
04-11 11:45:48.541 3176-3176/? D/LightsService: [api] [SvcLED] turnOff:: id = 4 (uid: 1000 pid: 3176) 
04-11 11:45:48.541 3176-3176/? D/LightsService: [SvcLED] setSvcLedStateLocked:: SvcLEDState : 0x0 -> 0x0 | SvcLED(id=4) set Off
04-11 11:45:48.541 3176-3287/? D/LightsService: [SvcLED] Lux failed to be updated in 700ms. -> handleForcedSvcLEDTasK
04-11 11:45:48.541 3176-3287/? D/LightsService: [SvcLED]  setSvcLedLightLocked :: Current SvcLED(id=3) maintains its priority right
04-11 11:45:48.546 3176-3176/? I/SecExternalDisplayIntents_Java: Intent Recieved ..  -android.intent.action.SCREEN_ONBroadCast Map value - 19
04-11 11:45:48.546 3176-3309/? D/CAE: getFaultDetectionResult(FlipCoverActionRunner.java:139) - true
04-11 11:45:48.546 3176-3309/? I/CAE: notifyCmdProcessResultObserver(ContextProvider.java:617) - CheckResult = 0, Cause = Success
04-11 11:45:48.566 23594-23594/? D/ResourcesManager: creating new AssetManager and set to /system/priv-app/sCloudBackupApp/sCloudBackupApp.apk
04-11 11:45:48.596 3176-3309/? D/CAE: doCommendProcess(ContextAwareService.java:314) - complete notify the operation result.
04-11 11:45:48.596 3176-3309/? I/CAE: displayUsedCountForService(ContextAwareService.java:406) - totalCnt = 1, serviceCount = 1, subCollectionCount = 0
04-11 11:45:48.596 3176-3309/? D/CAE: showListenerList(ContextAwareService.java:247) - ===== Context Aware Service List =====
04-11 11:45:48.596 3176-3309/? I/CAE: showListenerList(ContextAwareService.java:256) - Listener : com.samsung.android.contextaware.manager.ContextAwareService$Listener@28bff97, Service : FLIP_COVER_ACTION(1)
04-11 11:45:48.596 3176-3309/? W/CAE: registerCallback(ContextAwareService.java:173) - [regi 02] Mutex is unlocked for FLIP_COVER_ACTION
04-11 11:45:48.596 3176-3309/? D/SContextService: addSContextService() : service = Flip Cover Action
04-11 11:45:48.596 3176-3309/? D/SContextService: ===== SContext Service List =====
04-11 11:45:48.596 3176-3309/? D/SContextService: Listener : android.hardware.scontext.SContextService$Listener@3460584, Service : Flip Cover Action
04-11 11:45:48.596 3176-3309/? D/SContextManager:   .registerListener : listener = com.samsung.android.motion.MotionRecognitionFlipCover$1@38e4ddd2, service=Flip Cover Action
04-11 11:45:48.596 3176-3309/? E/MotionRecognitionService:  handler : SCREEN_ON end
04-11 11:45:48.606 3176-3359/? D/SurfaceControl: Excessive delay in setPowerMode(): 223ms
04-11 11:45:48.606 3395-3395/? D/KeyguardUpdateMonitor: received broadcast android.intent.action.TIME_TICK
04-11 11:45:48.606 3176-3359/? D/PowerManagerService: Excessive delay in mPhotonicModulator.requestDisplayState(mRequestingState): 226ms
04-11 11:45:48.606 3176-3265/? D/IpRemoteDisplayController: intent received android.intent.action.SCREEN_ON
04-11 11:45:48.606 3176-3265/? D/IpRemoteDisplayController: Bridge Server is not available
04-11 11:45:48.611 3395-3395/? D/KeyguardViewMediator: handleKeyguardDoneDrawing
04-11 11:45:48.616 3395-3395/? D/KeyguardUpdateMonitor: handleTimeUpdate
04-11 11:45:48.616 3176-3263/? D/DisplayPowerController: [api] WindowManagerPolicy.ScreenOnListener : Received onScreenOn().
04-11 11:45:48.616 3176-3267/? I/DisplayPowerController: Unblocked screen on after 239 ms
04-11 11:45:48.616 3176-3267/? D/DisplayPowerState: !@ ColorFade exit
04-11 11:45:48.626 3176-23590/? D/InputManager-JNI: sysfs_write -: /sys/class/input/event1/device/enabled: 1
04-11 11:45:48.626 3176-3253/? D/GpsLocationProvider: receive broadcast intent, action: android.intent.action.SCREEN_ON
04-11 11:45:48.626 3176-3253/? E/GpsLocationProvider: ++ Invoked android_location_GpsLocationProvider_set_lcd_mode --> mode:1 ++
04-11 11:45:48.626 3176-3253/? E/GpsLocationProvider: sExerciseIterface is not available
04-11 11:45:48.626 3176-3176/? D/PersonaManagerService: ACTION_SCREEN_ON onReceive
04-11 11:45:48.626 3176-3274/? D/PersonaManagerServiceHandler: MSG_ACTION_SCREEN_ON called
04-11 11:45:48.626 3395-3395/? D/BatteryMeterView: onDraw batteryColor : -1
04-11 11:45:48.641 3631-3631/? I/NfcService: When receiving ACTION_SCREEN_ON, S view cover is already opened. So screenState is ON_LOCKED by isKeyguardLocked()
04-11 11:45:48.641 3631-3631/? D/NativeNfcManager: power state=3
04-11 11:45:48.646 3631-7063/? D/NfcService: call the applyRouting
04-11 11:45:48.646 3631-4165/? D/NfcNciHal: HaiWrite: enter; len=4
04-11 11:45:48.646 3631-4165/? I/NfcNciHal: HAL_NfcWrite ()
04-11 11:45:48.646 3631-4165/? D/NfcNciHal: HaiWrite: exit 0
04-11 11:45:48.646 3631-4166/? I/NfcNciHal: nfc_hal_main_send_message() ls:0x10
04-11 11:45:48.646 3631-4166/? I/NfcNciHal: nfc_hal_dm_power_mode_execute () event = 0
04-11 11:45:48.646 3631-4166/? I/NfcNciHal: nfc_hal_dm_set_nfc_wake () ASSERT
04-11 11:45:48.646 3631-4166/? D/USERIAL_LINUX: UPIO_Set: ioctl, state=0
04-11 11:45:48.646 3631-4166/? D/USERIAL_LINUX: UPIO_Set: ioctl, old state=1, insert delay for 20 ms
04-11 11:45:48.646 3631-4166/? I/NfcNciHal: p_buf->len: 4
04-11 11:45:48.646 3631-4166/? I/BrcmNci: --
04-11 11:45:48.646 3631-4166/? I/BrcmNci: SENT NCI  Type:CMD   Name: RF_DEACTIVATE(0x6)   PBF:No/Last   Param Len: 1/1 f:0x0
04-11 11:45:48.646 3631-4166/? I/BrcmNci:                         De-Activate Type : Idle Mode (0/0x00)
04-11 11:45:48.646 3631-4166/? D/BrcmNci: Raw NCI Packet:
04-11 11:45:48.646 3631-4166/? D/BrcmNci: 0000: 21 06 01 00                                     !...
04-11 11:45:48.646 3631-4166/? I/BrcmNci: --
04-11 11:45:48.646 3631-4166/? D/USERIAL_LINUX: USERIAL_Write: (5 bytes)
04-11 11:45:48.646 3631-4166/? D/USERIAL_LINUX: doWriteDelay() delay 19 ms
04-11 11:45:48.651 2563-2622/? I/SurfaceFlinger: id=25 Removed DolorFade (8/8)
04-11 11:45:48.651 2563-2624/? I/SurfaceFlinger: id=25 Removed DolorFade (-2/8)
04-11 11:45:48.651 3176-3358/? D/lights: lcd : 96 +
04-11 11:45:48.651 3176-3267/? D/DisplayPowerController: getFinalBrightness : 96 -> 96
04-11 11:45:48.651 3176-3267/? D/DisplayPowerController: animation target = 96, rate=500 (PSM:false, AB limit:(-1 ~ -1) MB Limit:(-1 ~ -1) MAdj:(0, (0, 255)))
04-11 11:45:48.666 3631-4166/? D/USERIAL_LINUX: USERIAL_Write len = 5, ret = 5
04-11 11:45:48.666 3631-4190/? D/USERIAL_LINUX: my_read: return 5(0x5) bytes, errno=22 count=280, n=1, timeout=-1
04-11 11:45:48.666 3631-4190/? D/USERIAL_LINUX: userial_read_thread(): enqueued p_buf=0xa12064b8, count=1, length=5
04-11 11:45:48.666 3631-4190/? D/USERIAL_LINUX: my_read: enter, pbuf=a1206268, len = 280
04-11 11:45:48.666 3631-4166/? I/BrcmNci: --
04-11 11:45:48.666 3631-4166/? I/BrcmNci: RECV NCI  Type:RSP   Name: RF_DEACTIVATE(0x6)   PBF:No/Last   Param Len: 1/1 f:0x0
04-11 11:45:48.666 3631-4166/? I/BrcmNci:                                   Status : OK (0x00)
04-11 11:45:48.666 3631-4166/? D/BrcmNci: Raw NCI Packet:
04-11 11:45:48.666 3631-4166/? D/BrcmNci: 0000: 41 06 01 00                                     A...
04-11 11:45:48.666 3631-4166/? I/BrcmNci: --
04-11 11:45:48.666 3631-4166/? I/NfcNciHal: nfc_hal_nci_preproc_rx_nci_msg()
04-11 11:45:48.666 3631-4166/? I/NfcNciHal: nfc_hal_dm_power_mode_execute () event = 1
04-11 11:45:48.666 3631-4166/? D/NfcNciHal: BroadcomHalDataCallback: enter; len=4
04-11 11:45:48.666 3631-4165/? D/NfcNciHal: HaiPreDiscover: enter
04-11 11:45:48.666 3631-4165/? I/NfcNciHal: HAL_NfcPreDiscover ()
04-11 11:45:48.666 3631-4165/? I/NfcNciHal: HAL_NfcPreDiscover status:0
04-11 11:45:48.666 3631-4165/? D/NfcNciHal: HaiPreDiscover: exit 0
04-11 11:45:48.666 3631-4165/? D/NfcNciHal: HaiWrite: enter; len=8
04-11 11:45:48.666 3631-4165/? I/NfcNciHal: HAL_NfcWrite ()
04-11 11:45:48.666 3631-4165/? D/NfcNciHal: HaiWrite: exit 0
04-11 11:45:48.666 3631-4166/? I/NfcNciHal: nfc_hal_main_send_message() ls:0x10
04-11 11:45:48.666 3631-4166/? I/NfcNciHal: nfc_hal_dm_power_mode_execute () event = 0
04-11 11:45:48.666 3631-4166/? I/NfcNciHal: p_buf->len: 8
04-11 11:45:48.666 3631-4166/? I/BrcmNci: --
04-11 11:45:48.666 3631-4166/? I/BrcmNci: SENT NCI  Type:CMD   Name: RF_DISCOVER(0x3)   PBF:No/Last   Param Len: 5/5 f:0x0
04-11 11:45:48.666 3631-4166/? I/BrcmNci:                        Num Discovery Cfg : 2 (0x02)
04-11 11:45:48.666 3631-4166/? I/BrcmNci:                                 Listen_A : 128 (0x80)
04-11 11:45:48.666 3631-4166/? I/BrcmNci:                                Frequency : 1 (0x01)
04-11 11:45:48.666 3631-4166/? I/BrcmNci:                                 Listen_B : 129 (0x81)
04-11 11:45:48.666 3631-4166/? I/BrcmNci:                                Frequency : 1 (0x01)
04-11 11:45:48.666 3631-4166/? D/BrcmNci: Raw NCI Packet:
04-11 11:45:48.666 3631-4166/? D/BrcmNci: 0000: 21 03 05 02 80 01 81 01                         !.......
04-11 11:45:48.666 3631-4166/? I/BrcmNci: --
04-11 11:45:48.666 3631-4166/? D/USERIAL_LINUX: USERIAL_Write: (9 bytes)
04-11 11:45:48.666 3631-4166/? D/USERIAL_LINUX: doWriteDelay() delay 2 ms
04-11 11:45:48.671 3631-4166/? D/USERIAL_LINUX: USERIAL_Write len = 9, ret = 9
04-11 11:45:48.676 3631-4190/? D/USERIAL_LINUX: my_read: return 5(0x5) bytes, errno=22 count=280, n=1, timeout=-1
04-11 11:45:48.676 3631-4190/? D/USERIAL_LINUX: userial_read_thread(): enqueued p_buf=0xa1206260, count=1, length=5
04-11 11:45:48.676 3631-4190/? D/USERIAL_LINUX: my_read: enter, pbuf=a1206cf4, len = 280
04-11 11:45:48.676 3631-4166/? I/BrcmNci: --
04-11 11:45:48.676 3631-4166/? I/BrcmNci: RECV NCI  Type:RSP   Name: RF_DISCOVER(0x3)   PBF:No/Last   Param Len: 1/1 f:0x0
04-11 11:45:48.676 3631-4166/? I/BrcmNci:                                   Status : OK (0x00)
04-11 11:45:48.676 3631-4166/? D/BrcmNci: Raw NCI Packet:
04-11 11:45:48.676 3631-4166/? D/BrcmNci: 0000: 41 03 01 00                                     A...
04-11 11:45:48.676 3631-4166/? I/BrcmNci: --
04-11 11:45:48.676 3631-4166/? I/NfcNciHal: nfc_hal_nci_preproc_rx_nci_msg()
04-11 11:45:48.676 3631-4166/? I/NfcNciHal: nfc_hal_dm_power_mode_execute () event = 1
04-11 11:45:48.676 3631-4166/? D/NfcNciHal: BroadcomHalDataCallback: enter; len=4
04-11 11:45:48.676 3176-3358/? D/lights: lcd : 96 -
04-11 11:45:48.676 3176-3355/? D/lights: button : 1 +
04-11 11:45:48.676 3631-4165/? D/NfcNciHal: HaiWrite: enter; len=4
04-11 11:45:48.676 3631-4165/? I/NfcNciHal: HAL_NfcWrite ()
04-11 11:45:48.676 3631-4165/? D/NfcNciHal: HaiWrite: exit 0
04-11 11:45:48.676 3631-4166/? I/NfcNciHal: nfc_hal_main_send_message() ls:0x10
04-11 11:45:48.676 3631-4166/? I/NfcNciHal: nfc_hal_dm_power_mode_execute () event = 0
04-11 11:45:48.676 3631-4166/? I/NfcNciHal: p_buf->len: 4
04-11 11:45:48.676 3631-4166/? I/BrcmNci: --
04-11 11:45:48.676 3631-4166/? I/BrcmNci: SENT NCI  Type:CMD   Name: RF_DEACTIVATE(0x6)   PBF:No/Last   Param Len: 1/1 f:0x0
04-11 11:45:48.676 3631-4166/? I/BrcmNci:                         De-Activate Type : Idle Mode (0/0x00)
04-11 11:45:48.676 3631-4166/? D/BrcmNci: Raw NCI Packet:
04-11 11:45:48.676 3631-4166/? D/BrcmNci: 0000: 21 06 01 00                                     !...
04-11 11:45:48.676 3631-4166/? I/BrcmNci: --
04-11 11:45:48.676 3631-4166/? D/USERIAL_LINUX: USERIAL_Write: (5 bytes)
04-11 11:45:48.676 3631-4166/? D/USERIAL_LINUX: doWriteDelay() delay 1 ms
04-11 11:45:48.676 3631-4166/? D/USERIAL_LINUX: USERIAL_Write len = 5, ret = 5
04-11 11:45:48.676 3176-3267/? D/DisplayPowerController: getFinalBrightness : 96 -> 96
04-11 11:45:48.676 3176-3267/? D/DisplayPowerController: animation target = 96, rate=500 (PSM:false, AB limit:(-1 ~ -1) MB Limit:(-1 ~ -1) MAdj:(0, (0, 255)))
04-11 11:45:48.676 3176-3267/? D/PowerManagerService: [s] DisplayPowerCallbacks : onStateChanged()
04-11 11:45:48.676 3176-3267/? D/PowerManagerService: SecHardwareInterface.setBatteryADC : true
04-11 11:45:48.676 3176-3267/? D/PowerManagerService: [input device light] setInputDeviceLightOn is called : 1
04-11 11:45:48.676 3176-3355/? D/PowerManagerService: [input device light] handleInputDeviceLightOn
04-11 11:45:48.681 3631-4190/? D/USERIAL_LINUX: my_read: return 5(0x5) bytes, errno=22 count=280, n=1, timeout=-1
04-11 11:45:48.681 3631-4190/? D/USERIAL_LINUX: userial_read_thread(): enqueued p_buf=0xa1206cec, count=1, length=5
04-11 11:45:48.681 3631-4190/? D/USERIAL_LINUX: my_read: enter, pbuf=a1206970, len = 280
04-11 11:45:48.681 3631-4166/? I/BrcmNci: --
04-11 11:45:48.681 3631-4166/? I/BrcmNci: RECV NCI  Type:RSP   Name: RF_DEACTIVATE(0x6)   PBF:No/Last   Param Len: 1/1 f:0x0
04-11 11:45:48.681 3631-4166/? I/BrcmNci:                                   Status : OK (0x00)
04-11 11:45:48.681 3631-4166/? D/BrcmNci: Raw NCI Packet:
04-11 11:45:48.681 3631-4166/? D/BrcmNci: 0000: 41 06 01 00                                     A...
04-11 11:45:48.681 3631-4166/? I/BrcmNci: --
04-11 11:45:48.681 23594-23594/? I/sCloudBackupApp: sCloudBackupApp Version Info : 3.14.4.KK_APP
04-11 11:45:48.681 3631-4166/? I/NfcNciHal: nfc_hal_nci_preproc_rx_nci_msg()
04-11 11:45:48.681 3631-4166/? I/NfcNciHal: nfc_hal_dm_power_mode_execute () event = 1
04-11 11:45:48.681 3631-4166/? D/NfcNciHal: BroadcomHalDataCallback: enter; len=4
04-11 11:45:48.681 23594-23594/? I/SCloudBackupReceiver: Other Intent
04-11 11:45:48.686 3631-4165/? D/NfcNciHal: HaiPreDiscover: enter
04-11 11:45:48.686 3631-4165/? I/NfcNciHal: HAL_NfcPreDiscover ()
04-11 11:45:48.686 3631-4165/? I/NfcNciHal: HAL_NfcPreDiscover status:0
04-11 11:45:48.686 3631-4165/? D/NfcNciHal: HaiPreDiscover: exit 0
04-11 11:45:48.686 3631-4165/? D/NfcNciHal: HaiWrite: enter; len=8
04-11 11:45:48.686 3631-4165/? I/NfcNciHal: HAL_NfcWrite ()
04-11 11:45:48.686 3631-4165/? D/NfcNciHal: HaiWrite: exit 0
04-11 11:45:48.686 23372-23372/? I/KnoxUsageLogPro: KnoxUsageReceiver onReceive :android.intent.action.ACTION_POWER_CONNECTED myUserId=0
04-11 11:45:48.686 3631-4166/? I/NfcNciHal: nfc_hal_main_send_message() ls:0x10
04-11 11:45:48.686 3631-4166/? I/NfcNciHal: nfc_hal_dm_power_mode_execute () event = 0
04-11 11:45:48.686 3631-4166/? I/NfcNciHal: p_buf->len: 8
04-11 11:45:48.686 23372-23372/? I/KnoxUsageLogPro: premStatus:2
04-11 11:45:48.686 3631-4166/? I/BrcmNci: --
04-11 11:45:48.686 3631-4166/? I/BrcmNci: SENT NCI  Type:CMD   Name: RF_DISCOVER(0x3)   PBF:No/Last   Param Len: 5/5 f:0x0
04-11 11:45:48.686 3631-4166/? I/BrcmNci:                        Num Discovery Cfg : 2 (0x02)
04-11 11:45:48.686 3631-4166/? I/BrcmNci:                                 Listen_A : 128 (0x80)
04-11 11:45:48.686 3631-4166/? I/BrcmNci:                                Frequency : 1 (0x01)
04-11 11:45:48.686 3631-4166/? I/BrcmNci:                                 Listen_B : 129 (0x81)
04-11 11:45:48.686 3631-4166/? I/BrcmNci:                                Frequency : 1 (0x01)
04-11 11:45:48.686 3631-4166/? D/BrcmNci: Raw NCI Packet:
04-11 11:45:48.686 3631-4166/? D/BrcmNci: 0000: 21 03 05 02 80 01 81 01                         !.......
04-11 11:45:48.686 3631-4166/? I/BrcmNci: --
04-11 11:45:48.686 3631-4166/? D/USERIAL_LINUX: USERIAL_Write: (9 bytes)
04-11 11:45:48.686 3631-4166/? D/USERIAL_LINUX: USERIAL_Write len = 9, ret = 9
04-11 11:45:48.686 23372-23372/? I/KnoxUsageLogPro: isEulaShown : false
04-11 11:45:48.686 23372-23372/? I/KnoxUsageLogPro: KnoxUsageReceiver onReceive : not Processible, just return
04-11 11:45:48.691 3631-4190/? D/USERIAL_LINUX: my_read: return 5(0x5) bytes, errno=22 count=280, n=1, timeout=-1
04-11 11:45:48.691 3631-4190/? D/USERIAL_LINUX: userial_read_thread(): enqueued p_buf=0xa1206968, count=1, length=5
04-11 11:45:48.691 3631-4190/? D/USERIAL_LINUX: my_read: enter, pbuf=a1206010, len = 280
04-11 11:45:48.691 3631-4166/? I/BrcmNci: --
04-11 11:45:48.691 3631-4166/? I/BrcmNci: RECV NCI  Type:RSP   Name: RF_DISCOVER(0x3)   PBF:No/Last   Param Len: 1/1 f:0x0
04-11 11:45:48.691 3631-4166/? I/BrcmNci:                                   Status : OK (0x00)
04-11 11:45:48.691 3631-4166/? D/BrcmNci: Raw NCI Packet:
04-11 11:45:48.691 3631-4166/? D/BrcmNci: 0000: 41 03 01 00                                     A...
04-11 11:45:48.691 3631-4166/? I/BrcmNci: --
04-11 11:45:48.691 3631-4166/? I/NfcNciHal: nfc_hal_nci_preproc_rx_nci_msg()
04-11 11:45:48.691 3631-4166/? I/NfcNciHal: nfc_hal_dm_power_mode_execute () event = 1
04-11 11:45:48.691 3631-4166/? D/NfcNciHal: BroadcomHalDataCallback: enter; len=4
04-11 11:45:48.691 3631-7063/? D/NfcService: index : 0
04-11 11:45:48.691 3631-7063/? D/NfcService: index : 1
04-11 11:45:48.691 3631-7063/? D/NfcService: index : 2
04-11 11:45:48.701 3948-3948/? D/accuweather: [Accuweather J]>>> SWW:67 [0:0] =============== BR act = androidintentactionSCREEN_ON
04-11 11:45:48.701 3948-3948/? D/accuweather: [Accuweather J]>>> SWW:70 [0:0] =============== androidintentactionSCREEN_ON instance : [0]1
04-11 11:45:48.701 3176-3193/? D/ActivityManager: startService callerProcessName:com.google.android.apps.plus, calleePkgName: com.google.android.apps.plus
04-11 11:45:48.711 3176-3355/? D/lights: button : 1 -
04-11 11:45:48.711 3929-3929/? I/SamsungIME: getNextShiftState() cursorCapsMode : 0
04-11 11:45:48.721 3176-3300/? V/AlarmManager: waitForAlarm result :8
04-11 11:45:48.736 3395-3395/? D/DateView: regionalDateFormat = 22/11/3333 isRTLlanguage = false returnDateFormat = E, d MMMM
04-11 11:45:48.746 3176-3193/? D/ActivityManager: startService callerProcessName:com.google.android.apps.plus, calleePkgName: com.google.android.apps.plus
04-11 11:45:48.751 3395-3395/? D/DateView: regionalDateFormat = 22/11/3333 isRTLlanguage = false returnDateFormat = E, d MMMM
04-11 11:45:48.761 3176-3669/? D/ActivityManager: bindService callerProcessName:com.google.android.apps.plus, calleePkgName: com.google.android.apps.plus, action: null
04-11 11:45:48.766 3176-3786/? D/ActivityManager: startService callerProcessName:com.google.android.apps.plus, calleePkgName: com.google.android.apps.plus
04-11 11:45:48.771 3176-3662/? D/ActivityManager: startProcessLocked calleePkgName: com.opera.mini.android, hostingType: broadcast
04-11 11:45:48.771 3176-3662/? E/ActivityManager: checkUser: useridlist=null, currentuser=0
04-11 11:45:48.771 3176-3662/? E/ActivityManager: checkUser: useridlist=null, currentuser=0
04-11 11:45:48.771 3176-3662/? E/ActivityManager: checkUser: useridlist=null, currentuser=0
04-11 11:45:48.771 3176-3662/? E/ActivityManager: checkUser: useridlist=null, currentuser=0
04-11 11:45:48.791 3631-4166/? I/NfcNciHal: nci_brcm_lp_timeout_cback ()
04-11 11:45:48.791 3631-4166/? I/NfcNciHal: nfc_hal_dm_power_mode_execute () event = 2
04-11 11:45:48.791 3631-4166/? I/NfcNciHal: nfc_hal_dm_set_nfc_wake () DEASSERT
04-11 11:45:48.791 3631-4166/? D/USERIAL_LINUX: UPIO_Set: ioctl, state=1
04-11 11:45:48.791 23617-23617/? E/Zygote: MountEmulatedStorage()
04-11 11:45:48.791 23617-23617/? E/Zygote: v2
04-11 11:45:48.791 23617-23617/? I/libpersona: KNOX_SDCARD checking this for 10200
04-11 11:45:48.791 23617-23617/? I/libpersona: KNOX_SDCARD not a persona
04-11 11:45:48.796 23617-23617/? I/SELinux: Function: selinux_compare_spd_ram, SPD-policy is existed. and_ver=SEPF_GT-I9500_4.4.2 ver=40
04-11 11:45:48.796 23617-23617/? I/SELinux: Function: selinux_compare_spd_ram , priority [2] , priority version is VE=SEPF_GT-I9500_5.0.1-1_0032
04-11 11:45:48.796 23617-23617/? E/SELinux: [DEBUG] get_category: variable seinfo: default sensitivity: NULL, cateogry: NULL
04-11 11:45:48.796 3176-3662/? I/ActivityManager: Start proc com.opera.mini.android for broadcast com.opera.mini.android/.PowerConnectedReceiver: pid=23617 uid=10200 gids={50200, 9997, 3003, 1028, 1015} abi=armeabi
04-11 11:45:48.806 3395-3395/? D/KeyguardEffectViewController: onReceive action : android.intent.action.TIME_TICK
04-11 11:45:48.806 3395-3395/? I/KeyguardEffectViewController: *** don't update sliding image ***
04-11 11:45:48.851 23617-23617/? D/ResourcesManager: creating new AssetManager and set to /data/app/com.opera.mini.android-1.apk
04-11 11:45:48.851 3176-5049/? D/SSRM:a: DeviceInfo:: 001100000000
04-11 11:45:48.851 3176-5049/? D/SSRM:a: SettingsAirViewInfo:: 000000000
04-11 11:45:48.856 3176-5049/? D/ConnectivityService: returning getNetworkInfo(networkType - 1) :[type: WIFI[] - WIFI, state: DISCONNECTED/DISCONNECTED, reason: (unspecified), extra: (none), roaming: false, failover: false, isAvailable: true, isConnectedToProvisioningNetwork: false]
04-11 11:45:48.861 4902-4902/? D/com.samsung.app: [MSC]>>>News_Daemon(E) DR:43 [0:0] onReceive() action : androidintentactionSCREEN_ON
04-11 11:45:48.861 3176-5049/? D/SSRM:n: SIOP:: AP = 190, CUR = 460
04-11 11:45:48.866 3176-5049/? D/ConnectivityService: returning getNetworkInfo(networkType - 1) :[type: WIFI[] - WIFI, state: DISCONNECTED/DISCONNECTED, reason: (unspecified), extra: (none), roaming: false, failover: false, isAvailable: true, isConnectedToProvisioningNetwork: false]
04-11 11:45:48.876 4902-4902/? D/com.samsung.app: [MSC]>>>News_Daemon(E) U:845 [0:0] isWidgetEnable : 0
04-11 11:45:48.876 4902-4902/? D/com.samsung.app: [MSC]>>>News_Daemon(E) DR:57 [0:0] Widget check WidgetProcessCheck - false
04-11 11:45:48.876 4902-4902/? D/com.samsung.app: [MSC]>>>News_Daemon(E) DR:58 [0:0] Widget check WidgetEnableCheck - false
04-11 11:45:48.876 4902-4902/? W/com.samsung.app: [MSC]>>>News_Daemon(E) U:95 [0:0]  ::::::::: Available Internal MemorySize ::::::::: = 6846852k
04-11 11:45:48.881 4902-4902/? D/com.samsung.app: [MSC]>>>News_Daemon(E) DR:107 [0:0] checkPackageNameList is [comsamsungandroidwidgetappbriefing4x2]
04-11 11:45:48.886 4902-4902/? I/com.samsung.app: [MSC]>>>News_Daemon(E) DR:110 [0:0] serviceStatus = 1 checkPackageNameList = 1
04-11 11:45:48.886 4902-4902/? D/com.samsung.app: [MSC]>>>News_Daemon(E) DR:145 [0:0] [CARS][AUTOREFRESHKEY] --> 0
04-11 11:45:48.886 4902-4902/? D/com.samsung.app: [MSC]>>>News_Daemon(E) DR:146 [0:0] [CARS][NRT] = 0
04-11 11:45:48.886 4902-4902/? D/com.samsung.app: [MSC]>>>News_Daemon(E) DR:147 [0:0] [CARS][DT] = 1460396748890
04-11 11:45:48.891 4902-4902/? D/comdaemonstockapp: [Daemon_Stock]>>> DaemonService.java:46 [0:0] action : androidintentactionSCREEN_ON
04-11 11:45:48.896 3395-3395/? D/LensFlare: playUnlockAffordance
04-11 11:45:48.901 6560-6560/? D/QuickConnect[1.9.3072379][10]: PreDiscoveryHelper.setVisibilityFromSystemDb - --
04-11 11:45:48.901 6560-6560/? D/QuickConnect[1.9.3072379][10]: PreDiscoveryHelper.setVisibilityFromSystemDb - isAllowToConnect : false, isContactOnly : true, visibilitySetting : OFF
04-11 11:45:48.901 6560-6560/? D/QuickConnect[1.9.3072379][10]: PreDiscoveryHelper.changeResponseSetting - changed: OFF
04-11 11:45:48.901 6560-6560/? V/QuickConnect[1.9.3072379][10]: PreDiscoveryHelper.updateAdvData - 
04-11 11:45:48.901 6560-6560/? V/QuickConnect[1.9.3072379][10]: PreDiscoveryHelper.updateRespTarget - 
04-11 11:45:48.906 6560-6560/? D/QuickConnect[1.9.3072379][10]: BleHelper.mBroadcastReceiver - SCREEN_ON when user = 0
04-11 11:45:48.911 6560-6560/? D/QuickConnect[1.9.3072379][10]: BleHelper.startScan - "0".equals([0]) && [0] != BluetoothActionHelper.STATE_BT_WORKING then ([false]||[false])
04-11 11:45:48.911 6560-6560/? E/QuickConnect[1.9.3072379][10]: BleHelper.startScan - not startLeScan() but lowerPeriphService()
04-11 11:45:48.911 6560-6560/? E/QuickConnect[1.9.3072379][10]: PeriphServiceUtil.lowerPeriphService - dont this until LE_AUTO_ENABLE feature
04-11 11:45:48.911 3176-3300/? V/AlarmManager: waitForAlarm result :8
04-11 11:45:48.916 3176-3354/? D/PowerManagerService: [PWL] sb release: PowerManagerService.Broadcasts
04-11 11:45:48.926 3176-3300/? V/AlarmManager: waitForAlarm result :4
04-11 11:45:48.956 23617-23617/? W/GAV2: Thread[main,5,main]: Need to call initialize() and be in fallback mode to start dispatch.
04-11 11:45:48.956 3176-3300/? V/AlarmManager: waitForAlarm result :8
04-11 11:45:48.966 3176-23636/? I/BatteryStatsDumper: In refreshStats isReason Screen ON/OFF: true
04-11 11:45:48.971 3176-3300/? V/AlarmManager: waitForAlarm result :4
04-11 11:45:49.021 5930-5930/? I/iu.Environment: update battery state; isPlugged? true*
04-11 11:45:49.026 2576-2848/? D/Sensorhubs: readContextData: 1, 1, 14, 0
04-11 11:45:49.026 3176-3669/? D/ActivityManager: startService callerProcessName:com.google.android.gms, calleePkgName: com.google.android.gms
04-11 11:45:49.031 3176-3302/? D/SensorHubManager: onGetSensorHubDataLocked: library(4) = 1, 1, 14, 0
04-11 11:45:49.031 3176-3176/? D/CAE: onGetSensorHubData(SensorHubParserProvider.java:87) - onGetSensorHubData Event [event buffer len :4], AP_WAKEUP
04-11 11:45:49.031 3176-3176/? I/CAE: parse(SensorHubParserProvider.java:166) - buffer size = 4
04-11 11:45:49.031 3176-3176/? I/CAE: parse(SensorHubParserProvider.java:177) - 1, 1, 14, 0,
04-11 11:45:49.031 3176-3176/? D/CAE: display(ContextProvider.java:365) - ================= FLIP_COVER_ACTION =================
04-11 11:45:49.031 3176-3176/? I/CAE: display(ContextProvider.java:381) - Action=[0]
04-11 11:45:49.031 3176-3176/? D/SContextService: updateSContext() : event = Flip Cover Action
04-11 11:45:49.031 3176-3176/? D/InputReader: setFlipCoverTouchEnabled/clearCoverOpen/adjustTouch: 1,1, 0
04-11 11:45:49.031 3176-3176/? D/MotionRecognitionService: [ FLIP_COVER_ACTION_OPEN ]
04-11 11:45:49.031 3176-3176/? D/MotionRecognitionService: setFlipCoverTouchEnabled to true
04-11 11:45:49.036 4107-4107/? E/NetworkScheduler.SchedulerReceiver: Invalid parameter app
