04-11 11:19:55.765 3176-3267/? D/DisplayPowerController: getFinalBrightness : 0 -> 0
04-11 11:19:55.765 3176-3267/? D/DisplayPowerController: animation target = 0, rate=0 (PSM:false, AB limit:(-1 ~ -1) MB Limit:(-1 ~ -1) MAdj:(0, (0, 255)))
04-11 11:19:55.765 3176-3267/? D/DisplayPowerController: getFinalBrightness : 0 -> 0
04-11 11:19:55.765 3176-3267/? D/DisplayPowerController: animation target = 0, rate=0 (PSM:false, AB limit:(-1 ~ -1) MB Limit:(-1 ~ -1) MAdj:(0, (0, 255)))
04-11 11:19:55.765 3176-3265/? I/DisplayManagerService: Display device changed: DisplayDeviceInfo{"Built-in Screen": 1080 x 1920, 60.000004 fps, supportedRefreshRates [60.000004], density 480, 442.451 x 443.345 dpi, appVsyncOff 0, presDeadline 17666666, touch INTERNAL, rotation 0, type BUILT_IN, state OFF, FLAG_DEFAULT_DISPLAY, FLAG_ROTATES_WITH_CONTENT, FLAG_SECURE, FLAG_SUPPORTS_PROTECTED_BUFFERS}
04-11 11:19:55.765 3176-3176/? V/ActivityManager: Display changed displayId=0
04-11 11:19:55.765 3176-3267/? D/DisplayPowerController: getFinalBrightness : 0 -> 0
04-11 11:19:55.765 3176-3267/? D/DisplayPowerController: animation target = 0, rate=0 (PSM:false, AB limit:(-1 ~ -1) MB Limit:(-1 ~ -1) MAdj:(0, (0, 255)))
04-11 11:19:55.765 3176-3267/? D/PowerManagerService: [s] DisplayPowerCallbacks : onStateChanged()
04-11 11:19:55.770 2563-2563/? D/SurfaceFlinger: Set power mode=0, type=0 flinger=0xb6962000
04-11 11:19:55.770 2563-2563/? I/hwcomposer: int exynos5_blank(hwc_composer_device_1*, int, int):: disp(0), blank(1)
04-11 11:19:55.770 3176-3357/? D/SensorManager: unregisterListener ::   
04-11 11:19:55.770 3176-3267/? D/PowerManagerService: [PWL] sb release: PowerManagerService.Display
04-11 11:19:55.965 3176-3359/? D/SurfaceControl: Excessive delay in setPowerMode(): 200ms
04-11 11:19:55.965 3176-3359/? D/MISCPowerHAL: sysfs_write +: /sys/class/power_supply/battery/lcd: 0
04-11 11:19:55.965 3176-3359/? D/MISCPowerHAL: sysfs_write -: /sys/class/power_supply/battery/lcd: 0
04-11 11:19:55.965 3176-3359/? D/PowerManagerService: !@[s] blankAllDisplays() : blankAllDisplaysFromPowerManage
04-11 11:19:55.970 3176-23230/? I/BatteryStatsDumper: Writing to database completed
04-11 11:19:55.970 3176-3267/? I/PowerManagerService: [PWL] Off : 0s ago
04-11 11:19:55.970 3176-3267/? I/PowerManagerService: [PWL]   PowerManagerService.WakeLocks: ref count=1
04-11 11:19:55.970 3176-3267/? I/PowerManagerService: [PWL]     mWakeLockSummary : 0x1
04-11 11:19:55.970 3176-3267/? I/PowerManagerService: [PWL]       PARTIAL_WAKE_LOCK              'SmartManager Framework Thread' (uid=1000, pid=3176, ws=null) (elapsedTime=282)
04-11 11:19:55.970 3176-3359/? D/PowerManagerService: Excessive delay in mPhotonicModulator.requestDisplayState(mRequestingState): 204ms
04-11 11:19:58.225 3395-3395/? D/StatusBar.NetworkController: onSignalStrengthsChanged signalStrength=SignalStrength: 20 99 -20 -200 -20 -200 -1 99 2147483647 2147483647 2147483647 -1 2147483647 0x4 gsm|lte level=4
04-11 11:19:58.225 3395-3395/? D/StatusBar.NetworkController: updateTelephonySignalStrength: hasService=true ss=SignalStrength: 20 99 -20 -200 -20 -200 -1 99 2147483647 2147483647 2147483647 -1 2147483647 0x4 gsm|lte
04-11 11:19:58.230 3395-3395/? D/StatusBar.NetworkController: updateTelephonySignalStrength: iconLevel=4
04-11 11:19:58.230 3395-3395/? D/StatusBar.NetworkController: updateTelephonySignalStrength, No signal level. mPhoneSignalIconId = com.android.systemui:drawable/stat_sys_signal_4_auto_rotate mDataSignalIconId = com.android.systemui:drawable/stat_sys_signal_4_auto_rotate mQSPhoneSignalIconId = com.android.systemui:drawable/ic_qs_signal_4 mContentDescriptionPhoneSignal = Phone signal full.
04-11 11:19:58.240 3395-3395/? D/StatusBar.NetworkController: Nothing, mRoamingIconId = 0
04-11 11:19:58.240 3395-3395/? D/StatusBar.NetworkController: refreshViews connected={ } level=4 combinedSignalIconId=0x7f0204b5/com.android.systemui:drawable/stat_sys_signal_4_auto_rotate mobileLabel=Emergency calls only wifiLabel= emergencyOnly=true combinedLabel=No Internet connection mAirplaneMode=false mDataActivity=0 mPhoneSignalIconId=0x7f0204b5/com.android.systemui:drawable/stat_sys_signal_4_auto_rotate mQSPhoneSignalIconId=0x7f02012a/com.android.systemui:drawable/ic_qs_signal_4 mDataDirectionIconId=0x0/(null) mDataSignalIconId=0x7f0204b5/com.android.systemui:drawable/stat_sys_signal_4_auto_rotate mDataTypeIconId=0x0/(null) mQSDataTypeIconId=0x0/(null) mNoSimIconId=0x0/(null) mWifiIconId=0x0/(null) mQSWifiIconId=0x0/(null) mWifiActivityIconId=0x0/(null) mBluetoothTetherIconId=0x10808cc/android:drawable/stat_sys_tether_bluetooth
04-11 11:19:58.245 3395-3395/? D/STATUSBAR-WifiQuickSettingButton: onWifiSignalChanged enabled=false enabledDesc:null
04-11 11:19:59.995 3176-3300/? V/AlarmManager: waitForAlarm result :8
04-11 11:20:00.485 3395-3395/? W/KeyguardSecurityViewFlipper: onMeasure: widthSpec MeasureSpec: EXACTLY 1080 should be AT_MOST
04-11 11:20:00.485 3395-3395/? W/KeyguardSecurityViewFlipper: onMeasure: heightSpec MeasureSpec: EXACTLY 1845 should be AT_MOST
04-11 11:20:00.975 3176-3267/? I/PowerManagerService: [PWL] Off : 5s ago
04-11 11:20:05.135 3176-3486/? D/BatteryService: !@BatteryListener : batteryPropertiesChanged!
04-11 11:20:05.140 3176-3486/? D/BatteryService: level:100, scale:100, status:5, health:2, present:true, voltage: 4346, temperature: 274, technology: Li-ion, AC powered:false, USB powered:true, Wireless powered:false, icon:17303687, invalid charger:0
04-11 11:20:05.140 3176-3486/? D/BatteryService: online:4, current avg:460, charge type:1, power sharing:false, high voltage charger:false, capacity:280000, current_now:460
04-11 11:20:05.140 3176-3176/? D/BatteryService: Sending ACTION_BATTERY_CHANGED.
04-11 11:20:05.150 3395-3395/? D/KeyguardUpdateMonitor: received broadcast android.intent.action.BATTERY_CHANGED
04-11 11:20:05.150 3176-3253/? D/GpsLocationProvider: receive broadcast intent, action: android.intent.action.BATTERY_CHANGED
04-11 11:20:05.155 3395-3395/? D/KeyguardUpdateMonitor: handleBatteryUpdate
04-11 11:20:05.155 3176-3176/? I/MotionRecognitionService: Plugged
04-11 11:20:05.155 3176-3176/? I/MotionRecognitionService: setPowerConnected  = true
04-11 11:20:05.165 3176-3486/? D/BatteryService: stay LED for fully charged
04-11 11:20:05.165 3395-3395/? D/STATUSBAR-PhoneStatusBar:  mBrightnessEnablebySettings = true mBrightnessEnablebyBattery = true mBrightnessEnablebyDisableFlag = true mPmsBrightnessEnablebySettings = true
04-11 11:20:05.180 4988-4988/? V/HeadsetService: HeadsetService - Received Intent.ACTION_BATTERY_CHANGED
04-11 11:20:05.180 3395-3395/? D/BatteryMeterView: ACTION_BATTERY_CHANGED : level:100 status:5 health:2
04-11 11:20:05.185 4988-5048/? D/HeadsetStateMachine: Disconnected process message: 10
04-11 11:20:05.185 3395-3395/? D/BatteryMeterView: ACTION_BATTERY_CHANGED : level:100 status:5 health:2
04-11 11:20:05.190 3395-3395/? D/BatteryMeterView: ACTION_BATTERY_CHANGED : level:100 status:5 health:2
04-11 11:20:05.415 3176-3300/? V/AlarmManager: waitForAlarm result :8
04-11 11:20:05.590 3176-5049/? D/SSRM:n: SIOP:: AP = 260, CUR = 460
04-11 11:20:08.420 3176-3300/? V/AlarmManager: waitForAlarm result :8
04-11 11:20:10.985 3176-3267/? I/PowerManagerService: [PWL] Off : 15s ago
04-11 11:20:15.160 3176-3783/? D/BatteryService: !@BatteryListener : batteryPropertiesChanged!
04-11 11:20:15.160 3176-3783/? D/BatteryService: level:100, scale:100, status:5, health:2, present:true, voltage: 4350, temperature: 274, technology: Li-ion, AC powered:false, USB powered:true, Wireless powered:false, icon:17303687, invalid charger:0
04-11 11:20:15.165 3176-3783/? D/BatteryService: online:4, current avg:460, charge type:1, power sharing:false, high voltage charger:false, capacity:280000, current_now:460
04-11 11:20:15.165 3176-3176/? D/BatteryService: Sending ACTION_BATTERY_CHANGED.
04-11 11:20:15.175 3176-3253/? D/GpsLocationProvider: receive broadcast intent, action: android.intent.action.BATTERY_CHANGED
04-11 11:20:15.175 3395-3395/? D/KeyguardUpdateMonitor: received broadcast android.intent.action.BATTERY_CHANGED
04-11 11:20:15.180 3395-3395/? D/KeyguardUpdateMonitor: handleBatteryUpdate
04-11 11:20:15.180 3176-3176/? I/MotionRecognitionService: Plugged
04-11 11:20:15.180 3176-3176/? I/MotionRecognitionService: setPowerConnected  = true
04-11 11:20:15.185 3176-3783/? D/BatteryService: stay LED for fully charged
04-11 11:20:15.195 3395-3395/? D/STATUSBAR-PhoneStatusBar:  mBrightnessEnablebySettings = true mBrightnessEnablebyBattery = true mBrightnessEnablebyDisableFlag = true mPmsBrightnessEnablebySettings = true
04-11 11:20:15.200 3395-3395/? D/BatteryMeterView: ACTION_BATTERY_CHANGED : level:100 status:5 health:2
04-11 11:20:15.205 4988-4988/? V/HeadsetService: HeadsetService - Received Intent.ACTION_BATTERY_CHANGED
04-11 11:20:15.205 4988-5048/? D/HeadsetStateMachine: Disconnected process message: 10
04-11 11:20:15.210 3395-3395/? D/BatteryMeterView: ACTION_BATTERY_CHANGED : level:100 status:5 health:2
04-11 11:20:15.210 3395-3395/? D/BatteryMeterView: ACTION_BATTERY_CHANGED : level:100 status:5 health:2
04-11 11:20:15.245 3176-3534/? E/Watchdog: !@Sync 79
04-11 11:20:15.600 3176-5049/? D/SSRM:n: SIOP:: AP = 250, CUR = 460
04-11 11:20:25.185 3176-3193/? D/BatteryService: !@BatteryListener : batteryPropertiesChanged!
04-11 11:20:25.185 3176-3193/? D/BatteryService: level:100, scale:100, status:5, health:2, present:true, voltage: 4347, temperature: 274, technology: Li-ion, AC powered:false, USB powered:true, Wireless powered:false, icon:17303687, invalid charger:0
04-11 11:20:25.190 3176-3193/? D/BatteryService: online:4, current avg:460, charge type:1, power sharing:false, high voltage charger:false, capacity:280000, current_now:460
04-11 11:20:25.190 3176-3176/? D/BatteryService: Sending ACTION_BATTERY_CHANGED.
04-11 11:20:25.195 3176-3253/? D/GpsLocationProvider: receive broadcast intent, action: android.intent.action.BATTERY_CHANGED
04-11 11:20:25.200 3395-3395/? D/KeyguardUpdateMonitor: received broadcast android.intent.action.BATTERY_CHANGED
04-11 11:20:25.200 3395-3395/? D/KeyguardUpdateMonitor: handleBatteryUpdate
04-11 11:20:25.205 3176-3176/? I/MotionRecognitionService: Plugged
04-11 11:20:25.205 3176-3176/? I/MotionRecognitionService: setPowerConnected  = true
04-11 11:20:25.205 3176-3193/? D/BatteryService: stay LED for fully charged
04-11 11:20:25.215 3395-3395/? D/STATUSBAR-PhoneStatusBar:  mBrightnessEnablebySettings = true mBrightnessEnablebyBattery = true mBrightnessEnablebyDisableFlag = true mPmsBrightnessEnablebySettings = true
04-11 11:20:25.225 3395-3395/? D/BatteryMeterView: ACTION_BATTERY_CHANGED : level:100 status:5 health:2
04-11 11:20:25.230 4988-4988/? V/HeadsetService: HeadsetService - Received Intent.ACTION_BATTERY_CHANGED
04-11 11:20:25.230 4988-5048/? D/HeadsetStateMachine: Disconnected process message: 10
04-11 11:20:25.240 3395-3395/? D/BatteryMeterView: ACTION_BATTERY_CHANGED : level:100 status:5 health:2
04-11 11:20:25.245 3395-3395/? D/BatteryMeterView: ACTION_BATTERY_CHANGED : level:100 status:5 health:2
04-11 11:20:25.615 3176-5049/? D/SSRM:n: SIOP:: AP = 250, CUR = 460
04-11 11:20:25.990 3176-3267/? I/PowerManagerService: [PWL] Off : 30s ago
04-11 11:20:35.210 3176-3486/? D/BatteryService: !@BatteryListener : batteryPropertiesChanged!
04-11 11:20:35.625 3176-5049/? D/SSRM:n: SIOP:: AP = 250, CUR = 460
04-11 11:20:40.375 2552-2568/? D/DataRouter: After the usb select
04-11 11:20:40.375 2552-2568/? D/DataRouter: read length is zero
04-11 11:20:40.375 2552-2568/? D/DataRouter: dr_usb_deinit
04-11 11:20:40.375 2552-2568/? D/DataRouter: dr_usb_init
04-11 11:20:40.375 2552-2568/? E/DataRouter: USB Interface is open with 0x8
04-11 11:20:40.375 2552-2568/? D/DataRouter: USB interface is now configured for usb_fd = 0x8
04-11 11:20:40.390 9664-9741/? E/MTPRx: state from USB_STATE event DISCONNECTED
04-11 11:20:40.390 3176-3294/? V/UsbDeviceManager: USB UEVENT: {USB_STATE=DISCONNECTED, SUBSYSTEM=android_usb, SEQNUM=2850, ACTION=change, DEVPATH=/devices/virtual/android_usb/android0}
04-11 11:20:40.410 9664-9741/? E/MTPRx: stop observing and calling usbRemoved 
04-11 11:20:40.410 9664-9664/? W/MTPRx: notification from stack 21
04-11 11:20:40.410 9664-9664/? E/MTPRx: Read Error Came false
04-11 11:20:40.410 9664-9664/? E/MTPRx: Read Error Came so calling usbRemoved()
04-11 11:20:40.410 9664-9664/? W/MTPRx: MTP_RUNNING_STATUS = 1
04-11 11:20:40.410 9664-9664/? E/MTPRx:  sendbooster is false!
04-11 11:20:40.410 9664-9664/? E/MTPRx: In usbRemoved Status bar enabled
04-11 11:20:40.415 9664-9664/? W/ContextImpl: Calling a method in the system process without a qualified user: android.app.ContextImpl.sendBroadcast:1699 android.content.ContextWrapper.sendBroadcast:391 android.content.ContextWrapper.sendBroadcast:391 com.samsung.android.MtpApplication.MtpReceiver.usbRemoved:811 com.samsung.android.MtpApplication.MtpReceiver.access$200:92 
04-11 11:20:40.425 9664-9664/? E/MTPRx: Sending Broadcast
04-11 11:20:40.425 3176-6087/? D/SettingsProvider: name = mtp_usb_conditions_met
04-11 11:20:40.430 3176-3288/? D/SettingsProvider: name = mtp_running_status
04-11 11:20:40.440 9664-9741/? W/MTPRx: MTP_RUNNING_STATUS = 1
04-11 11:20:40.440 9664-9741/? E/MTPRx:  sendbooster is false!
04-11 11:20:40.440 9664-9741/? E/MTPRx: In usbRemoved Status bar enabled
04-11 11:20:40.445 9664-9741/? W/ContextImpl: Calling a method in the system process without a qualified user: android.app.ContextImpl.sendBroadcast:1699 android.content.ContextWrapper.sendBroadcast:391 android.content.ContextWrapper.sendBroadcast:391 com.samsung.android.MtpApplication.MtpReceiver.usbRemoved:811 com.samsung.android.MtpApplication.MtpReceiver.access$200:92 
04-11 11:20:40.450 9664-9741/? E/MTPRx: Sending Broadcast
04-11 11:20:40.450 3176-3191/? D/SettingsProvider: name = mtp_usb_conditions_met
04-11 11:20:40.455 3176-3662/? D/SettingsProvider: name = mtp_running_status
04-11 11:20:40.460 3176-3786/? D/SettingsProvider: name = mtp_usb_connection_status
04-11 11:20:40.465 3176-3785/? D/SettingsProvider: name = mtp_drive_display
04-11 11:20:40.465 3176-3670/? D/SettingsProvider: name = mtp_sync_alive
04-11 11:20:40.470 3176-3193/? D/SettingsProvider: name = sdcard_launch
04-11 11:20:40.470 3176-3669/? D/SettingsProvider: name = mtp_open_session
04-11 11:20:40.470 9664-9741/? W/ContextImpl: Calling a method in the system process without a qualified user: android.app.ContextImpl.stopService:2070 android.content.ContextWrapper.stopService:538 android.content.ContextWrapper.stopService:538 com.samsung.android.MtpApplication.MtpReceiver.usbRemoved:821 com.samsung.android.MtpApplication.MtpReceiver.access$200:92 
04-11 11:20:40.485 3176-3783/? D/SettingsProvider: name = mtp_usb_connection_status
04-11 11:20:40.485 3176-3191/? D/SettingsProvider: name = mtp_drive_display
04-11 11:20:40.490 3176-3784/? D/SettingsProvider: name = mtp_sync_alive
04-11 11:20:40.490 3176-3662/? D/SettingsProvider: name = sdcard_launch
04-11 11:20:40.490 3176-3486/? D/SettingsProvider: name = mtp_open_session
04-11 11:20:40.490 9664-9664/? W/ContextImpl: Calling a method in the system process without a qualified user: android.app.ContextImpl.stopService:2070 android.content.ContextWrapper.stopService:538 android.content.ContextWrapper.stopService:538 com.samsung.android.MtpApplication.MtpReceiver.usbRemoved:821 com.samsung.android.MtpApplication.MtpReceiver.access$200:92 
04-11 11:20:40.505 6532-6532/? D/MediaScannerReceiver: action: android.intent.action.MTP_FILE_SCAN
04-11 11:20:40.515 3176-3670/? D/ActivityManager: startService callerProcessName:com.android.providers.downloads, calleePkgName: com.android.providers.media
04-11 11:20:40.530 9664-9664/? E/MtpService: onDestroy.
04-11 11:20:40.540 9664-9664/? E/MtpService: Unregister Mtp disable Receiver
04-11 11:20:40.540 9664-9664/? E/MtpService: Receiver not registered: com.samsung.android.MtpApplication.MtpService$1@1313400a
04-11 11:20:40.540 9664-9664/? E/MtpService: Unregister mtpEmergencyReceiver
04-11 11:20:40.540 9664-9664/? E/MtpService: Receiver not registered: com.samsung.android.MtpApplication.MtpService$2@e71807b
04-11 11:20:40.540 9664-9664/? E/MtpService: unregistering mtpMediaReceiver in UnregisterAllIntent
04-11 11:20:40.540 9664-9664/? E/MtpService: Receiver not registered: com.samsung.android.MtpApplication.MtpService$3@2131875
04-11 11:20:40.540 9664-9664/? E/MTPJNIInterface: noti = 3
04-11 11:20:40.585 3176-3486/? I/ActivityManager: Process com.samsung.android.MtpApplication (pid 9664)(adj 0) has died(231,527)
04-11 11:20:40.655 6532-6532/? D/MediaScannerReceiver: action: android.intent.action.MTP_FILE_SCAN
04-11 11:20:40.655 6532-23258/? D/MediaScannerService: !@start scanning volume external: [/storage/emulated/0, /storage/extSdCard, /storage/UsbDriveA, /storage/UsbDriveB, /storage/UsbDriveC, /storage/UsbDriveD, /storage/UsbDriveE, /storage/UsbDriveF]
04-11 11:20:40.655 3176-3786/? D/ActivityManager: startService callerProcessName:com.android.providers.downloads, calleePkgName: com.android.providers.media
04-11 11:20:40.665 3176-3257/? D/ActivityManager: startProcessLocked calleePkgName: com.google.android.music, hostingType: broadcast
04-11 11:20:40.665 3176-3257/? E/ActivityManager: checkUser: useridlist=null, currentuser=0
04-11 11:20:40.665 3176-3257/? E/ActivityManager: checkUser: useridlist=null, currentuser=0
04-11 11:20:40.665 3176-3257/? E/ActivityManager: checkUser: useridlist=null, currentuser=0
04-11 11:20:40.665 3176-3257/? E/ActivityManager: checkUser: useridlist=null, currentuser=0
04-11 11:20:40.675 4988-4988/? I/Avrcp: Received the onChange database event
04-11 11:20:40.675 4988-4988/? I/Avrcp: onChange on thread: 1 Uri: content://media/ selfchange: false
04-11 11:20:40.675 4988-4988/? I/Avrcp: send MSG_CHECK_NOW_PLAYING_CONTENT_CHANGED after 500ms
04-11 11:20:40.685 6532-23258/? D/MediaProvider: savePlaylistTableInBulkDeleter started
04-11 11:20:40.685 6532-23258/? D/MediaProvider: savePlaylistTableInBulkDeleter started - audio_playlists_map_cache existed
04-11 11:20:40.685 6532-23258/? D/MediaProvider: savePlaylistTableInBulkDeleter started - audio_playlists_map_cache is empty
04-11 11:20:40.685 6532-23258/? D/MediaProvider: savePlaylistTableInBulkDeleter finished
04-11 11:20:40.685 6532-23258/? D/MediaProvider: savePlaylistTableInBulkDeleter started
04-11 11:20:40.685 6532-23258/? D/MediaProvider: savePlaylistTableInBulkDeleter started - audio_playlists_map_personal_cache existed
04-11 11:20:40.690 6532-23258/? D/MediaProvider: savePlaylistTableInBulkDeleter started - audio_playlists_map_personal_cache is empty
04-11 11:20:40.690 6532-23258/? D/MediaProvider: savePlaylistTableInBulkDeleter finished
04-11 11:20:40.695 6532-23258/? D/MediaScanner: Prescan. DB items number : 145 DB_FILES_NUMBER_CACHING_LIMITATION : 7000  Caching mode : true
04-11 11:20:40.700 23260-23260/? E/Zygote: MountEmulatedStorage()
04-11 11:20:40.700 23260-23260/? E/Zygote: v2
04-11 11:20:40.700 23260-23260/? I/libpersona: KNOX_SDCARD checking this for 10133
04-11 11:20:40.700 23260-23260/? I/libpersona: KNOX_SDCARD not a persona
04-11 11:20:40.705 23260-23260/? I/SELinux: Function: selinux_compare_spd_ram, SPD-policy is existed. and_ver=SEPF_GT-I9500_4.4.2 ver=40
04-11 11:20:40.705 23260-23260/? I/SELinux: Function: selinux_compare_spd_ram , priority [2] , priority version is VE=SEPF_GT-I9500_5.0.1-1_0032
04-11 11:20:40.710 23260-23260/? E/SELinux: [DEBUG] get_category: variable seinfo: untrusted sensitivity: NULL, cateogry: NULL
04-11 11:20:40.715 3176-3257/? I/ActivityManager: Start proc com.google.android.music:main for broadcast com.google.android.music/.store.MediaStoreImportService$Receiver: pid=23260 uid=10133 gids={50133, 9997, 3003, 1028, 1015} abi=armeabi-v7a
04-11 11:20:40.750 6532-23258/? V/MediaScanner: processDirectory :  /storage/emulated/0
04-11 11:20:40.750 6532-23258/? D/MediaScanner: Skipping:
04-11 11:20:40.750 6532-23258/? D/MediaScanner: 7klwibgf7fvntblfd7(75ebcf7
04-11 11:20:40.755 23260-23260/? D/ResourcesManager: creating new AssetManager and set to /system/app/Music2/Music2.apk
04-11 11:20:40.765 6532-23258/? D/MediaScanner: Skipping:
04-11 11:20:40.765 6532-23258/? D/MediaScanner: 7klwibgf7fvntblfd7(7DCRV75lpnvaubrtk7
04-11 11:20:40.770 6532-23258/? D/MediaScanner: Skipping:
04-11 11:20:40.770 6532-23258/? D/MediaScanner: 7klwibgf7fvntblfd7(7Budiwrd7dblb7
04-11 11:20:40.775 6532-23258/? D/MediaScanner: Skipping:
04-11 11:20:40.775 6532-23258/? D/MediaScanner: 7klwibgf7fvntblfd7(75lpnvaubrtk7
04-11 11:20:40.815 6532-23258/? V/MediaScanner: processDirectory :  /storage/extSdCard
04-11 11:20:40.820 6532-23258/? W/MediaScanner: Error opening directory, reason : Permission denied.
04-11 11:20:40.820 6532-23258/? W/MediaScanner: 7klwibgf7fxlKdCbid7
04-11 11:20:40.820 6532-23258/? V/MediaScanner:  prescan time: 60ms (DB items: 145)
04-11 11:20:40.820 6532-23258/? V/MediaScanner:     scan time: 69ms (Caching mode: true), (makeEntry time: 41ms ~59%),  (parsing time: 0ms ~0%),  (bitmapDecoding time: 0ms ~0%), (exifExtracting time : 0ms ~0%), (sefExtracting time : 0ms ~0%), (bulkInserter time : 0ms ~0%)
04-11 11:20:40.820 6532-23258/? V/MediaScanner: postscan time: 1ms (bulkDeleter : 0), (delete DeadThumbnail time : 0ms)
04-11 11:20:40.820 6532-23258/? V/MediaScanner:    total time: 130ms
04-11 11:20:40.820 6532-23258/? V/MediaScanner: checked files: 76  directories : 67  (I: 0, U: 0)
04-11 11:20:40.820 6532-23258/? D/MediaScannerService: !@done scanning volume external
04-11 11:20:40.820 6532-23258/? D/MediaScannerService: !@start scanning volume external: [/storage/emulated/0, /storage/extSdCard, /storage/UsbDriveA, /storage/UsbDriveB, /storage/UsbDriveC, /storage/UsbDriveD, /storage/UsbDriveE, /storage/UsbDriveF]
04-11 11:20:40.825 4988-4988/? I/Avrcp: Received the onChange database event
04-11 11:20:40.825 4988-4988/? I/Avrcp: onChange on thread: 1 Uri: content://media/ selfchange: false
04-11 11:20:40.825 4988-4988/? I/Avrcp: remove MSG_CHECK_NOW_PLAYING_CONTENT_CHANGED
04-11 11:20:40.825 4988-4988/? I/Avrcp: send MSG_CHECK_NOW_PLAYING_CONTENT_CHANGED after 500ms
04-11 11:20:40.825 6532-23258/? D/MediaProvider: savePlaylistTableInBulkDeleter started
04-11 11:20:40.825 6532-23258/? D/MediaProvider: savePlaylistTableInBulkDeleter started - audio_playlists_map_cache existed
04-11 11:20:40.830 6532-23258/? D/MediaProvider: savePlaylistTableInBulkDeleter started - audio_playlists_map_cache is empty
04-11 11:20:40.830 6532-23258/? D/MediaProvider: savePlaylistTableInBulkDeleter finished
04-11 11:20:40.830 6532-23258/? D/MediaProvider: savePlaylistTableInBulkDeleter started
04-11 11:20:40.830 6532-23258/? D/MediaProvider: savePlaylistTableInBulkDeleter started - audio_playlists_map_personal_cache existed
04-11 11:20:40.830 6532-23258/? D/MediaProvider: savePlaylistTableInBulkDeleter started - audio_playlists_map_personal_cache is empty
04-11 11:20:40.830 6532-23258/? D/MediaProvider: savePlaylistTableInBulkDeleter finished
04-11 11:20:40.920 3176-3669/? D/BatteryService: !@BatteryListener : batteryPropertiesChanged!
04-11 11:20:40.920 3176-3669/? I/BatteryStatsImpl: Resetting battery stats: level=100 status=5 dischargeLevel=100 lowAmount=0 highAmount=0
04-11 11:20:40.970 3176-3293/? D/TimaService: TIMA: TimaService scheduler is intialized. 
04-11 11:20:40.975 3176-3293/? D/TimaService: TIMA: checkEvent, operation: 50000 subject: 10000
04-11 11:20:40.975 3176-3292/? D/TimaService: TimaServiceHandler.handleMessage what =1
04-11 11:20:40.975 3176-3669/? D/BatteryService: level:100, scale:100, status:3, health:2, present:true, voltage: 4143, temperature: 273, technology: Li-ion, AC powered:false, USB powered:false, Wireless powered:false, icon:17303673, invalid charger:0
04-11 11:20:40.975 3176-3669/? D/BatteryService: online:1, current avg:460, charge type:0, power sharing:false, high voltage charger:false, capacity:280000, current_now:460
04-11 11:20:40.975 3176-3176/? D/BatteryService: Sending ACTION_BATTERY_CHANGED.
04-11 11:20:40.975 3176-3669/? D/LightsService: [api] [SvcLED] turnOff:: id = 3 (uid: 1000 pid: 3176) 
04-11 11:20:40.975 3176-3669/? D/LightsService: [SvcLED] setSvcLedStateLocked:: SvcLEDState : 0x40 -> 0x0 | SvcLED(id=3) set Off
04-11 11:20:40.975 3176-3176/? I/MotionRecognitionService: Unplugged
04-11 11:20:40.980 3395-3395/? D/KeyguardUpdateMonitor: received broadcast android.intent.action.BATTERY_CHANGED
04-11 11:20:40.980 3176-3287/? D/lights: led_pattern : 0 +
04-11 11:20:40.980 3176-3354/? V/KeyguardServiceDelegate: onScreenTurnedOn(showListener = com.android.internal.policy.impl.PhoneWindowManager$2@1164a420)
04-11 11:20:40.980 3176-3669/? D/BatteryService: turn off LED
04-11 11:20:40.980 3176-3287/? D/LightsService: [SvcLED] Lux failed to be updated in 700ms. -> handleForcedSvcLEDTasK
04-11 11:20:40.980 3176-3262/? D/UsbDeviceManager: handleMessage -> MSG_POWER_STATE = 0
04-11 11:20:40.980 3176-3267/? D/PowerManagerService: [api] updateIsPoweredLocked : mIsPowered: false mPlugType: 0
04-11 11:20:40.980 3176-3267/? I/PowerManagerService: !@[ps] Screen__On  - 4 :  powered change
04-11 11:20:40.980 3176-3267/? I/PowerManagerService: Waking up from sleep (uid 1000)...
04-11 11:20:40.980 3176-3267/? D/PowerManagerService: [PWL] sb acquire: PowerManagerService.Broadcasts
04-11 11:20:40.980 3176-3267/? D/PowerManagerService: [s] UserActivityState : 0 -> 1
04-11 11:20:40.980 3176-3267/? D/PowerManagerService: [PWL] sb acquire: PowerManagerService.Display
04-11 11:20:40.985 3395-3957/? D/KeyguardViewMediator: onScreenTurnedOn, seq = 5
04-11 11:20:40.985 3395-3957/? D/KeyguardViewMediator: notifyScreenOnLocked
04-11 11:20:40.985 3176-3354/? D/InputManager-JNI: setDeviceInteractive: 1
04-11 11:20:40.985 4988-4988/? V/HeadsetService: HeadsetService - Received Intent.ACTION_BATTERY_CHANGED
04-11 11:20:40.985 4988-5048/? D/HeadsetStateMachine: Disconnected process message: 10
04-11 11:20:40.985 3176-3357/? I/Sensors: SensorBase::batch(6, 0, 200000000, 0)
04-11 11:20:40.985 3176-3359/? D/MISCPowerHAL: sysfs_write +: /sys/class/power_supply/battery/lcd: 1
04-11 11:20:40.985 3176-3359/? D/MISCPowerHAL: sysfs_write -: /sys/class/power_supply/battery/lcd: 1
04-11 11:20:40.985 3176-3357/? I/Sensors: Light old sensor_state 0, new sensor_state : 128 en : 1
04-11 11:20:40.985 3176-3262/? D/UsbDeviceManager: sending intent : ACTION_USB_CABLE_STATE : connected = false
04-11 11:20:40.985 3176-3267/? I/DisplayPowerController: Blocking screen on until initial contents have been drawn.
04-11 11:20:40.985 3176-3267/? D/AutomaticBrightnessController: [DAB] setLightSensorEnabled : Send Update registerListener mLightSensor
04-11 11:20:40.985 3176-3267/? D/DisplayPowerController: getFinalBrightness : 0 -> 0
04-11 11:20:40.985 3176-3267/? D/DisplayPowerController: animation target = 0, rate=2000 (PSM:false, AB limit:(-1 ~ -1) MB Limit:(-1 ~ -1) MAdj:(0, (0, 255)), PendingAutoBrightness)
04-11 11:20:40.985 3176-3176/? D/MotionRecognitionService:   mReceiver.onReceive : ACTION_POWER_DISCONNECTED
04-11 11:20:40.985 3176-3357/? D/AutomaticBrightnessController: [DAB] setLightSensorEnabled : registerListener mLightSensor
04-11 11:20:40.985 3176-3176/? I/MotionRecognitionService: mGripSensorEnabled = false
04-11 11:20:40.985 3176-3176/? D/UsbDeviceManager: received ACTION_POWER_DISCONNECTED = -1
04-11 11:20:40.985 3176-3359/? D/PowerManagerService: !@[s] unblankAllDisplays() : unblankAllDisplaysFromPowerManager
04-11 11:20:40.990 2563-2563/? D/SurfaceFlinger: Set power mode=2, type=0 flinger=0xb6962000
04-11 11:20:40.990 2563-2563/? I/hwcomposer: int exynos5_blank(hwc_composer_device_1*, int, int):: disp(0), blank(0)
04-11 11:20:40.990 3176-3357/? D/SensorManager: registerListener :: 6, CM3323 Light Sensor, 200000, 0,  
04-11 11:20:40.990 3176-3357/? I/Sensors: SensorBase::batch(0, 0, 200000000, 0)
04-11 11:20:40.990 3176-3357/? I/Sensors: Acc old sensor_state 128, new sensor_state : 129 en : 1
04-11 11:20:40.990 3176-3357/? D/PowerManagerService: Excessive delay in setLightSensorEnabled::registerListener(LightSensor): 4ms
04-11 11:20:40.995 3176-3287/? D/lights: led_pattern : 0 -
04-11 11:20:40.995 3176-3357/? D/SensorManager: registerListener :: 0, K330 Acceleration Sensor, 200000, 0,  
04-11 11:20:40.995 3176-3265/? I/DisplayManagerService: Display device changed: DisplayDeviceInfo{"Built-in Screen": 1080 x 1920, 60.000004 fps, supportedRefreshRates [60.000004], density 480, 442.451 x 443.345 dpi, appVsyncOff 0, presDeadline 17666666, touch INTERNAL, rotation 0, type BUILT_IN, state ON, FLAG_DEFAULT_DISPLAY, FLAG_ROTATES_WITH_CONTENT, FLAG_SECURE, FLAG_SUPPORTS_PROTECTED_BUFFERS}
04-11 11:20:40.995 3176-3287/? D/LightsService: [SvcLED]  setSvcLedLightLocked :: Current SvcLED(id=3) maintains its priority right
04-11 11:20:40.995 3176-3357/? D/PowerManagerService: Excessive delay in setLightSensorEnabled::registerListener(TiltSensor): 7ms
04-11 11:20:41.000 3176-23278/? D/InputManager-JNI: sysfs_write +: /sys/class/input/event15/device/enabled: 1
04-11 11:20:41.000 3176-23278/? D/InputManager-JNI: sysfs_write -: /sys/class/input/event15/device/enabled: 1
04-11 11:20:41.000 3176-23279/? D/InputManager-JNI: sysfs_write +: /sys/class/input/event1/device/enabled: 1
04-11 11:20:41.010 3176-3253/? D/GpsLocationProvider: receive broadcast intent, action: android.intent.action.BATTERY_CHANGED
04-11 11:20:41.010 3176-3176/? I/CAE: handleMessage(CaPowerManager.java:197) - POWER_DISCONNECTED
04-11 11:20:41.015 3176-3176/? I/CAE: sendCmdToSensorHub(SensorHubCommManager.java:144) - -76, 13, -41, 0,
04-11 11:20:41.015 3176-3176/? D/SensorHubManager: SendSensorHubData: send data = -76, 13, -41, 0
04-11 11:20:41.020 2576-2849/? D/Sensorhubs: sendContextData: -76, 13, -41, 0
04-11 11:20:41.020 3176-3176/? V/ActivityManager: Display changed displayId=0
04-11 11:20:41.025 3176-6087/? I/art: Explicit concurrent mark sweep GC freed 117760(8MB) AllocSpace objects, 186(3MB) LOS objects, 27% free, 41MB/57MB, paused 12.842ms total 190.175ms
04-11 11:20:41.030 3395-3395/? D/KeyguardUpdateMonitor: handleBatteryUpdate
04-11 11:20:41.030 3395-3395/? I/PowerUI.Notification: dismissing full battery notification
04-11 11:20:41.030 3395-3395/? D/PowerUI.Notification: updateNotificationSEC : No notification
04-11 11:20:41.030 3395-3395/? D/PowerUI.Notification: updateNotificationSEC : No notification
04-11 11:20:41.030 3395-3395/? D/STATUSBAR-PhoneStatusBar:  mBrightnessEnablebySettings = true mBrightnessEnablebyBattery = true mBrightnessEnablebyDisableFlag = true mPmsBrightnessEnablebySettings = true
04-11 11:20:41.035 3395-3395/? D/KeyguardViewMediator: handleNotifyScreenOn
04-11 11:20:41.035 3395-3395/? D/KeyguardViewBase: screen on, instance 3f64bd12
04-11 11:20:41.035 6532-23258/? D/MediaScanner: Prescan. DB items number : 145 DB_FILES_NUMBER_CACHING_LIMITATION : 7000  Caching mode : true
04-11 11:20:41.035 3395-3395/? D/BatteryMeterView: ACTION_BATTERY_CHANGED : level:100 status:3 health:2
04-11 11:20:41.035 3395-3395/? D/BatteryMeterView: ACTION_BATTERY_CHANGED : level:100 status:3 health:2
04-11 11:20:41.035 3395-3395/? D/BatteryMeterView: ACTION_BATTERY_CHANGED : level:100 status:3 health:2
04-11 11:20:41.035 3395-3395/? D/StatusBarKeyguardViewManager: onScreenTurnedOn()
04-11 11:20:41.040 3395-3395/? W/Settings: Setting airplane_mode_on has moved from android.provider.Settings.System to android.provider.Settings.Global, returning read-only value.
04-11 11:20:41.040 3395-3395/? V/KeyguardSecurityView: showPrimarySecurityScreen(turningOff=false)
04-11 11:20:41.040 3395-3395/? D/KeyguardSecurityView: showSecurityScreen(None)
04-11 11:20:41.040 3395-3395/? D/KeyguardUnlockView: outRect: Rect(0, 99 - 1080, 1920)
04-11 11:20:41.040 3395-3395/? D/KeyguardUnlockView: isValidRect: true
04-11 11:20:41.040 3395-3395/? D/LensFlare_Keyguard: showUnlockAffordance
04-11 11:20:41.040 3395-3395/? D/LensFlare: showUnlockAffordance : 0, 1080, 99, 1920, startDelay : 500
04-11 11:20:41.040 3395-3395/? D/KeyguardEffectViewController: mSlidingInterval = 0 , mSlidingWallpaperIndex:0
04-11 11:20:41.040 3395-3395/? D/KeyguardEffectViewController: results = false , mSlidingWallpaperIndex:0
04-11 11:20:41.040 3395-3395/? D/LensFlare_Keyguard: screenTurnedOn
04-11 11:20:41.040 3395-3395/? D/LensFlare: screenTurnedOn
04-11 11:20:41.040 3395-3395/? D/VisualEffectCircleUnlockEffect: KeyguardEffectViewNone : screenTurnedOn
04-11 11:20:41.040 3395-3395/? D/SecKeyguardCircleView: onScreenTurnedOn
04-11 11:20:41.040 3176-3288/? I/Sensors: SensorBase::flush handle(0), sensor_type(0)
04-11 11:20:41.040 3176-3288/? I/Sensors: SensorBase::flush handle(0), sensor_type(0) return
04-11 11:20:41.040 3395-3395/? D/SensorManager: registerListener :: 0, K330 Acceleration Sensor, 200000, 0,  
04-11 11:20:41.045 3395-3395/? D/KeyguardUpdateMonitor: received broadcast android.intent.action.TIME_TICK
04-11 11:20:41.050 3395-3395/? W/KeyguardSecurityViewFlipper: onMeasure: widthSpec MeasureSpec: EXACTLY 1080 should be AT_MOST
04-11 11:20:41.050 3395-3395/? W/KeyguardSecurityViewFlipper: onMeasure: heightSpec MeasureSpec: EXACTLY 1845 should be AT_MOST
04-11 11:20:41.060 3176-3176/? I/CAE: handleMessage(CaPowerManager.java:188) - AP_WAKEUP
04-11 11:20:41.060 3176-3176/? I/CAE: updateApPowerStatus(SensorHubParserProvider.java:421) - AP_WAKEUP
04-11 11:20:41.060 3176-3176/? I/CAE: sendCmdToSensorHub(SensorHubCommManager.java:144) - -76, 13, -47, 0,
04-11 11:20:41.060 3176-3176/? D/SensorHubManager: SendSensorHubData: send data = -76, 13, -47, 0
04-11 11:20:41.060 3176-3176/? D/LightsService: [api] [SvcLED] turnOff:: id = 4 (uid: 1000 pid: 3176) 
04-11 11:20:41.060 3176-3176/? D/LightsService: [SvcLED] setSvcLedStateLocked:: SvcLEDState : 0x0 -> 0x0 | SvcLED(id=4) set Off
04-11 11:20:41.060 3176-3287/? D/LightsService: [SvcLED] Lux failed to be updated in 700ms. -> handleForcedSvcLEDTasK
04-11 11:20:41.060 3176-3287/? D/LightsService: [SvcLED]  setSvcLedLightLocked :: Current SvcLED(id=3) maintains its priority right
04-11 11:20:41.065 3395-3395/? D/QSpanel: label top:23
04-11 11:20:41.065 3395-3395/? D/StatusBar-QSPanel: onLayout left:0 top:0 record.row:0
04-11 11:20:41.065 3395-3395/? D/QSpanel: label top:23
04-11 11:20:41.065 3395-3395/? D/StatusBar-QSPanel: onLayout left:206 top:0 record.row:0
04-11 11:20:41.065 3395-3395/? D/QSpanel: label top:23
04-11 11:20:41.065 3395-3395/? D/StatusBar-QSPanel: onLayout left:412 top:0 record.row:0
04-11 11:20:41.065 3395-3395/? D/QSpanel: label top:0
04-11 11:20:41.065 3395-3395/? D/StatusBar-QSPanel: onLayout left:618 top:0 record.row:0
04-11 11:20:41.065 3395-3395/? D/QSpanel: label top:23
04-11 11:20:41.065 3395-3395/? D/StatusBar-QSPanel: onLayout left:824 top:0 record.row:0
04-11 11:20:41.065 3395-3395/? D/QSpanel: label top:0
04-11 11:20:41.065 3395-3395/? D/StatusBar-QSPanel: onLayout left:1030 top:0 record.row:0
04-11 11:20:41.065 3395-3395/? D/QSpanel: label top:0
04-11 11:20:41.065 3395-3395/? D/StatusBar-QSPanel: onLayout left:1236 top:0 record.row:0
04-11 11:20:41.065 3395-3395/? D/QSpanel: label top:0
04-11 11:20:41.065 3395-3395/? D/StatusBar-QSPanel: onLayout left:1442 top:0 record.row:0
04-11 11:20:41.065 3395-3395/? D/QSpanel: label top:0
04-11 11:20:41.065 3395-3395/? D/StatusBar-QSPanel: onLayout left:1648 top:0 record.row:0
04-11 11:20:41.065 3395-3395/? D/QSpanel: label top:0
04-11 11:20:41.065 3395-3395/? D/StatusBar-QSPanel: onLayout left:1854 top:0 record.row:0
04-11 11:20:41.065 2576-2576/? D/Sensorhubs: sendContextData: -76, 13, -47, 0
04-11 11:20:41.065 3176-3258/? I/Sensors: META: sensor(0), what(1)
04-11 11:20:41.070 3176-3176/? D/InputMethodManagerService: [HARDWARE_KEYBOARD] (refreshImeWindowVisibilityLocked) mImeWindowVis= 0 inputVisible = falsehaveHardKeyboard = false hardKeyShown = false
04-11 11:20:41.075 3176-3176/? I/WifiTrafficPoller: evaluateTrafficStatsPolling
04-11 11:20:41.075 3176-3309/? D/SContextService: 	.registerCallback : 1, client=
04-11 11:20:41.075 3176-3309/? E/SContext.CaeProvider: setProperty() : attribute is null!
04-11 11:20:41.075 3176-3309/? D/SContextService: sendAttribute() : service = Flip Cover Action
04-11 11:20:41.075 3176-3309/? W/CAE: registerCallback(ContextAwareService.java:137) - [regi 01] Mutex is locked for FLIP_COVER_ACTION
04-11 11:20:41.075 3395-3395/? D/KeyguardUpdateMonitor: handleTimeUpdate
04-11 11:20:41.075 3176-3669/? V/KeyguardServiceDelegate: **** SHOWN CALLED ****
04-11 11:20:41.075 3176-3309/? V/CAE: start(ContextProvider.java:126)
04-11 11:20:41.075 3176-3309/? V/CAE: clear(FlipCoverActionRunner.java:126)
04-11 11:20:41.075 3176-3309/? V/CAE: enable(FlipCoverActionRunner.java:102)
04-11 11:20:41.075 3176-3176/? D/MotionRecognitionService:   mReceiver.onReceive : ACTION_SCREEN_ON
04-11 11:20:41.075 3395-3395/? D/StatusBarKeyguardViewManager: callback.onShown()
04-11 11:20:41.080 3176-3309/? I/CAE: sendCmdToSensorHub(SensorHubCommManager.java:144) - -79, 14, 0, 0,
04-11 11:20:41.080 3176-3309/? D/SensorHubManager: SendSensorHubData: send data = -79, 14, 0, 0
04-11 11:20:41.080 2576-2849/? D/Sensorhubs: sendContextData: -79, 14, 0, 0
04-11 11:20:41.080 6532-23258/? V/MediaScanner: processDirectory :  /storage/emulated/0
04-11 11:20:41.085 6532-23258/? D/MediaScanner: Skipping:
04-11 11:20:41.085 6532-23258/? D/MediaScanner: 7klwibgf7fvntblfd7(75ebcf7
04-11 11:20:41.085 3395-3395/? D/PersonaManager: isKioskContainerExistOnDevice
04-11 11:20:41.085 3395-3395/? D/PersonaManager: isKioskContainerExistOnDevice
04-11 11:20:41.085 3176-3309/? D/CAE: getFaultDetectionResult(FlipCoverActionRunner.java:139) - true
04-11 11:20:41.085 3395-3395/? W/Settings: Setting airplane_mode_on has moved from android.provider.Settings.System to android.provider.Settings.Global, returning read-only value.
04-11 11:20:41.085 3395-3395/? D/NotificationStackScrollLayout: hasNotification()-C:5
04-11 11:20:41.085 3395-3395/? D/NotificationStackScrollLayout: hasNotification()-0-N:false
04-11 11:20:41.085 3395-3395/? D/NotificationStackScrollLayout: hasNotification()-0-V:8
04-11 11:20:41.085 3176-3309/? I/CAE: notifyCmdProcessResultObserver(ContextProvider.java:617) - CheckResult = 0, Cause = Success
04-11 11:20:41.085 3395-3395/? D/NotificationStackScrollLayout: hasNotification()-1-N:false
04-11 11:20:41.085 3395-3395/? D/NotificationStackScrollLayout: hasNotification()-1-V:8
04-11 11:20:41.085 3395-3395/? D/NotificationStackScrollLayout: hasNotification()-2-N:true
04-11 11:20:41.085 3395-3395/? D/NotificationStackScrollLayout: hasNotification()-2-V:8
04-11 11:20:41.085 3395-3395/? D/NotificationStackScrollLayout: hasNotification()-3-N:true
04-11 11:20:41.085 3395-3395/? D/NotificationStackScrollLayout: hasNotification()-3-V:8
04-11 11:20:41.085 3395-3395/? D/NotificationStackScrollLayout: hasNotification()-4-N:false
04-11 11:20:41.085 3395-3395/? D/NotificationStackScrollLayout: hasNotification()-4-V:8
04-11 11:20:41.085 3395-3395/? D/PanelView: There is/are nonotification(s) 
04-11 11:20:41.085 3176-3263/? D/DisplayPowerController: [api] WindowManagerPolicy.ScreenOnListener : Received onScreenOn().
04-11 11:20:41.085 3176-3267/? I/DisplayPowerController: Unblocked screen on after 101 ms
04-11 11:20:41.085 3176-3267/? D/DisplayPowerState: !@ ColorFade exit
04-11 11:20:41.090 3395-3395/? W/Settings: Setting airplane_mode_on has moved from android.provider.Settings.System to android.provider.Settings.Global, returning read-only value.
04-11 11:20:41.090 3395-3395/? D/NotificationStackScrollLayout: hasNotification()-C:5
04-11 11:20:41.090 3395-3395/? D/NotificationStackScrollLayout: hasNotification()-0-N:false
04-11 11:20:41.090 3395-3395/? D/NotificationStackScrollLayout: hasNotification()-0-V:8
04-11 11:20:41.090 3395-3395/? D/NotificationStackScrollLayout: hasNotification()-1-N:false
04-11 11:20:41.090 3395-3395/? D/NotificationStackScrollLayout: hasNotification()-1-V:8
04-11 11:20:41.090 3395-3395/? D/NotificationStackScrollLayout: hasNotification()-2-N:true
04-11 11:20:41.090 3395-3395/? D/NotificationStackScrollLayout: hasNotification()-2-V:8
04-11 11:20:41.090 3395-3395/? D/NotificationStackScrollLayout: hasNotification()-3-N:true
04-11 11:20:41.090 3395-3395/? D/NotificationStackScrollLayout: hasNotification()-3-V:8
04-11 11:20:41.090 3395-3395/? D/NotificationStackScrollLayout: hasNotification()-4-N:false
04-11 11:20:41.090 3395-3395/? D/NotificationStackScrollLayout: hasNotification()-4-V:8
04-11 11:20:41.090 3395-3395/? D/PanelView: There is/are nonotification(s) 
04-11 11:20:41.090 3395-3395/? D/PersonaManager: isKioskContainerExistOnDevice
04-11 11:20:41.090 3395-3395/? W/Settings: Setting airplane_mode_on has moved from android.provider.Settings.System to android.provider.Settings.Global, returning read-only value.
04-11 11:20:41.090 3395-3395/? D/NotificationStackScrollLayout: hasNotification()-C:5
04-11 11:20:41.090 3395-3395/? D/NotificationStackScrollLayout: hasNotification()-0-N:false
04-11 11:20:41.090 3395-3395/? D/NotificationStackScrollLayout: hasNotification()-0-V:8
04-11 11:20:41.090 3395-3395/? D/NotificationStackScrollLayout: hasNotification()-1-N:false
04-11 11:20:41.090 3395-3395/? D/NotificationStackScrollLayout: hasNotification()-1-V:8
04-11 11:20:41.090 3395-3395/? D/NotificationStackScrollLayout: hasNotification()-2-N:true
04-11 11:20:41.090 3395-3395/? D/NotificationStackScrollLayout: hasNotification()-2-V:8
04-11 11:20:41.090 3395-3395/? D/NotificationStackScrollLayout: hasNotification()-3-N:true
04-11 11:20:41.090 3395-3395/? D/NotificationStackScrollLayout: hasNotification()-3-V:8
04-11 11:20:41.090 3395-3395/? D/NotificationStackScrollLayout: hasNotification()-4-N:false
04-11 11:20:41.090 3395-3395/? D/NotificationStackScrollLayout: hasNotification()-4-V:8
04-11 11:20:41.090 3395-3395/? D/PanelView: There is/are nonotification(s) 
04-11 11:20:41.090 3395-3395/? D/KeyguardViewMediator: handleKeyguardDoneDrawing
04-11 11:20:41.100 3176-3176/? D/NotificationService: ACTION_SCREEN_ON
04-11 11:20:41.100 3176-3176/? D/LightsService: [api] [SvcLED] turnOff:: id = 4 (uid: 1000 pid: 3176) 
04-11 11:20:41.100 3176-3176/? D/LightsService: [SvcLED] setSvcLedStateLocked:: SvcLEDState : 0x0 -> 0x0 | SvcLED(id=4) set Off
04-11 11:20:41.100 3176-3287/? D/LightsService: [SvcLED] Lux failed to be updated in 700ms. -> handleForcedSvcLEDTasK
04-11 11:20:41.100 3176-3287/? D/LightsService: [SvcLED]  setSvcLedLightLocked :: Current SvcLED(id=3) maintains its priority right
04-11 11:20:41.105 2570-2892/? I/AudioHardwareTinyALSA: setParameters(screen_state=on)
04-11 11:20:41.105 3395-3395/? D/BatteryMeterView: onDraw batteryColor : -1
04-11 11:20:41.110 6532-23258/? D/MediaScanner: Skipping:
04-11 11:20:41.110 6532-23258/? D/MediaScanner: 7klwibgf7fvntblfd7(7DCRV75lpnvaubrtk7
04-11 11:20:41.110 3176-3176/? I/SecExternalDisplayIntents_Java: Intent Recieved ..  -android.intent.action.SCREEN_ONBroadCast Map value - 19
04-11 11:20:41.125 6532-23258/? D/MediaScanner: Skipping:
04-11 11:20:41.125 6532-23258/? D/MediaScanner: 7klwibgf7fvntblfd7(7Budiwrd7dblb7
04-11 11:20:41.130 23260-23260/? I/MusicStore: Database version: 108
04-11 11:20:41.140 6532-23258/? D/MediaScanner: Skipping:
04-11 11:20:41.140 6532-23258/? D/MediaScanner: 7klwibgf7fvntblfd7(75lpnvaubrtk7
04-11 11:20:41.140 2563-3891/? I/SurfaceFlinger: id=24 Removed DolorFade (8/8)
04-11 11:20:41.140 2563-3946/? I/SurfaceFlinger: id=24 Removed DolorFade (-2/8)
04-11 11:20:41.140 3176-3355/? D/lights: button : 1 +
04-11 11:20:41.140 3176-3267/? D/DisplayPowerController: getFinalBrightness : 0 -> 0
04-11 11:20:41.140 3176-3267/? D/DisplayPowerController: animation target = 0, rate=2000 (PSM:false, AB limit:(-1 ~ -1) MB Limit:(-1 ~ -1) MAdj:(0, (0, 255)), PendingAutoBrightness)
04-11 11:20:41.140 3176-3267/? D/DisplayPowerController: getFinalBrightness : 0 -> 0
04-11 11:20:41.140 3176-3267/? D/DisplayPowerController: animation target = 0, rate=2000 (PSM:false, AB limit:(-1 ~ -1) MB Limit:(-1 ~ -1) MAdj:(0, (0, 255)), PendingAutoBrightness)
04-11 11:20:41.140 3176-3267/? D/PowerManagerService: [s] DisplayPowerCallbacks : onStateChanged()
04-11 11:20:41.140 3176-3267/? D/PowerManagerService: SecHardwareInterface.setBatteryADC : true
04-11 11:20:41.140 3176-3267/? D/PowerManagerService: [input device light] setInputDeviceLightOn is called : 1
04-11 11:20:41.140 3176-3355/? D/PowerManagerService: [input device light] handleInputDeviceLightOn
04-11 11:20:41.145 3176-3309/? D/CAE: doCommendProcess(ContextAwareService.java:314) - complete notify the operation result.
04-11 11:20:41.145 3176-3309/? I/CAE: displayUsedCountForService(ContextAwareService.java:406) - totalCnt = 1, serviceCount = 1, subCollectionCount = 0
04-11 11:20:41.145 3176-3309/? D/CAE: showListenerList(ContextAwareService.java:247) - ===== Context Aware Service List =====
04-11 11:20:41.145 3176-3309/? I/CAE: showListenerList(ContextAwareService.java:256) - Listener : com.samsung.android.contextaware.manager.ContextAwareService$Listener@2bb66f9c, Service : FLIP_COVER_ACTION(1)
04-11 11:20:41.145 3176-3309/? W/CAE: registerCallback(ContextAwareService.java:173) - [regi 02] Mutex is unlocked for FLIP_COVER_ACTION
04-11 11:20:41.145 3176-3309/? D/SContextService: addSContextService() : service = Flip Cover Action
04-11 11:20:41.145 3176-3309/? D/SContextService: ===== SContext Service List =====
04-11 11:20:41.145 3176-3309/? D/SContextService: Listener : android.hardware.scontext.SContextService$Listener@21573da5, Service : Flip Cover Action
04-11 11:20:41.145 3176-3309/? D/SContextManager:   .registerListener : listener = com.samsung.android.motion.MotionRecognitionFlipCover$1@38e4ddd2, service=Flip Cover Action
04-11 11:20:41.145 3176-3309/? E/MotionRecognitionService:  handler : SCREEN_ON end
04-11 11:20:41.150 3176-3662/? D/ActivityManager: bindService callerProcessName:com.google.android.music, calleePkgName: com.google.android.music, action: null
04-11 11:20:41.180 3176-3355/? D/lights: button : 1 -
04-11 11:20:41.190 3395-3395/? D/DateView: regionalDateFormat = 22/11/3333 isRTLlanguage = false returnDateFormat = E, d MMMM
04-11 11:20:41.195 3395-3395/? D/DateView: regionalDateFormat = 22/11/3333 isRTLlanguage = false returnDateFormat = E, d MMMM
04-11 11:20:41.200 3176-23279/? D/InputManager-JNI: sysfs_write -: /sys/class/input/event1/device/enabled: 1
04-11 11:20:41.205 23260-23260/? D/ResourcesManager: creating new AssetManager and set to /data/app/com.google.android.gms-1/base.apk
04-11 11:20:41.210 3176-3359/? D/SurfaceControl: Excessive delay in setPowerMode(): 222ms
04-11 11:20:41.210 3176-3359/? D/PowerManagerService: Excessive delay in mPhotonicModulator.requestDisplayState(mRequestingState): 223ms
04-11 11:20:41.210 3176-3265/? D/IpRemoteDisplayController: intent received android.intent.action.SCREEN_ON
04-11 11:20:41.210 3176-3265/? D/IpRemoteDisplayController: Bridge Server is not available
04-11 11:20:41.215 23260-23260/? W/ResourcesManager: Asset path '/system/framework/com.android.media.remotedisplay.jar' does not exist or contains no resources.
04-11 11:20:41.215 23260-23260/? W/ResourcesManager: Asset path '/system/framework/com.android.location.provider.jar' does not exist or contains no resources.
04-11 11:20:41.220 3176-3253/? D/GpsLocationProvider: receive broadcast intent, action: android.intent.action.SCREEN_ON
04-11 11:20:41.225 3176-3253/? E/GpsLocationProvider: ++ Invoked android_location_GpsLocationProvider_set_lcd_mode --> mode:1 ++
04-11 11:20:41.225 3176-3253/? E/GpsLocationProvider: sExerciseIterface is not available
04-11 11:20:41.225 2563-2563/? I/display: [DYNAMIC_RECOMP] HWC_2_GLES by low FPS(0)
04-11 11:20:41.230 3176-3176/? D/PersonaManagerService: ACTION_SCREEN_ON onReceive
04-11 11:20:41.230 3176-3274/? D/PersonaManagerServiceHandler: MSG_ACTION_SCREEN_ON called
04-11 11:20:41.235 6532-23258/? V/MediaScanner: processDirectory :  /storage/extSdCard
04-11 11:20:41.235 6532-23258/? W/MediaScanner: Error opening directory, reason : Permission denied.
04-11 11:20:41.235 6532-23258/? W/MediaScanner: 7klwibgf7fxlKdCbid7
04-11 11:20:41.235 2563-2563/? I/display: [DYNAMIC_RECOMP] GLES_2_HWC by BW check
04-11 11:20:41.235 6532-23258/? V/MediaScanner:  prescan time: 250ms (DB items: 145)
04-11 11:20:41.235 6532-23258/? V/MediaScanner:     scan time: 153ms (Caching mode: true), (makeEntry time: 102ms ~66%),  (parsing time: 0ms ~0%),  (bitmapDecoding time: 0ms ~0%), (exifExtracting time : 0ms ~0%), (sefExtracting time : 0ms ~0%), (bulkInserter time : 0ms ~0%)
04-11 11:20:41.235 6532-23258/? V/MediaScanner: postscan time: 2ms (bulkDeleter : 0), (delete DeadThumbnail time : 0ms)
04-11 11:20:41.235 6532-23258/? V/MediaScanner:    total time: 405ms
04-11 11:20:41.235 6532-23258/? V/MediaScanner: checked files: 76  directories : 67  (I: 0, U: 0)
04-11 11:20:41.240 3631-3631/? I/NfcService: When receiving ACTION_SCREEN_ON, S view cover is already opened. So screenState is ON_LOCKED by isKeyguardLocked()
04-11 11:20:41.240 3631-3631/? D/NativeNfcManager: power state=3
04-11 11:20:41.240 3631-4423/? D/NfcService: call the applyRouting
04-11 11:20:41.240 3631-4165/? D/NfcNciHal: HaiWrite: enter; len=4
04-11 11:20:41.240 3631-4165/? I/NfcNciHal: HAL_NfcWrite ()
04-11 11:20:41.240 3631-4165/? D/NfcNciHal: HaiWrite: exit 0
04-11 11:20:41.240 3631-4166/? I/NfcNciHal: nfc_hal_main_send_message() ls:0x10
04-11 11:20:41.240 3631-4166/? I/NfcNciHal: nfc_hal_dm_power_mode_execute () event = 0
04-11 11:20:41.240 3631-4166/? I/NfcNciHal: nfc_hal_dm_set_nfc_wake () ASSERT
04-11 11:20:41.240 3631-4166/? D/USERIAL_LINUX: UPIO_Set: ioctl, state=0
04-11 11:20:41.240 3631-4166/? D/USERIAL_LINUX: UPIO_Set: ioctl, old state=1, insert delay for 20 ms
04-11 11:20:41.240 3631-4166/? I/NfcNciHal: p_buf->len: 4
04-11 11:20:41.240 3631-4166/? I/BrcmNci: --
04-11 11:20:41.240 3631-4166/? I/BrcmNci: SENT NCI  Type:CMD   Name: RF_DEACTIVATE(0x6)   PBF:No/Last   Param Len: 1/1 f:0x0
