04-11 11:45:51.146 3631-4165/? D/NfcNciHal: HaiWrite: exit 0
04-11 11:45:51.146 3631-4166/? I/NfcNciHal: nfc_hal_main_send_message() ls:0x10
04-11 11:45:51.146 3631-4166/? I/NfcNciHal: nfc_hal_dm_power_mode_execute () event = 0
04-11 11:45:51.146 3631-4166/? I/NfcNciHal: p_buf->len: 7
04-11 11:45:51.146 3631-4166/? I/BrcmNci: --
04-11 11:45:51.146 3631-4166/? I/BrcmNci: SENT NCI  Type:CMD   Name: CORE_SET_CONFIG(0x2)   PBF:No/Last   Param Len: 4/4 f:0x0
04-11 11:45:51.146 3631-4166/? I/BrcmNci:                               Num Params : 1 (0x01)
04-11 11:45:51.146 3631-4166/? I/BrcmNci:                             Param ID [0] : (80/0x50) LF_PROTOCOL
04-11 11:45:51.146 3631-4166/? I/BrcmNci:                             Param Len[0] : 1 (0x01)
04-11 11:45:51.146 3631-4166/? I/BrcmNci:                             Param Val[0] : 02 
04-11 11:45:51.146 3631-4166/? D/BrcmNci: Raw NCI Packet:
04-11 11:45:51.146 3631-4166/? D/BrcmNci: 0000: 20 02 04 01 50 01 02                             ...P..
04-11 11:45:51.146 3631-4166/? I/BrcmNci: --
04-11 11:45:51.146 3631-4166/? D/USERIAL_LINUX: USERIAL_Write: (8 bytes)
04-11 11:45:51.151 3631-4166/? D/USERIAL_LINUX: USERIAL_Write len = 8, ret = 8
04-11 11:45:51.151 3631-4190/? D/USERIAL_LINUX: my_read: return 6(0x6) bytes, errno=22 count=280, n=1, timeout=-1
04-11 11:45:51.151 3631-4190/? D/USERIAL_LINUX: userial_read_thread(): enqueued p_buf=0xa12064b8, count=1, length=6
04-11 11:45:51.151 7298-7298/? D/GalleryCacheReady: Receive : home resume
04-11 11:45:51.151 3631-4190/? D/USERIAL_LINUX: my_read: enter, pbuf=a1206268, len = 280
04-11 11:45:51.151 3631-4166/? I/BrcmNci: --
04-11 11:45:51.151 3631-4166/? I/BrcmNci: RECV NCI  Type:RSP   Name: CORE_SET_CONFIG(0x2)   PBF:No/Last   Param Len: 2/2 f:0x0
04-11 11:45:51.151 3631-4166/? I/BrcmNci:                                   Status : OK (0x00)
04-11 11:45:51.151 3631-4166/? I/BrcmNci:                               Num Params : 0 (0x00)
04-11 11:45:51.151 3631-4166/? D/BrcmNci: Raw NCI Packet:
04-11 11:45:51.151 3631-4166/? D/BrcmNci: 0000: 40 02 02 00 00                                  @....
04-11 11:45:51.151 3631-4166/? I/BrcmNci: --
04-11 11:45:51.151 3631-4166/? I/NfcNciHal: nfc_hal_nci_preproc_rx_nci_msg()
04-11 11:45:51.151 3631-4166/? I/NfcNciHal: nfc_hal_dm_power_mode_execute () event = 1
04-11 11:45:51.151 3631-4166/? D/NfcNciHal: BroadcomHalDataCallback: enter; len=5
04-11 11:45:51.151 3631-4165/? D/NfcNciHal: HaiPreDiscover: enter
04-11 11:45:51.151 3631-4165/? I/NfcNciHal: HAL_NfcPreDiscover ()
04-11 11:45:51.151 3631-4165/? I/NfcNciHal: HAL_NfcPreDiscover status:0
04-11 11:45:51.151 3631-4165/? D/NfcNciHal: HaiPreDiscover: exit 0
04-11 11:45:51.151 3631-4165/? D/NfcNciHal: HaiWrite: enter; len=28
04-11 11:45:51.151 3631-4165/? I/NfcNciHal: HAL_NfcWrite ()
04-11 11:45:51.151 3631-4165/? D/NfcNciHal: HaiWrite: exit 0
04-11 11:45:51.151 3631-4166/? I/NfcNciHal: nfc_hal_main_send_message() ls:0x10
04-11 11:45:51.151 3631-4166/? I/NfcNciHal: nfc_hal_dm_power_mode_execute () event = 0
04-11 11:45:51.151 3631-4166/? I/NfcNciHal: p_buf->len: 28
04-11 11:45:51.151 3631-4166/? I/BrcmNci: --
04-11 11:45:51.151 3631-4166/? I/BrcmNci: SENT NCI  Type:CMD   Name: RF_DISCOVER(0x3)   PBF:No/Last   Param Len: 25/25 f:0x0
04-11 11:45:51.151 3631-4166/? I/BrcmNci:                        Num Discovery Cfg : 12 (0x0c)
04-11 11:45:51.151 3631-4166/? I/BrcmNci:                                   Poll_A : 0 (0x00)
04-11 11:45:51.151 3631-4166/? I/BrcmNci:                                Frequency : 1 (0x01)
04-11 11:45:51.151 3631-4166/? I/BrcmNci:                                   Poll_B : 1 (0x01)
04-11 11:45:51.151 3631-4166/? I/BrcmNci:                                Frequency : 1 (0x01)
04-11 11:45:51.151 3631-4166/? I/BrcmNci:                                   Poll_F : 2 (0x02)
04-11 11:45:51.151 3631-4166/? I/BrcmNci:                                Frequency : 1 (0x01)
04-11 11:45:51.151 3631-4166/? I/BrcmNci:                            POLL_A_ACTIVE : 3 (0x03)
04-11 11:45:51.151 3631-4166/? I/BrcmNci:                                Frequency : 1 (0x01)
04-11 11:45:51.151 3631-4166/? I/BrcmNci:                            POLL_F_ACTIVE : 5 (0x05)
04-11 11:45:51.151 3631-4166/? I/BrcmNci:                                Frequency : 1 (0x01)
04-11 11:45:51.151 3631-4166/? I/BrcmNci:                                 Listen_A : 128 (0x80)
04-11 11:45:51.151 3631-4166/? I/BrcmNci:                                Frequency : 1 (0x01)
04-11 11:45:51.151 3631-4166/? I/BrcmNci:                                 Listen_B : 129 (0x81)
04-11 11:45:51.151 3631-4166/? I/BrcmNci:                                Frequency : 1 (0x01)
04-11 11:45:51.151 3631-4166/? I/BrcmNci:                                 Listen_F : 130 (0x82)
04-11 11:45:51.151 3631-4166/? I/BrcmNci:                                Frequency : 1 (0x01)
04-11 11:45:51.151 3631-4166/? I/BrcmNci:                          LISTEN_A_ACTIVE : 131 (0x83)
04-11 11:45:51.151 3631-4166/? I/BrcmNci:                                Frequency : 1 (0x01)
04-11 11:45:51.151 3631-4166/? I/BrcmNci:                          LISTEN_F_ACTIVE : 133 (0x85)
04-11 11:45:51.151 3631-4166/? I/BrcmNci:                                Frequency : 1 (0x01)
04-11 11:45:51.151 3631-4166/? I/BrcmNci:                            POLL_ISO15693 : 6 (0x06)
04-11 11:45:51.151 3631-4166/? I/BrcmNci:                                Frequency : 1 (0x01)
04-11 11:45:51.151 3631-4166/? I/BrcmNci:                               POLL_KOVIO : 119 (0x77)
04-11 11:45:51.151 3631-4166/? I/BrcmNci:                                Frequency : 1 (0x01)
04-11 11:45:51.151 3631-4166/? D/BrcmNci: Raw NCI Packet:
04-11 11:45:51.151 3631-4166/? D/BrcmNci: 0000: 21 03 19 0c 00 01 01 01 02 01 03 01 05 01 80 01 !...............
04-11 11:45:51.151 3631-4166/? D/BrcmNci: 0010: 81 01 82 01 83 01 85 01 06 01 77 01             ..........w.
04-11 11:45:51.151 3631-4166/? I/BrcmNci: --
04-11 11:45:51.151 3631-4166/? D/USERIAL_LINUX: USERIAL_Write: (29 bytes)
04-11 11:45:51.151 3631-4166/? D/USERIAL_LINUX: doWriteDelay() delay 2 ms
04-11 11:45:51.156 3631-4166/? D/USERIAL_LINUX: USERIAL_Write len = 29, ret = 29
04-11 11:45:51.156 3672-3672/? I/Timeline: Timeline: Activity_idle id: android.os.BinderProxy@1731fc97 time:2433221
04-11 11:45:51.156 3631-4190/? D/USERIAL_LINUX: my_read: return 5(0x5) bytes, errno=22 count=280, n=1, timeout=-1
04-11 11:45:51.156 3631-4190/? D/USERIAL_LINUX: userial_read_thread(): enqueued p_buf=0xa1206260, count=1, length=5
04-11 11:45:51.156 3631-4190/? D/USERIAL_LINUX: my_read: enter, pbuf=a1206cf4, len = 280
04-11 11:45:51.156 3631-4166/? I/BrcmNci: --
04-11 11:45:51.156 3631-4166/? I/BrcmNci: RECV NCI  Type:RSP   Name: RF_DISCOVER(0x3)   PBF:No/Last   Param Len: 1/1 f:0x0
04-11 11:45:51.156 3631-4166/? I/BrcmNci:                                   Status : OK (0x00)
04-11 11:45:51.156 3631-4166/? D/BrcmNci: Raw NCI Packet:
04-11 11:45:51.156 3631-4166/? D/BrcmNci: 0000: 41 03 01 00                                     A...
04-11 11:45:51.156 3631-4166/? I/BrcmNci: --
04-11 11:45:51.156 3631-4166/? I/NfcNciHal: nfc_hal_nci_preproc_rx_nci_msg()
04-11 11:45:51.156 3631-4166/? I/NfcNciHal: nfc_hal_dm_power_mode_execute () event = 1
04-11 11:45:51.156 3631-4166/? D/NfcNciHal: BroadcomHalDataCallback: enter; len=4
04-11 11:45:51.156 3631-4165/? D/NfcNciHal: HaiWrite: enter; len=4
04-11 11:45:51.156 3631-4165/? I/NfcNciHal: HAL_NfcWrite ()
04-11 11:45:51.156 3631-4165/? D/NfcNciHal: HaiWrite: exit 0
04-11 11:45:51.156 3631-4166/? I/NfcNciHal: nfc_hal_main_send_message() ls:0x10
04-11 11:45:51.156 3631-4166/? I/NfcNciHal: nfc_hal_dm_power_mode_execute () event = 0
04-11 11:45:51.156 3631-4166/? I/NfcNciHal: p_buf->len: 4
04-11 11:45:51.156 3631-4166/? I/BrcmNci: --
04-11 11:45:51.156 3631-4166/? I/BrcmNci: SENT NCI  Type:CMD   Name: RF_DEACTIVATE(0x6)   PBF:No/Last   Param Len: 1/1 f:0x0
04-11 11:45:51.156 3631-4166/? I/BrcmNci:                         De-Activate Type : Idle Mode (0/0x00)
04-11 11:45:51.156 3631-4166/? D/BrcmNci: Raw NCI Packet:
04-11 11:45:51.156 3631-4166/? D/BrcmNci: 0000: 21 06 01 00                                     !...
04-11 11:45:51.156 3631-4166/? I/BrcmNci: --
04-11 11:45:51.156 3631-4166/? D/USERIAL_LINUX: USERIAL_Write: (5 bytes)
04-11 11:45:51.156 3631-4166/? D/USERIAL_LINUX: doWriteDelay() delay 1 ms
04-11 11:45:51.156 6885-6885/? D/Mms/UIEventReceiver: ui event
04-11 11:45:51.161 3631-4166/? D/USERIAL_LINUX: USERIAL_Write len = 5, ret = 5
04-11 11:45:51.166 3176-3670/? W/BroadcastQueue: Permission Denial: broadcasting Intent { act=com.sec.android.intent.action.HOME_RESUME flg=0x10 } from com.sec.android.app.launcher (pid=3672, uid=10008) is not exported from uid 1000 due to receiver com.android.settings/.accessibilitywidget.AccessibilityEasyWidgetProviderAssistiveLight
04-11 11:45:51.171 2570-23695/? E/ExynosCameraHWImpl: DEBUG(bool android::ExynosCameraHWImpl::m_previewThreadFunc()):skipping 6 frame
04-11 11:45:51.171 3176-3670/? W/BroadcastQueue: Permission Denial: broadcasting Intent { act=com.sec.android.intent.action.HOME_RESUME flg=0x10 } from com.sec.android.app.launcher (pid=3672, uid=10008) is not exported from uid 10090 due to receiver com.sec.android.widgetapp.digitalclock2x1/.DigitalClockWidgetProvider
04-11 11:45:51.176 7647-7647/? V/TaskCloserActivity: TaskCloserActivity onReceive() - com.sec.android.intent.action.HOME_RESUME
04-11 11:45:51.201 2570-23695/? E/ExynosCameraHWImpl: DEBUG(bool android::ExynosCameraHWImpl::m_previewThreadFunc()):skipping 7 frame
04-11 11:45:51.231 2570-23695/? E/ExynosCameraHWImpl: DEBUG(bool android::ExynosCameraHWImpl::m_previewThreadFunc()):skipping 0 frame
04-11 11:45:51.251 3631-4166/? I/NfcNciHal: nci_brcm_lp_timeout_cback ()
04-11 11:45:51.251 3631-4166/? I/NfcNciHal: nfc_hal_dm_power_mode_execute () event = 2
04-11 11:45:51.251 3631-4166/? I/NfcNciHal: nfc_hal_dm_set_nfc_wake () DEASSERT
04-11 11:45:51.251 3631-4166/? D/USERIAL_LINUX: UPIO_Set: ioctl, state=1
04-11 11:45:51.261 3631-4190/? D/USERIAL_LINUX: my_read: return 5(0x5) bytes, errno=22 count=280, n=1, timeout=-1
04-11 11:45:51.261 3631-4190/? D/USERIAL_LINUX: userial_read_thread(): enqueued p_buf=0xa1206cec, count=1, length=5
04-11 11:45:51.261 3631-4190/? D/USERIAL_LINUX: my_read: enter, pbuf=a1206970, len = 280
04-11 11:45:51.261 3631-4166/? I/BrcmNci: --
04-11 11:45:51.261 3631-4166/? I/BrcmNci: RECV NCI  Type:RSP   Name: RF_DEACTIVATE(0x6)   PBF:No/Last   Param Len: 1/1 f:0x0
04-11 11:45:51.261 3631-4166/? I/BrcmNci:                                   Status : OK (0x00)
04-11 11:45:51.261 3631-4166/? D/BrcmNci: Raw NCI Packet:
04-11 11:45:51.261 3631-4166/? D/BrcmNci: 0000: 41 06 01 00                                     A...
04-11 11:45:51.261 3631-4166/? I/BrcmNci: --
04-11 11:45:51.261 3631-4166/? I/NfcNciHal: nfc_hal_nci_preproc_rx_nci_msg()
04-11 11:45:51.261 3631-4166/? I/NfcNciHal: nfc_hal_dm_power_mode_execute () event = 1
04-11 11:45:51.261 3631-4166/? I/NfcNciHal: nfc_hal_dm_set_nfc_wake () ASSERT
04-11 11:45:51.261 3631-4166/? D/USERIAL_LINUX: UPIO_Set: ioctl, state=0
04-11 11:45:51.266 3631-4166/? D/USERIAL_LINUX: UPIO_Set: ioctl, old state=1, insert delay for 20 ms
04-11 11:45:51.266 3631-4166/? D/NfcNciHal: BroadcomHalDataCallback: enter; len=4
04-11 11:45:51.266 3631-4165/? D/NfcNciHal: HaiPreDiscover: enter
04-11 11:45:51.266 3631-4165/? I/NfcNciHal: HAL_NfcPreDiscover ()
04-11 11:45:51.266 3631-4165/? I/NfcNciHal: HAL_NfcPreDiscover status:0
04-11 11:45:51.266 3631-4165/? D/NfcNciHal: HaiPreDiscover: exit 0
04-11 11:45:51.266 3631-4165/? D/NfcNciHal: HaiWrite: enter; len=28
04-11 11:45:51.266 3631-4165/? I/NfcNciHal: HAL_NfcWrite ()
04-11 11:45:51.266 3631-4165/? D/NfcNciHal: HaiWrite: exit 0
04-11 11:45:51.266 3631-4166/? I/NfcNciHal: nfc_hal_main_send_message() ls:0x10
04-11 11:45:51.266 3631-4166/? I/NfcNciHal: nfc_hal_dm_power_mode_execute () event = 0
04-11 11:45:51.266 3631-4166/? I/NfcNciHal: p_buf->len: 28
04-11 11:45:51.266 3631-4166/? I/BrcmNci: --
04-11 11:45:51.266 3631-4166/? I/BrcmNci: SENT NCI  Type:CMD   Name: RF_DISCOVER(0x3)   PBF:No/Last   Param Len: 25/25 f:0x0
04-11 11:45:51.266 3631-4166/? I/BrcmNci:                        Num Discovery Cfg : 12 (0x0c)
04-11 11:45:51.266 3631-4166/? I/BrcmNci:                                   Poll_A : 0 (0x00)
04-11 11:45:51.266 3631-4166/? I/BrcmNci:                                Frequency : 1 (0x01)
04-11 11:45:51.266 3631-4166/? I/BrcmNci:                                   Poll_B : 1 (0x01)
04-11 11:45:51.266 3631-4166/? I/BrcmNci:                                Frequency : 1 (0x01)
04-11 11:45:51.266 3631-4166/? I/BrcmNci:                                   Poll_F : 2 (0x02)
04-11 11:45:51.266 3631-4166/? I/BrcmNci:                                Frequency : 1 (0x01)
04-11 11:45:51.266 3631-4166/? I/BrcmNci:                            POLL_A_ACTIVE : 3 (0x03)
04-11 11:45:51.266 3631-4166/? I/BrcmNci:                                Frequency : 1 (0x01)
04-11 11:45:51.266 3631-4166/? I/BrcmNci:                            POLL_F_ACTIVE : 5 (0x05)
04-11 11:45:51.266 3631-4166/? I/BrcmNci:                                Frequency : 1 (0x01)
04-11 11:45:51.266 3631-4166/? I/BrcmNci:                                 Listen_A : 128 (0x80)
04-11 11:45:51.266 3631-4166/? I/BrcmNci:                                Frequency : 1 (0x01)
04-11 11:45:51.266 3631-4166/? I/BrcmNci:                                 Listen_B : 129 (0x81)
04-11 11:45:51.266 3631-4166/? I/BrcmNci:                                Frequency : 1 (0x01)
04-11 11:45:51.266 3631-4166/? I/BrcmNci:                                 Listen_F : 130 (0x82)
04-11 11:45:51.266 3631-4166/? I/BrcmNci:                                Frequency : 1 (0x01)
04-11 11:45:51.266 3631-4166/? I/BrcmNci:                          LISTEN_A_ACTIVE : 131 (0x83)
04-11 11:45:51.266 3631-4166/? I/BrcmNci:                                Frequency : 1 (0x01)
04-11 11:45:51.266 3631-4166/? I/BrcmNci:                          LISTEN_F_ACTIVE : 133 (0x85)
04-11 11:45:51.266 3631-4166/? I/BrcmNci:                                Frequency : 1 (0x01)
04-11 11:45:51.266 3631-4166/? I/BrcmNci:                            POLL_ISO15693 : 6 (0x06)
04-11 11:45:51.266 3631-4166/? I/BrcmNci:                                Frequency : 1 (0x01)
04-11 11:45:51.266 3631-4166/? I/BrcmNci:                               POLL_KOVIO : 119 (0x77)
04-11 11:45:51.266 3631-4166/? I/BrcmNci:                                Frequency : 1 (0x01)
04-11 11:45:51.266 3631-4166/? D/BrcmNci: Raw NCI Packet:
04-11 11:45:51.266 3631-4166/? D/BrcmNci: 0000: 21 03 19 0c 00 01 01 01 02 01 03 01 05 01 80 01 !...............
04-11 11:45:51.266 3631-4166/? D/BrcmNci: 0010: 81 01 82 01 83 01 85 01 06 01 77 01             ..........w.
04-11 11:45:51.266 3631-4166/? I/BrcmNci: --
04-11 11:45:51.266 3631-4166/? D/USERIAL_LINUX: USERIAL_Write: (29 bytes)
04-11 11:45:51.266 3631-4166/? D/USERIAL_LINUX: doWriteDelay() delay 18 ms
04-11 11:45:51.266 2570-23695/? E/ExynosCameraHWImpl: DEBUG(bool android::ExynosCameraHWImpl::m_previewThreadFunc()):skipping 1 frame
04-11 11:45:51.286 3631-4166/? D/USERIAL_LINUX: USERIAL_Write len = 29, ret = 29
04-11 11:45:51.286 3631-4190/? D/USERIAL_LINUX: my_read: return 5(0x5) bytes, errno=22 count=280, n=1, timeout=-1
04-11 11:45:51.286 3631-4190/? D/USERIAL_LINUX: userial_read_thread(): enqueued p_buf=0xa1206968, count=1, length=5
04-11 11:45:51.286 3631-4190/? D/USERIAL_LINUX: my_read: enter, pbuf=a1206010, len = 280
04-11 11:45:51.286 3631-4166/? I/BrcmNci: --
04-11 11:45:51.286 3631-4166/? I/BrcmNci: RECV NCI  Type:RSP   Name: RF_DISCOVER(0x3)   PBF:No/Last   Param Len: 1/1 f:0x0
04-11 11:45:51.286 3631-4166/? I/BrcmNci:                                   Status : OK (0x00)
04-11 11:45:51.286 3631-4166/? D/BrcmNci: Raw NCI Packet:
04-11 11:45:51.286 3631-4166/? D/BrcmNci: 0000: 41 03 01 00                                     A...
04-11 11:45:51.286 3631-4166/? I/BrcmNci: --
04-11 11:45:51.286 3631-4166/? I/NfcNciHal: nfc_hal_nci_preproc_rx_nci_msg()
04-11 11:45:51.286 3631-4166/? I/NfcNciHal: nfc_hal_dm_power_mode_execute () event = 1
04-11 11:45:51.286 3631-4166/? D/NfcNciHal: BroadcomHalDataCallback: enter; len=4
04-11 11:45:51.286 3631-7135/? D/NfcService: index : 0
04-11 11:45:51.286 3631-7135/? D/NfcService: index : 1
04-11 11:45:51.286 3631-7135/? D/NfcService: index : 2
04-11 11:45:51.301 2570-23695/? D/libexynosgscaler: LibMpp::LibMpp()
04-11 11:45:51.301 2570-23695/? D/ShotSingle: CAMERA_MSG_PREVIEW_FRAME E
04-11 11:45:51.306 3176-3670/? I/EDMNativeHelperService: isCameraEnabled
04-11 11:45:51.306 2570-23695/? D/ShotSingle: CAMERA_MSG_PREVIEW_FRAME X
04-11 11:45:51.306 2570-2920/? D/SecCameraCoreManager: disableMsgType: 0x10
04-11 11:45:51.306 3176-3297/? D/SecCamera-JNI-Java: handleMessage: 16
04-11 11:45:51.306 3176-3297/? E/SmartFaceService: Orientation: 0
04-11 11:45:51.306 3176-3297/? E/SmartFaceService: Calling onPreviewFrame: Thread[Scroll/Pause Worker,5,main]/2433374
04-11 11:45:51.306 3176-3297/? E/SmartFaceService: Calling onPreviewFrame: Thread[Stay/Rotation Worker,5,main]/2433374
04-11 11:45:51.311 2570-16718/? D/SecCameraCoreManager: enableMsgType: 0x10
04-11 11:45:51.311 3176-3299/? E/SmartScreen_JNI: processImage start : prev time [ 3290110 ]
04-11 11:45:51.311 3176-3299/? D/SmartScreen_JNI: tmpfile : /data/smart_stay_hash.dmc
04-11 11:45:51.311 3176-3299/? D/DMCFaceEngine: NEON : 1
04-11 11:45:51.311 3176-3299/? D/DMCFaceEngine: caSmartDP_SmartStay orientation [0] count [0]
04-11 11:45:51.311 3176-3299/? D/DMCFaceEngine: caSmartDP_SmartStay : FUNCTION START img width 480, height 270 previous angle 0
04-11 11:45:51.311 3176-3299/? D/DMCFaceEngine: caSmartDP_SmartStay : loop Start with dir 1, width 270 and heighe 480
04-11 11:45:51.311 3176-3299/? D/DMCFaceEngine: caFace_RunFaceDetection_SmartStayRotation : FaceDetection Start with width 270, heighe 480
04-11 11:45:51.311 3176-3299/? D/DMCFaceEngine: fd_find_run : Use A New Sensor ==========> 1 [270][480]
04-11 11:45:51.311 3176-3299/? D/Stay/RotationWorker: handleMessage: 1
04-11 11:45:51.331 3176-3299/? D/DMCFaceEngine: fd_find_run : Use A New Sensor ==========> 1 [270][480]
04-11 11:45:51.336 2570-23695/? D/ShotSingle: CAMERA_MSG_PREVIEW_FRAME E
04-11 11:45:51.336 3176-3783/? I/EDMNativeHelperService: isCameraEnabled
04-11 11:45:51.336 2570-2570/? D/SecCameraCoreManager: disableMsgType: 0x10
04-11 11:45:51.341 3176-3297/? D/SecCamera-JNI-Java: handleMessage: 16
04-11 11:45:51.341 2570-2892/? D/SecCameraCoreManager: enableMsgType: 0x10
04-11 11:45:51.341 2570-23695/? D/ShotSingle: CAMERA_MSG_PREVIEW_FRAME X
04-11 11:45:51.341 3176-3297/? E/SmartFaceService: Orientation: 0
04-11 11:45:51.341 3176-3297/? E/SmartFaceService: Calling onPreviewFrame: Thread[Scroll/Pause Worker,5,main]/2433405
04-11 11:45:51.341 3176-3297/? E/SmartFaceService: Calling onPreviewFrame: Thread[Stay/Rotation Worker,5,main]/2433405
04-11 11:45:51.356 3176-3299/? D/DMCFaceEngine: fd_find_run : Use A New Sensor ==========> 1 [270][480]
04-11 11:45:51.371 2570-23695/? D/ShotSingle: CAMERA_MSG_PREVIEW_FRAME E
04-11 11:45:51.371 3176-3486/? I/EDMNativeHelperService: isCameraEnabled
04-11 11:45:51.371 2570-23695/? D/ShotSingle: CAMERA_MSG_PREVIEW_FRAME X
04-11 11:45:51.371 2570-2570/? D/SecCameraCoreManager: disableMsgType: 0x10
04-11 11:45:51.371 3176-3299/? D/DMCFaceEngine: fd_find_run : Use A New Sensor ==========> 0 [110][110]
04-11 11:45:51.371 3176-3297/? D/SecCamera-JNI-Java: handleMessage: 16
04-11 11:45:51.371 2570-2892/? D/SecCameraCoreManager: enableMsgType: 0x10
04-11 11:45:51.371 3176-3297/? E/SmartFaceService: Orientation: 0
04-11 11:45:51.371 3176-3297/? E/SmartFaceService: Calling onPreviewFrame: Thread[Scroll/Pause Worker,5,main]/2433439
04-11 11:45:51.371 3176-3297/? E/SmartFaceService: Calling onPreviewFrame: Thread[Stay/Rotation Worker,5,main]/2433439
04-11 11:45:51.376 3176-3299/? D/DMCFaceEngine: fd_find_run : Use A New Sensor ==========> 0 [110][110]
04-11 11:45:51.381 3176-3299/? D/DMCFaceEngine: fd_find_run : Use A New Sensor ==========> 0 [110][110]
04-11 11:45:51.386 3631-4166/? I/NfcNciHal: nci_brcm_lp_timeout_cback ()
04-11 11:45:51.386 3631-4166/? I/NfcNciHal: nfc_hal_dm_power_mode_execute () event = 2
04-11 11:45:51.386 3631-4166/? I/NfcNciHal: nfc_hal_dm_set_nfc_wake () DEASSERT
04-11 11:45:51.386 3631-4166/? D/USERIAL_LINUX: UPIO_Set: ioctl, state=1
04-11 11:45:51.386 3176-3299/? D/DMCFaceEngine: caFace_RunFaceDetection_SmartStayRotation : Detected No Face
04-11 11:45:51.386 3176-3299/? D/DMCFaceEngine: caSmartDP_SmartStay : SINGLE EYE DETECTION LOOP START
04-11 11:45:51.386 3176-3299/? D/DMCFaceEngine: caSmartDP_SmartStay : single eye detection loop start _ dir 1
04-11 11:45:51.386 3176-3299/? D/DMCFaceEngine: caIF_RunEyeDetection_MCT_IRS : caIF_RunEyeDetection_MCT_IRS START
04-11 11:45:51.386 3176-3299/? D/DMCFaceEngine: caIF_RunEyeDetection_MCT_IRS : Width 180, Height 320
04-11 11:45:51.401 2570-23695/? D/ShotSingle: CAMERA_MSG_PREVIEW_FRAME E
04-11 11:45:51.406 3176-3785/? I/EDMNativeHelperService: isCameraEnabled
04-11 11:45:51.406 2570-23695/? D/ShotSingle: CAMERA_MSG_PREVIEW_FRAME X
04-11 11:45:51.406 2570-2892/? D/SecCameraCoreManager: disableMsgType: 0x10
04-11 11:45:51.406 3176-3297/? D/SecCamera-JNI-Java: handleMessage: 16
04-11 11:45:51.406 2570-2920/? D/SecCameraCoreManager: enableMsgType: 0x10
04-11 11:45:51.406 3176-3297/? E/SmartFaceService: Orientation: 0
04-11 11:45:51.406 3176-3297/? E/SmartFaceService: Calling onPreviewFrame: Thread[Scroll/Pause Worker,5,main]/2433472
04-11 11:45:51.406 3176-3297/? E/SmartFaceService: Calling onPreviewFrame: Thread[Stay/Rotation Worker,5,main]/2433472
04-11 11:45:51.426 3176-3299/? D/DMCFaceEngine: caIF_RunEyeDetection_MCT_IRS : caIF_RunEyeDetection_MCT_IRS END
04-11 11:45:51.426 3176-3299/? D/DMCFaceEngine: caSmartDP_SmartStay : caFace_Aux_FindEyes_IRS time 70149
04-11 11:45:51.426 3176-3299/? D/DMCFaceEngine: caSmartDP_SmartStay : Single Eye Detection Fail dir 1
04-11 11:45:51.426 3176-3299/? D/DMCFaceEngine: caSmartDP_SmartStay : loop End ED dir 1 with nResult -1
04-11 11:45:51.426 3176-3299/? D/DMCFaceEngine: caSmartDP_SmartStay : SINGLE EYE DETECTION LOOP END with nResult -1
04-11 11:45:51.426 3176-3299/? D/DMCFaceEngine: caSmartDP_SmartStay : DETECT HUMAN FAIL
04-11 11:45:51.426 3176-3299/? D/DMCFaceEngine: caSmartDP_SmartStay : face : X[0] Y[0] W[0] H[0]
04-11 11:45:51.426 3176-3299/? D/DMCFaceEngine: caSmartDP_SmartStay : eye  : LX[0] LY[0] RX[0] RY[0]
04-11 11:45:51.426 3176-3299/? D/DMCFaceEngine: caSmartDP_DetermineFixedDevice : TmpFile exists /data/smart_stay_hash.dmc 
04-11 11:45:51.426 3176-3299/? D/DMCFaceEngine: caSmartDP_HashingImage : wd [120] ht [67]
04-11 11:45:51.426 3176-3299/? D/DMCFaceEngine: caSmartDP_DetermineFixedDevice : FIXED OR NOT  : difference 930.221020
04-11 11:45:51.426 3176-3299/? D/DMCFaceEngine: caSmartDP_DetermineFixedDevice : TmpFile making start /data/smart_stay_hash.dmc 
04-11 11:45:51.431 3176-3299/? D/DMCFaceEngine: caSmartDP_DetermineFixedDevice : TmpFile making end /data/smart_stay_hash.dmc 
04-11 11:45:51.431 3176-3299/? D/DMCFaceEngine: caSmartDP_SmartStay result [-1] - [5.000000]
04-11 11:45:51.431 3176-3299/? D/DMCFaceEngine: caSmartDP_SmartStay : [5.000000] determine[930] result [-1]
04-11 11:45:51.431 3176-3299/? E/SmartScreen_JNI: processImage end : function time [ 270617 ] [-1] 
04-11 11:45:51.431 3176-23658/? E/SmartFaceManager: checkForSmartStay onInfo: 100: 0
04-11 11:45:51.431 3176-3299/? E/SmartScreen_JNI: processImage start : prev time [ 272009 ]
04-11 11:45:51.431 3176-3299/? D/SmartScreen_JNI: tmpfile : /data/smart_stay_hash.dmc
04-11 11:45:51.431 3176-3299/? D/DMCFaceEngine: NEON : 1
04-11 11:45:51.431 3176-3299/? D/DMCFaceEngine: caSmartDP_SmartStay orientation [0] count [1]
04-11 11:45:51.431 3176-3299/? D/DMCFaceEngine: caSmartDP_SmartStay : FUNCTION START img width 480, height 270 previous angle 0
04-11 11:45:51.431 3176-3299/? E/Stay/RotationWorker: processSmartStay[123ms], ret: -1 needToStay: 0 mFrameCount: 0 mFixed: false
04-11 11:45:51.431 3176-3299/? D/Stay/RotationWorker: handleMessage: 1
04-11 11:45:51.436 3176-3299/? D/DMCFaceEngine: caSmartDP_SmartStay : loop Start with dir 1, width 270 and heighe 480
04-11 11:45:51.436 3176-3299/? D/DMCFaceEngine: caFace_RunFaceDetection_SmartStayRotation : FaceDetection Start with width 270, heighe 480
04-11 11:45:51.436 3176-3299/? D/DMCFaceEngine: fd_find_run : Use A New Sensor ==========> 1 [270][480]
04-11 11:45:51.436 2570-23695/? D/ShotSingle: CAMERA_MSG_PREVIEW_FRAME E
04-11 11:45:51.436 3176-3786/? I/EDMNativeHelperService: isCameraEnabled
04-11 11:45:51.436 2570-23695/? D/ShotSingle: CAMERA_MSG_PREVIEW_FRAME X
04-11 11:45:51.441 2570-20769/? D/SecCameraCoreManager: disableMsgType: 0x10
04-11 11:45:51.441 3176-3297/? D/SecCamera-JNI-Java: handleMessage: 16
04-11 11:45:51.441 2570-2892/? D/SecCameraCoreManager: enableMsgType: 0x10
04-11 11:45:51.441 3176-3297/? E/SmartFaceService: Orientation: 0
04-11 11:45:51.441 3176-3297/? E/SmartFaceService: Calling onPreviewFrame: Thread[Scroll/Pause Worker,5,main]/2433506
04-11 11:45:51.441 3176-3297/? E/SmartFaceService: Calling onPreviewFrame: Thread[Stay/Rotation Worker,5,main]/2433506
04-11 11:45:51.456 3176-3299/? D/DMCFaceEngine: fd_find_run : Use A New Sensor ==========> 1 [270][480]
04-11 11:45:51.471 2570-23695/? D/ShotSingle: CAMERA_MSG_PREVIEW_FRAME E
04-11 11:45:51.471 3176-6087/? I/EDMNativeHelperService: isCameraEnabled
04-11 11:45:51.471 2570-23695/? D/ShotSingle: CAMERA_MSG_PREVIEW_FRAME X
04-11 11:45:51.471 2570-2892/? D/SecCameraCoreManager: disableMsgType: 0x10
04-11 11:45:51.471 3176-3299/? D/DMCFaceEngine: fd_find_run : Use A New Sensor ==========> 1 [270][480]
04-11 11:45:51.471 3176-3297/? D/SecCamera-JNI-Java: handleMessage: 16
04-11 11:45:51.471 2570-16718/? D/SecCameraCoreManager: enableMsgType: 0x10
04-11 11:45:51.471 3176-3297/? E/SmartFaceService: Orientation: 0
04-11 11:45:51.471 3176-3297/? E/SmartFaceService: Calling onPreviewFrame: Thread[Scroll/Pause Worker,5,main]/2433538
04-11 11:45:51.471 3176-3297/? E/SmartFaceService: Calling onPreviewFrame: Thread[Stay/Rotation Worker,5,main]/2433538
04-11 11:45:51.491 3176-3299/? D/DMCFaceEngine: fd_find_run : Use A New Sensor ==========> 0 [110][110]
04-11 11:45:51.496 3176-3299/? D/DMCFaceEngine: fd_find_run : Use A New Sensor ==========> 0 [110][110]
04-11 11:45:51.501 3176-3299/? D/DMCFaceEngine: fd_find_run : Use A New Sensor ==========> 0 [110][110]
04-11 11:45:51.501 2570-23695/? D/ShotSingle: CAMERA_MSG_PREVIEW_FRAME E
04-11 11:45:51.501 3176-3670/? I/EDMNativeHelperService: isCameraEnabled
04-11 11:45:51.501 2570-23695/? D/ShotSingle: CAMERA_MSG_PREVIEW_FRAME X
04-11 11:45:51.506 2570-16718/? D/SecCameraCoreManager: disableMsgType: 0x10
04-11 11:45:51.506 3176-3299/? D/DMCFaceEngine: caFace_RunFaceDetection_SmartStayRotation : Detected No Face
04-11 11:45:51.506 3176-3299/? D/DMCFaceEngine: caSmartDP_SmartStay : SINGLE EYE DETECTION LOOP START
04-11 11:45:51.506 3176-3299/? D/DMCFaceEngine: caSmartDP_SmartStay : single eye detection loop start _ dir 1
04-11 11:45:51.506 3176-3299/? D/DMCFaceEngine: caIF_RunEyeDetection_MCT_IRS : caIF_RunEyeDetection_MCT_IRS START
04-11 11:45:51.506 3176-3297/? D/SecCamera-JNI-Java: handleMessage: 16
04-11 11:45:51.506 2570-20769/? D/SecCameraCoreManager: enableMsgType: 0x10
04-11 11:45:51.506 3176-3299/? D/DMCFaceEngine: caIF_RunEyeDetection_MCT_IRS : Width 180, Height 320
04-11 11:45:51.506 3176-3297/? E/SmartFaceService: Orientation: 0
04-11 11:45:51.506 3176-3297/? E/SmartFaceService: Calling onPreviewFrame: Thread[Scroll/Pause Worker,5,main]/2433571
04-11 11:45:51.506 3176-3297/? E/SmartFaceService: Calling onPreviewFrame: Thread[Stay/Rotation Worker,5,main]/2433571
04-11 11:45:51.536 2570-23695/? D/ShotSingle: CAMERA_MSG_PREVIEW_FRAME E
04-11 11:45:51.536 3176-3783/? I/EDMNativeHelperService: isCameraEnabled
04-11 11:45:51.536 2570-23695/? D/ShotSingle: CAMERA_MSG_PREVIEW_FRAME X
04-11 11:45:51.536 2570-2570/? D/SecCameraCoreManager: disableMsgType: 0x10
04-11 11:45:51.536 3176-3297/? D/SecCamera-JNI-Java: handleMessage: 16
04-11 11:45:51.536 3176-3297/? E/SmartFaceService: Orientation: 0
04-11 11:45:51.536 3176-3297/? E/SmartFaceService: Calling onPreviewFrame: Thread[Scroll/Pause Worker,5,main]/2433604
04-11 11:45:51.536 3176-3297/? E/SmartFaceService: Calling onPreviewFrame: Thread[Stay/Rotation Worker,5,main]/2433604
04-11 11:45:51.541 2570-2920/? D/SecCameraCoreManager: enableMsgType: 0x10
04-11 11:45:51.541 3176-3299/? D/DMCFaceEngine: caIF_RunEyeDetection_MCT_IRS : caIF_RunEyeDetection_MCT_IRS END
04-11 11:45:51.546 3176-3299/? D/DMCFaceEngine: caSmartDP_SmartStay : caFace_Aux_FindEyes_IRS time 75422
04-11 11:45:51.546 3176-3299/? D/DMCFaceEngine: caSmartDP_SmartStay : Single Eye Detection Fail dir 1
04-11 11:45:51.546 3176-3299/? D/DMCFaceEngine: caSmartDP_SmartStay : loop End ED dir 1 with nResult -1
04-11 11:45:51.546 3176-3299/? D/DMCFaceEngine: caSmartDP_SmartStay : SINGLE EYE DETECTION LOOP END with nResult -1
04-11 11:45:51.546 3176-3299/? D/DMCFaceEngine: caSmartDP_SmartStay : DETECT HUMAN FAIL
04-11 11:45:51.546 3176-3299/? D/DMCFaceEngine: caSmartDP_SmartStay : face : X[0] Y[0] W[0] H[0]
04-11 11:45:51.546 3176-3299/? D/DMCFaceEngine: caSmartDP_SmartStay : eye  : LX[0] LY[0] RX[0] RY[0]
04-11 11:45:51.546 3176-3299/? E/SmartScreen_JNI: processImage end : function time [ 260097 ] [-1] 
04-11 11:45:51.546 3176-23658/? E/SmartFaceManager: checkForSmartStay onInfo: 100: 0
04-11 11:45:51.546 3176-3299/? E/SmartScreen_JNI: processImage start : prev time [ 261597 ]
04-11 11:45:51.546 3176-3299/? D/SmartScreen_JNI: tmpfile : /data/smart_stay_hash.dmc
04-11 11:45:51.546 3176-3299/? D/DMCFaceEngine: NEON : 1
04-11 11:45:51.546 3176-3299/? D/DMCFaceEngine: caSmartDP_SmartStay orientation [0] count [2]
04-11 11:45:51.546 3176-3299/? D/DMCFaceEngine: caSmartDP_SmartStay : FUNCTION START img width 480, height 270 previous angle 0
04-11 11:45:51.546 2570-16718/? D/SecCameraCoreManager: disableMsgType: 0x10
04-11 11:45:51.546 2570-20769/? D/SecCameraCoreManager: disableMsgType: 0x10
04-11 11:45:51.546 2570-20769/? D/SecCameraCoreManager: stopPreview
04-11 11:45:51.546 2570-20769/? D/SecCameraCoreManager: virtual void android::SecCameraCoreManager::stopPreview():stop IT Policy checking thread
04-11 11:45:51.546 3176-3299/? D/DMCFaceEngine: caSmartDP_SmartStay : loop Start with dir 1, width 270 and heighe 480
04-11 11:45:51.546 3176-3299/? D/DMCFaceEngine: caFace_RunFaceDetection_SmartStayRotation : FaceDetection Start with width 270, heighe 480
04-11 11:45:51.546 3176-3299/? D/DMCFaceEngine: fd_find_run : Use A New Sensor ==========> 1 [270][480]
04-11 11:45:51.546 3176-3299/? E/Stay/RotationWorker: processSmartStay[111ms], ret: -1 needToStay: 0 mFrameCount: 1 mFixed: false
04-11 11:45:51.546 3176-3299/? D/Stay/RotationWorker: handleMessage: 1
04-11 11:45:51.546 3176-3268/? E/SmartFaceService: unregister:2433611
04-11 11:45:51.546 3176-3268/? E/SmartFaceService: unregister
04-11 11:45:51.546 3176-3268/? E/SmartFaceService: unregister client found. pid 3176 servicetype: 100 AppName: system
04-11 11:45:51.546 3176-3268/? E/SmartFaceService: send LastServiecTypeFromClient to scroll pause worker: 0
04-11 11:45:51.546 3176-3268/? E/SmartFaceService: mLightIntensityEnough: true mLux: 0.0
04-11 11:45:51.546 3176-3268/? D/Scroll/PauseWorker: updateClientsDone.
04-11 11:45:51.546 3176-3268/? D/Stay/RotationWorker: updateClientsDone. def. do nothing.
04-11 11:45:51.546 3176-3268/? E/SmartFaceService: Service Type to Worker: 0
04-11 11:45:51.546 3176-3268/? E/SmartFaceService: Last Active clients:1 Current Active clients: 0
04-11 11:45:51.546 3176-3268/? E/SmartFaceService: Last Smart Pause clients: 0 Current Smart Pause clients: 0
04-11 11:45:51.546 3176-3268/? E/SmartFaceService: No active clients. close camera
04-11 11:45:51.546 3176-3268/? E/CameraController: closeCamera S
04-11 11:45:51.546 3176-3268/? E/CameraController: sendMessageAndWait, lock.lock before
04-11 11:45:51.546 3176-3268/? E/CameraController: sendMessageAndWait, lock.lock after
04-11 11:45:51.546 3176-3268/? E/CameraController: Wait for 0
04-11 11:45:51.546 3176-3268/? E/CameraController: waitHere, condition var. will be used. related lock release and re-acquired after await done.
04-11 11:45:51.546 3176-3296/? E/CameraController: handleMessage(0) before lock{ when=0 what=0 target=com.samsung.android.smartface.CameraController$EventHandler }
04-11 11:45:51.546 3176-3296/? E/CameraController: handleMessage, lock.lock after
04-11 11:45:51.546 3176-3296/? E/CameraController: handleMessage(0) after lock{ when=0 what=0 target=com.samsung.android.smartface.CameraController$EventHandler }
04-11 11:45:51.561 3176-3299/? D/DMCFaceEngine: fd_find_run : Use A New Sensor ==========> 1 [270][480]
04-11 11:45:51.566 2552-2568/? D/DataRouter: After the usb select
04-11 11:45:51.566 2552-2568/? D/DataRouter: read length is zero
04-11 11:45:51.566 2552-2568/? D/DataRouter: dr_usb_deinit
04-11 11:45:51.566 2552-2568/? D/DataRouter: dr_usb_init
04-11 11:45:51.566 2552-2568/? E/DataRouter: USB Interface is open with 0x8
04-11 11:45:51.566 2552-2568/? D/DataRouter: USB interface is now configured for usb_fd = 0x8
04-11 11:45:51.566 2552-2568/? D/DataRouter: Before the usb select
04-11 11:45:51.576 3176-3299/? D/DMCFaceEngine: fd_find_run : Use A New Sensor ==========> 1 [270][480]
04-11 11:45:51.586 3176-3299/? D/DMCFaceEngine: fd_find_run : Use A New Sensor ==========> 0 [110][110]
04-11 11:45:51.591 3176-3299/? D/DMCFaceEngine: caFace_RunFaceDetection_SmartStayRotation : Detected No Face
04-11 11:45:51.591 3176-3299/? D/DMCFaceEngine: caSmartDP_SmartStay : SINGLE EYE DETECTION LOOP START
04-11 11:45:51.591 3176-3299/? D/DMCFaceEngine: caSmartDP_SmartStay : single eye detection loop start _ dir 1
04-11 11:45:51.591 3176-3299/? D/DMCFaceEngine: caIF_RunEyeDetection_MCT_IRS : caIF_RunEyeDetection_MCT_IRS START
04-11 11:45:51.591 3176-3299/? D/DMCFaceEngine: caIF_RunEyeDetection_MCT_IRS : Width 180, Height 320
04-11 11:45:51.616 3176-3299/? D/DMCFaceEngine: caIF_RunEyeDetection_MCT_IRS : caIF_RunEyeDetection_MCT_IRS END
04-11 11:45:51.616 3176-3299/? D/DMCFaceEngine: caSmartDP_SmartStay : caFace_Aux_FindEyes_IRS time 55835
04-11 11:45:51.616 3176-3299/? D/DMCFaceEngine: caSmartDP_SmartStay : Single Eye Detection Fail dir 1
04-11 11:45:51.616 3176-3299/? D/DMCFaceEngine: caSmartDP_SmartStay : loop End ED dir 1 with nResult -1
04-11 11:45:51.616 3176-3299/? D/DMCFaceEngine: caSmartDP_SmartStay : SINGLE EYE DETECTION LOOP END with nResult -1
04-11 11:45:51.616 3176-3299/? D/DMCFaceEngine: caSmartDP_SmartStay : DETECT HUMAN FAIL
04-11 11:45:51.616 3176-3299/? D/DMCFaceEngine: caSmartDP_SmartStay : face : X[0] Y[0] W[0] H[0]
04-11 11:45:51.616 3176-3299/? D/DMCFaceEngine: caSmartDP_SmartStay : eye  : LX[0] LY[0] RX[0] RY[0]
04-11 11:45:51.616 3176-3299/? E/SmartScreen_JNI: processImage end : function time [ 178232 ] [-1] 
04-11 11:45:51.616 3176-3299/? E/Stay/RotationWorker: processSmartStay[72ms], ret: -1 needToStay: 0 mFrameCount: 2 mFixed: false
04-11 11:45:51.621 2570-20769/? D/ShotSingle: stopPreview
04-11 11:45:51.621 2570-20769/? V/ShotSingle: stopPreview(1)
04-11 11:45:51.621 2570-20769/? I/ExynosCameraHWInterface: [INFO] (void android::HAL_camera_device_stop_preview(camera_device*):364):camera(1) in
04-11 11:45:51.621 2570-20769/? D/ExynosCameraHWInterface: DEBUG(int android::check_camera_state(android::CAMERA_STATE, int)):camera(1) state(5) checking...
04-11 11:45:51.621 2570-20769/? D/ExynosCameraHWInterface: DEBUG(int android::check_camera_state(android::CAMERA_STATE, int)):camera(1) state(4:PREVIEW_RUNNING->5:PREVIEW_STOPPED) is valid
04-11 11:45:51.621 2570-20769/? I/ExynosCameraHWImpl: stopPreviewLocked
04-11 11:45:51.621 2570-20769/? I/ExynosCameraHWImpl: stopPreviewLocked m_startStopLock.lock()
04-11 11:45:51.621 2570-20769/? D/ExynosCameraHWImpl: [INFO] stopPreview in
04-11 11:45:51.621 2570-20769/? W/ExynosCameraHWImpl: DEBUG(void android::ExynosCameraHWImpl::m_disableMsgType(int, bool)):m_msgEnabled = 0xc0d, disable msgType = 0x410
04-11 11:45:51.621 2570-20769/? D/ExynosCameraHWImpl: [INFO] stopPreview (854) m_previewRunning true
04-11 11:45:51.621 2570-20769/? D/ExynosCameraHWImpl: [virtual void android::ExynosCameraHWImpl::stopPreview()] tryThreadStatus = 0x0 tryStopCount 0
04-11 11:45:51.631 2570-20769/? D/ExynosCameraHWImpl: [virtual void android::ExynosCameraHWImpl::stopPreview()] tryThreadStatus = 0x0 tryStopCount 1
04-11 11:45:51.641 2570-20769/? D/ExynosCameraHWImpl: [virtual void android::ExynosCameraHWImpl::stopPreview()] tryThreadStatus = 0x3 tryStopCount 2
04-11 11:45:51.641 2570-23679/? D/ExynosCameraHWImpl: [bool android::ExynosCameraHWImpl::m_ispThreadFunc()] (5027)
04-11 11:45:51.641 2570-23695/? D/ExynosCameraHWImpl: [bool android::ExynosCameraHWImpl::m_previewThreadFunc()] (7071)
04-11 11:45:51.651 2570-20769/? D/ExynosCameraHWImpl: [virtual void android::ExynosCameraHWImpl::stopPreview()] tryThreadStatus = 0xf tryStopCount 3
04-11 11:45:51.651 2570-20769/? D/ExynosCameraHWImpl: [INFO] stopPreview (914) m_stopSensor try exit
04-11 11:45:51.651 2570-20769/? D/ExynosCameraHWImpl: [void android::ExynosCameraHWImpl::m_stopSensor()] (4598)
04-11 11:45:51.651 2570-20769/? D/ExynosCamera: [int ExynosCamera::cam_int_streamoff(node_info_t*)] (1564) fd 44, type 9
04-11 11:45:51.651 2570-23694/? D/ExynosCameraHWImpl: [bool android::ExynosCameraHWImpl::m_sensorThreadFuncM2M()] (4662)
04-11 11:45:51.681 2570-20769/? D/ExynosCamera: [int ExynosCamera::cam_int_reqbufs(node_info_t*)] (1350) fd 44, count 0, type 9, memory 4
04-11 11:45:51.681 2570-20769/? D/ExynosCameraHWImpl: [INFO] stopPreview (916) m_stopSensor was exited
04-11 11:45:51.681 2570-20769/? D/ExynosCamera: [bool ExynosCamera::stopIs3a0(CAMERA_SENSOR)] (6435)
04-11 11:45:51.681 2570-20769/? D/ExynosCamera: [int ExynosCamera::cam_int_streamoff(node_info_t*)] (1564) fd 48, type 10
04-11 11:45:51.686 2570-20769/? D/ExynosCamera: [int ExynosCamera::cam_int_reqbufs(node_info_t*)] (1350) fd 48, count 0, type 10, memory 4
04-11 11:45:51.716 2570-20769/? D/ExynosCamera: [int ExynosCamera::cam_int_streamoff(node_info_t*)] (1564) fd 48, type 9
04-11 11:45:51.716 2570-20769/? D/ExynosCamera: [int ExynosCamera::cam_int_reqbufs(node_info_t*)] (1350) fd 48, count 0, type 9, memory 4
04-11 11:45:51.721 2570-20769/? D/ExynosCamera: [bool ExynosCamera::stopIsp()] (6302)
04-11 11:45:51.721 2570-20769/? D/ExynosCamera: [bool ExynosCamera::stopIspOff()] (6247)
04-11 11:45:51.721 2570-20769/? D/ExynosCamera: [int ExynosCamera::cam_int_streamoff(node_info_t*)] (1564) fd 45, type 10
04-11 11:45:51.746 2570-20769/? D/ExynosCamera: [int ExynosCamera::cam_int_clrbufs(node_info_t*)] (1371) fd 45, count 0, type 10, memory 4
04-11 11:45:51.766 2570-20769/? D/ExynosCamera: [bool ExynosCamera::stopPreview()] (3433)
04-11 11:45:51.766 2570-20769/? D/ExynosCamera: [bool ExynosCamera::stopPreviewOff()] (3360)
04-11 11:45:51.766 2570-20769/? D/ExynosCameraActivityFlash: [bool android::ExynosCameraActivityFlash::setFlashReq(android::ExynosCameraActivityFlash::FLASH_REQ)] (662)(0)
04-11 11:45:51.766 2570-20769/? D/ExynosCameraActivityAutofocus: [bool android::ExynosCameraActivityAutofocus::stopAutofocus()] (346) m_autoFocusMode(8)
04-11 11:45:51.766 2570-20769/? D/ExynosCamera: [int ExynosCamera::cam_int_streamoff(node_info_t*)] (1564) fd 50, type 9
04-11 11:45:51.766 2570-20769/? D/ExynosCamera: [int ExynosCamera::cam_int_clrbufs(node_info_t*)] (1371) fd 50, count 0, type 9, memory 4
04-11 11:45:51.766 2570-20769/? D/ExynosCameraHWImpl: [bool android::ExynosCameraHWImpl::m_stopPictureInternal()] (8242)
04-11 11:45:51.766 2570-20769/? D/ExynosCamera: [bool ExynosCamera::stopPicture()] (7374)
04-11 11:45:51.766 2570-20769/? D/ExynosCamera: [bool ExynosCamera::stopPictureOff()] (7323)
04-11 11:45:51.766 2570-20769/? D/ExynosCamera: [int ExynosCamera::cam_int_streamoff(node_info_t*)] (1564) fd 49, type 9
04-11 11:45:51.766 3176-3294/? V/UsbDeviceManager: USB UEVENT: {USB_STATE=DISCONNECTED, SUBSYSTEM=android_usb, SEQNUM=2879, ACTION=change, DEVPATH=/devices/virtual/android_usb/android0}
04-11 11:45:51.771 2570-20769/? D/ExynosCamera: [int ExynosCamera::cam_int_clrbufs(node_info_t*)] (1371) fd 49, count 0, type 9, memory 4
04-11 11:45:51.771 2570-20769/? D/ExynosCameraHWImpl: [void android::ExynosCameraHWImpl::m_stopPreviewInternal()] (6714)
04-11 11:45:51.771 2570-20769/? D/ExynosCameraHWImpl: [INFO] m_stopPreviewInternal (6745)
04-11 11:45:51.771 2570-20769/? D/ExynosCamera: DEBUG(releaseAllInternalPreviewBuf): release all internal preview buffer
04-11 11:45:51.776 2570-20769/? D/ExynosCameraHWImpl: [INFO] stopPreview (1030) m_previewThread try exit
04-11 11:45:51.776 2570-20769/? D/ExynosCameraHWImpl: [INFO] stopPreview (1032) m_previewThread was exited
04-11 11:45:51.776 2570-20769/? D/ExynosCameraHWImpl: [INFO] stopPreview (1034) m_ispThread try exit
04-11 11:45:51.776 2570-20769/? D/ExynosCameraHWImpl: [INFO] stopPreview (1039) m_ispThread was exited
04-11 11:45:51.776 2570-20769/? D/ExynosCameraHWImpl: [INFO] stopPreview (1041) m_sensorThread try exit
04-11 11:45:51.776 2570-20769/? D/ExynosCameraHWImpl: [INFO] stopPreview (1043) m_sensorThread was exited
04-11 11:45:51.776 2570-20769/? D/ExynosCameraHWImpl: [INFO] stopPreview (1062) out
04-11 11:45:51.776 2570-20769/? W/ExynosCameraHWImpl: DEBUG(void android::ExynosCameraHWImpl::m_restoreMsgType()):m_storedMsg = 0xc0d, m_msgEnabled before = 0x80d
04-11 11:45:51.786 2570-20769/? I/ExynosCameraHWImpl: stopPreviewLocked m_startStopLock.unlock()
04-11 11:45:51.786 2570-20769/? I/ExynosCameraHWInterface: [INFO] (void android::HAL_camera_device_stop_preview(camera_device*):395):camera(1) out from stopPreviewLocked()
04-11 11:45:51.786 2570-20769/? I/ExynosCameraHWInterface: [INFO] (void android::HAL_camera_device_stop_preview(camera_device*):399):camera(1) unlocked..
04-11 11:45:51.786 2570-20769/? I/ExynosCameraHWInterface: [INFO] (void android::HAL_camera_device_stop_preview(camera_device*):404):camera(1) out
04-11 11:45:51.786 3176-3296/? I/SecCamera-JNI-Java: stopPreview
04-11 11:45:51.786 2570-2892/? D/SecCameraCoreManager: disableMsgType: 0x10
04-11 11:45:51.786 2570-2920/? D/SecCameraCoreManager: disableMsgType: 0xffffffff
04-11 11:45:51.786 2570-2920/? D/SecCameraCoreManager: stopPreview
04-11 11:45:51.786 2570-2920/? D/ShotSingle: stopPreview
04-11 11:45:51.786 2570-2920/? V/ShotSingle: stopPreview(1)
04-11 11:45:51.786 2570-2920/? I/ExynosCameraHWInterface: [INFO] (void android::HAL_camera_device_stop_preview(camera_device*):364):camera(1) in
04-11 11:45:51.786 2570-2920/? D/ExynosCameraHWInterface: DEBUG(int android::check_camera_state(android::CAMERA_STATE, int)):camera(1) state(5) checking...
04-11 11:45:51.786 2570-2920/? D/ExynosCameraHWInterface: DEBUG(int android::check_camera_state(android::CAMERA_STATE, int)):camera(1) state(5:PREVIEW_STOPPED->5:PREVIEW_STOPPED) is valid
04-11 11:45:51.786 2570-2920/? I/ExynosCameraHWImpl: stopPreviewLocked
04-11 11:45:51.786 2570-2920/? I/ExynosCameraHWImpl: stopPreviewLocked m_startStopLock.lock()
04-11 11:45:51.786 2570-2920/? D/ExynosCameraHWImpl: [INFO] stopPreview in
04-11 11:45:51.786 2570-2920/? W/ExynosCameraHWImpl: DEBUG(void android::ExynosCameraHWImpl::m_disableMsgType(int, bool)):m_msgEnabled = 0x0, disable msgType = 0x410
04-11 11:45:51.786 2570-2920/? D/ExynosCameraHWImpl: DEBUG(virtual void android::ExynosCameraHWImpl::stopPreview()):preview not running, doing nothing
04-11 11:45:51.786 2570-2920/? D/ExynosCameraHWImpl: [INFO] stopPreview (1062) out
04-11 11:45:51.786 2570-2920/? W/ExynosCameraHWImpl: DEBUG(void android::ExynosCameraHWImpl::m_restoreMsgType()):m_storedMsg = 0x0, m_msgEnabled before = 0x0
04-11 11:45:51.786 3176-3296/? E/SmartFaceService: Clear worker messages
04-11 11:45:51.796 2570-2920/? I/ExynosCameraHWImpl: stopPreviewLocked m_startStopLock.unlock()
04-11 11:45:51.796 2570-2920/? I/ExynosCameraHWInterface: [INFO] (void android::HAL_camera_device_stop_preview(camera_device*):395):camera(1) out from stopPreviewLocked()
04-11 11:45:51.796 2570-2920/? I/ExynosCameraHWInterface: [INFO] (void android::HAL_camera_device_stop_preview(camera_device*):399):camera(1) unlocked..
04-11 11:45:51.796 2570-2920/? I/ExynosCameraHWInterface: [INFO] (void android::HAL_camera_device_stop_preview(camera_device*):404):camera(1) out
04-11 11:45:51.796 2570-2920/? D/SecCameraCoreManager: cancelPicture
04-11 11:45:51.796 2570-2920/? I/ExynosCameraHWImpl: [INFO] cancelPicture
04-11 11:45:51.796 2570-2920/? D/SecCameraCoreManager: release
04-11 11:45:51.796 2570-2920/? D/SecCameraCoreManager: virtual void android::SecCameraCoreManager::release(): release IT policy checking thread
04-11 11:45:51.796 2570-2920/? I/ExynosCameraHWInterface: [INFO] (void android::HAL_camera_device_release(camera_device*):642):camera(1) in
04-11 11:45:51.796 2570-2920/? D/ExynosCameraHWInterface: DEBUG(int android::check_camera_state(android::CAMERA_STATE, int)):camera(1) state(2) checking...
04-11 11:45:51.796 2570-2920/? D/ExynosCameraHWInterface: DEBUG(int android::check_camera_state(android::CAMERA_STATE, int)):camera(1) state(5:PREVIEW_STOPPED->2:RELEASED) is valid
04-11 11:45:51.796 2570-2920/? I/ExynosCameraHWImpl: [INFO] release
04-11 11:45:51.796 2570-23677/? D/ExynosCameraHWImpl: DEBUG(m_videoThreadFuncWrapper:7912): SIGNAL(m_videoCondition) - recevied
04-11 11:45:51.796 2570-2920/? D/ExynosCameraHWImpl: DEBUG(virtual void android::ExynosCameraHWImpl::release()): exit burstPanoramaThread Thread
04-11 11:45:51.796 2570-2920/? D/ExynosCameraHWImpl: DEBUG(virtual void android::ExynosCameraHWImpl::release()): exit burstPanoramaCSCThread Thread
04-11 11:45:51.796 2570-2920/? E/libcsc: csc_deinit:: unsupported csc_hw_type
04-11 11:45:51.796 2570-2920/? E/libcsc: csc_deinit:: unsupported csc_hw_type
04-11 11:45:51.796 2570-2920/? D/libexynosgscaler: virtual CGscaler::~CGscaler()
04-11 11:45:51.796 2570-2920/? D/libexynosgscaler: virtual LibMpp::~LibMpp()
04-11 11:45:51.796 2570-2920/? D/ExynosCamera: [bool ExynosCamera::destroy()] (2600)
04-11 11:45:51.796 2570-2920/? D/ExynosCamera: DEBUG(releaseAllInternalPreviewBuf): release all internal preview buffer
04-11 11:45:51.796 2570-2920/? D/ExynosCamera: [bool ExynosCamera::closePreview()] (12286)
04-11 11:45:51.796 2570-2920/? D/ExynosCamera: [bool ExynosCamera::closePicture()] (12329)
04-11 11:45:51.796 2570-2920/? D/ExynosCamera: [bool ExynosCamera::closeIs3a0(CAMERA_SENSOR)] (12378)
04-11 11:45:51.796 2570-2920/? D/ExynosCamera: [bool ExynosCamera::closeIs3a0(CAMERA_SENSOR)] (12378)
04-11 11:45:51.796 2570-2920/? D/ExynosCamera: [bool ExynosCamera::closeIs3a0(CAMERA_SENSOR)] (12378)
04-11 11:45:51.796 2570-2920/? D/ExynosCamera: [bool ExynosCamera::closeIs3a1(CAMERA_SENSOR)] (12429)
04-11 11:45:51.796 2570-2920/? D/ExynosCamera: [bool ExynosCamera::closeIs3a1(CAMERA_SENSOR)] (12429)
04-11 11:45:51.796 2570-2920/? D/ExynosCamera: [bool ExynosCamera::closeIs3a1(CAMERA_SENSOR)] (12429)
04-11 11:45:51.796 2570-2920/? D/ExynosCamera: [bool ExynosCamera::deinitSensor()] (12082)
04-11 11:45:51.796 2570-2920/? D/ExynosCamera: [bool ExynosCamera::closeSensor()] (12127)
04-11 11:45:51.796 2570-2920/? D/ExynosCamera: [bool ExynosCamera::closeIsp()] (12176)
04-11 11:45:51.836 3176-3262/? D/SecContentProvider: uri = 18 selection = isUsbMediaPlayerAvailable
04-11 11:45:51.836 23414-23414/? E/MTPRx: In MtpReceiverandroid.hardware.usb.action.USB_STATE
04-11 11:45:51.836 3176-3193/? D/SecContentProvider2: uri = 14 selection = getSealedState
04-11 11:45:51.836 3176-3193/? D/SecContentProvider2: mCursor = null
04-11 11:45:51.836 3176-3294/? V/UsbDeviceManager: USB UEVENT: {USB_STATE=CONNECTED, SUBSYSTEM=android_usb, SEQNUM=2880, ACTION=change, DEVPATH=/devices/virtual/android_usb/android0}
04-11 11:45:51.836 3176-3262/? D/UsbDeviceManager: handleMessage -> MSG_UPDATE_STATE connected = 1,configured = 0
04-11 11:45:51.836 3176-3262/? D/UsbDeviceManager: updateUsbNotification : mConnected = true, mConfigured = false, mCurrentFunctions = mtp,adb
04-11 11:45:51.836 3176-3262/? E/UsbDeviceManager: mtp_and_ptp policy not yet?
04-11 11:45:51.836 3176-3262/? D/UsbDeviceManager: broadcasting Intent { act=android.hardware.usb.action.USB_STATE flg=0x20000000 (has extras) } connected: true configured: false
04-11 11:45:51.836 3176-3262/? D/UsbDeviceManager: sending intent : ACTION_USB_STATE : connected = true, configured = false, functions = mtp,adb
04-11 11:45:51.841 3176-3786/? D/SecContentProvider2: uri = 14 selection = getSealedUsbMassStorageState
04-11 11:45:51.841 3176-3786/? D/SecContentProvider2: mCursor = null
04-11 11:45:51.841 23414-23414/? V/MTPRx: sealedState: false
04-11 11:45:51.841 23414-23414/? V/MTPRx: sealedUsbMassStorageState: false
04-11 11:45:51.841 23414-23414/? E/MTPRx: check value of boot_completed is1
04-11 11:45:51.841 23414-23414/? E/MTPRx: check booting is completed_sys.boot_completed
04-11 11:45:51.841 23414-23414/? E/MTPRx: Sd-Card path/storage/extSdCard
04-11 11:45:51.841 23414-23414/? E/MTPRx: Status for mount/Unmount :removed
04-11 11:45:51.841 23414-23414/? E/MTPRx: SDcard is not available
04-11 11:45:51.841 23414-23414/? W/MTPRx: value of connected istrue
04-11 11:45:51.841 23414-23414/? W/MTPRx: value of configured isfalse
04-11 11:45:51.841 23414-23414/? W/MTPRx: value of mtpEnabled istrue
04-11 11:45:51.841 23414-23414/? W/MTPRx: value of ptpEnabled isfalse
04-11 11:45:51.841 23414-23414/? E/MTPRx: Received USB_STATE with sdCardLaunch = 0
04-11 11:45:51.841 23414-23414/? E/MTPRx: configured is false
04-11 11:45:51.866 2570-2920/? D/ExynosCamera: [bool ExynosCamera::closePreview2()] (13006)
04-11 11:45:51.866 2570-2920/? D/ExynosCamera: [bool ExynosCamera::closePicture2()] (13049)
04-11 11:45:51.866 2570-2920/? D/ExynosCamera: [bool ExynosCamera::deinitSensor2()] (12885)
