ggExtractor: ~OggExtractor ++
04-11 11:19:38.880 2570-20769/? I/OggExtractor: ~MyVorbisExtractor ++ 
04-11 11:19:38.880 2570-20769/? I/OggExtractor: ~MyVorbisExtractor --
04-11 11:19:38.880 2570-20769/? I/OggExtractor: ~OggExtractor --
04-11 11:19:38.880 2570-20769/? V/AwesomePlayer: reset_l() mAudioPlayer successfully deleted
04-11 11:19:38.880 2570-20769/? I/SecVideoCapture: SecVideoCapture destructor
04-11 11:19:38.880 2570-20769/? I/SecVideoCapture: reset
04-11 11:19:38.880 2570-20769/? V/AwesomePlayer: mSecCapture clear
04-11 11:19:38.880 2570-20769/? I/SecMediaClock: SecMediaClock destructor
04-11 11:19:38.880 2570-20769/? V/AwesomePlayer: mSecMediaClock clear
04-11 11:19:38.880 2570-20769/? V/StagefrightPlayer: ~StagefrightPlayer
04-11 11:19:38.880 2570-20769/? V/StagefrightPlayer: reset
04-11 11:19:38.880 2570-20769/? V/AwesomePlayer: reset_l()
04-11 11:19:38.880 2570-20769/? V/AwesomePlayer: notifyListner_l() msg (8-MEDIA_STOPPED), ext1 (0), ext2 (0)
04-11 11:19:38.880 2570-20769/? V/AwesomePlayer: cancelPlayerEvents (keepNotifications=0)
04-11 11:19:38.880 2570-20769/? V/AwesomePlayer: mAudioTrackVector clear
04-11 11:19:38.880 2570-20769/? V/AwesomePlayer: reset_l() mAudioPlayer successfully deleted
04-11 11:19:38.880 2570-20769/? V/AwesomePlayer: mSecCapture clear
04-11 11:19:38.880 2570-20769/? V/AwesomePlayer: mSecMediaClock clear
04-11 11:19:38.880 2570-20769/? V/AwesomePlayer: destructor
04-11 11:19:38.885 2570-20769/? V/AwesomePlayer: reset_l()
04-11 11:19:38.885 2570-20769/? V/AwesomePlayer: notifyListner_l() msg (8-MEDIA_STOPPED), ext1 (0), ext2 (0)
04-11 11:19:38.885 2570-20769/? V/AwesomePlayer: cancelPlayerEvents (keepNotifications=0)
04-11 11:19:38.885 2570-20769/? V/AwesomePlayer: mAudioTrackVector clear
04-11 11:19:38.885 2570-20769/? V/AwesomePlayer: reset_l() mAudioPlayer successfully deleted
04-11 11:19:38.885 2570-20769/? V/AwesomePlayer: mSecCapture clear
04-11 11:19:38.885 2570-20769/? V/AwesomePlayer: mSecMediaClock clear
04-11 11:19:38.885 2570-20769/? V/MediaPlayerService: Client(4) destructor pid = 3176
04-11 11:19:38.885 2570-20769/? V/MediaPlayerService: MediaFader destructor++
04-11 11:19:38.885 2570-20769/? V/MediaPlayerService: mediafader kill++
04-11 11:19:38.885 2570-23194/? V/MediaPlayerService: fade IDLE after wait me->mState=0
04-11 11:19:38.885 2570-23194/? D/MediaPlayerService: MediaFader stopped
04-11 11:19:38.885 2570-20769/? V/MediaPlayerService: mediafader kill--
04-11 11:19:38.885 2570-20769/? V/MediaPlayerService: MediaFader destructor--
04-11 11:19:38.885 2570-20769/? V/AudioSink: +++ close
04-11 11:19:38.885 2570-20769/? V/AudioSink: --- close
04-11 11:19:38.885 2570-20769/? V/MediaPlayerService: disconnect(4) from pid 3176
04-11 11:19:38.885 2570-20769/? V/MediaPlayer: destructor
04-11 11:19:38.885 2570-20769/? V/MediaPlayer: disconnect
04-11 11:19:40.210 3176-3267/? D/PowerManagerService: [s] UserActivityState : 1 -> 4
04-11 11:19:40.215 3176-3267/? I/PowerManagerService: [PWL] On : 2353139 (5006 ms ago)
04-11 11:19:40.215 3176-3267/? I/PowerManagerService: [PWL]  mStayOn: false  mWakeLockSummary & WAKE_LOCK_STAY_AWAKE: 20  mUserActivitySummary: 0x4
04-11 11:19:40.215 3176-3267/? I/PowerManagerService: [PWL]  SCREEN_DIM_WAKE_LOCK           'PowerUI.Notification' ACQUIRE_CAUSES_WAKEUP (uid=10020, pid=3395, ws=null) (elapsedTime=5008)
04-11 11:19:40.215 3176-3267/? D/DisplayPowerController: getFinalBrightness : 10 -> 10
04-11 11:19:40.215 3176-3267/? D/DisplayPowerController: animation target = 10, rate=500 (PSM:false, AB limit:(-1 ~ -1) MB Limit:(-1 ~ -1) MAdj:(0, (0, 255)))
04-11 11:19:40.215 3176-3267/? D/PowerManagerService: [s] DisplayPowerCallbacks : onStateChanged()
04-11 11:19:40.220 3176-3358/? D/lights: lcd : 98 +
04-11 11:19:40.220 3176-3358/? D/lights: lcd : 98 -
04-11 11:19:40.235 3176-3358/? D/lights: lcd : 89 +
04-11 11:19:40.285 3176-3358/? D/lights: lcd : 89 -
04-11 11:19:40.285 3176-3358/? D/lights: lcd : 64 +
04-11 11:19:40.290 3395-3395/? W/KeyguardSecurityViewFlipper: onMeasure: widthSpec MeasureSpec: EXACTLY 1080 should be AT_MOST
04-11 11:19:40.290 3395-3395/? W/KeyguardSecurityViewFlipper: onMeasure: heightSpec MeasureSpec: EXACTLY 1770 should be AT_MOST
04-11 11:19:40.300 3395-3395/? D/KeyguardViewMediator: handleKeyguardDoneDrawing
04-11 11:19:40.335 3176-3358/? D/lights: lcd : 64 -
04-11 11:19:40.335 3176-3358/? D/lights: lcd : 48 +
04-11 11:19:40.385 3176-3358/? D/lights: lcd : 48 -
04-11 11:19:40.385 3176-3358/? D/lights: lcd : 23 +
04-11 11:19:40.400 3176-3267/? D/DisplayPowerController: getFinalBrightness : 10 -> 10
04-11 11:19:40.400 3176-3267/? D/DisplayPowerController: animation target = 10, rate=500 (PSM:false, AB limit:(-1 ~ -1) MB Limit:(-1 ~ -1) MAdj:(0, (0, 255)))
04-11 11:19:40.435 3176-3358/? D/lights: lcd : 23 -
04-11 11:19:40.435 3176-3358/? D/LightsService: Excessive delay setting light: 51ms
04-11 11:19:40.435 3176-3358/? D/lights: lcd : 10 +
04-11 11:19:40.485 3176-3358/? D/lights: lcd : 10 -
04-11 11:19:40.485 3176-3267/? D/DisplayPowerController: getFinalBrightness : 10 -> 10
04-11 11:19:40.485 3176-3267/? D/DisplayPowerController: animation target = 10, rate=500 (PSM:false, AB limit:(-1 ~ -1) MB Limit:(-1 ~ -1) MAdj:(0, (0, 255)))
04-11 11:19:42.865 3395-3395/? D/StatusBar.NetworkController: onSignalStrengthsChanged signalStrength=SignalStrength: 20 99 -20 -200 -20 -200 -1 99 2147483647 2147483647 2147483647 -1 2147483647 0x4 gsm|lte level=4
04-11 11:19:42.865 3395-3395/? D/StatusBar.NetworkController: updateTelephonySignalStrength: hasService=true ss=SignalStrength: 20 99 -20 -200 -20 -200 -1 99 2147483647 2147483647 2147483647 -1 2147483647 0x4 gsm|lte
04-11 11:19:42.865 3395-3395/? D/StatusBar.NetworkController: updateTelephonySignalStrength: iconLevel=4
04-11 11:19:42.865 3395-3395/? D/StatusBar.NetworkController: updateTelephonySignalStrength, No signal level. mPhoneSignalIconId = com.android.systemui:drawable/stat_sys_signal_4_auto_rotate mDataSignalIconId = com.android.systemui:drawable/stat_sys_signal_4_auto_rotate mQSPhoneSignalIconId = com.android.systemui:drawable/ic_qs_signal_4 mContentDescriptionPhoneSignal = Phone signal full.
04-11 11:19:42.870 3395-3395/? D/StatusBar.NetworkController: Nothing, mRoamingIconId = 0
04-11 11:19:42.875 3395-3395/? D/StatusBar.NetworkController: refreshViews connected={ } level=4 combinedSignalIconId=0x7f0204b5/com.android.systemui:drawable/stat_sys_signal_4_auto_rotate mobileLabel=Emergency calls only wifiLabel= emergencyOnly=true combinedLabel=No Internet connection mAirplaneMode=false mDataActivity=0 mPhoneSignalIconId=0x7f0204b5/com.android.systemui:drawable/stat_sys_signal_4_auto_rotate mQSPhoneSignalIconId=0x7f02012a/com.android.systemui:drawable/ic_qs_signal_4 mDataDirectionIconId=0x0/(null) mDataSignalIconId=0x7f0204b5/com.android.systemui:drawable/stat_sys_signal_4_auto_rotate mDataTypeIconId=0x0/(null) mQSDataTypeIconId=0x0/(null) mNoSimIconId=0x0/(null) mWifiIconId=0x0/(null) mQSWifiIconId=0x0/(null) mWifiActivityIconId=0x0/(null) mBluetoothTetherIconId=0x10808cc/android:drawable/stat_sys_tether_bluetooth
04-11 11:19:42.875 3395-3395/? D/STATUSBAR-WifiQuickSettingButton: onWifiSignalChanged enabled=false enabledDesc:null
04-11 11:19:45.095 3176-3670/? D/BatteryService: !@BatteryListener : batteryPropertiesChanged!
04-11 11:19:45.095 3176-3670/? D/BatteryService: level:100, scale:100, status:5, health:2, present:true, voltage: 4347, temperature: 275, technology: Li-ion, AC powered:false, USB powered:true, Wireless powered:false, icon:17303687, invalid charger:0
04-11 11:19:45.095 3176-3670/? D/BatteryService: online:4, current avg:460, charge type:1, power sharing:false, high voltage charger:false, capacity:280000, current_now:460
04-11 11:19:45.100 3176-3176/? D/BatteryService: Sending ACTION_BATTERY_CHANGED.
04-11 11:19:45.100 3176-3176/? I/MotionRecognitionService: Plugged
04-11 11:19:45.100 3176-3176/? I/MotionRecognitionService: setPowerConnected  = true
04-11 11:19:45.105 3176-3253/? D/GpsLocationProvider: receive broadcast intent, action: android.intent.action.BATTERY_CHANGED
04-11 11:19:45.105 3395-3395/? D/KeyguardUpdateMonitor: received broadcast android.intent.action.BATTERY_CHANGED
04-11 11:19:45.105 3395-3395/? D/KeyguardUpdateMonitor: handleBatteryUpdate
04-11 11:19:45.110 3395-3395/? D/STATUSBAR-PhoneStatusBar:  mBrightnessEnablebySettings = true mBrightnessEnablebyBattery = true mBrightnessEnablebyDisableFlag = true mPmsBrightnessEnablebySettings = true
04-11 11:19:45.110 3395-3395/? D/BatteryMeterView: ACTION_BATTERY_CHANGED : level:100 status:5 health:2
04-11 11:19:45.110 3395-3395/? D/BatteryMeterView: ACTION_BATTERY_CHANGED : level:100 status:5 health:2
04-11 11:19:45.115 4988-4988/? V/HeadsetService: HeadsetService - Received Intent.ACTION_BATTERY_CHANGED
04-11 11:19:45.115 4988-5048/? D/HeadsetStateMachine: Disconnected process message: 10
04-11 11:19:45.125 3395-3395/? D/BatteryMeterView: ACTION_BATTERY_CHANGED : level:100 status:5 health:2
04-11 11:19:45.245 3176-3534/? E/Watchdog: !@Sync 78
04-11 11:19:45.690 3176-5049/? D/SSRM:n: SIOP:: AP = 270, CUR = 460
04-11 11:19:47.980 3395-3395/? D/StatusBar.NetworkController: onSignalStrengthsChanged signalStrength=SignalStrength: 19 99 -19 -200 -19 -200 -1 99 2147483647 2147483647 2147483647 -1 2147483647 0x4 gsm|lte level=4
04-11 11:19:47.980 3395-3395/? D/StatusBar.NetworkController: updateTelephonySignalStrength: hasService=true ss=SignalStrength: 19 99 -19 -200 -19 -200 -1 99 2147483647 2147483647 2147483647 -1 2147483647 0x4 gsm|lte
04-11 11:19:47.980 3395-3395/? D/StatusBar.NetworkController: updateTelephonySignalStrength: iconLevel=4
04-11 11:19:47.980 3395-3395/? D/StatusBar.NetworkController: updateTelephonySignalStrength, No signal level. mPhoneSignalIconId = com.android.systemui:drawable/stat_sys_signal_4_auto_rotate mDataSignalIconId = com.android.systemui:drawable/stat_sys_signal_4_auto_rotate mQSPhoneSignalIconId = com.android.systemui:drawable/ic_qs_signal_4 mContentDescriptionPhoneSignal = Phone signal full.
04-11 11:19:47.985 3395-3395/? D/StatusBar.NetworkController: Nothing, mRoamingIconId = 0
04-11 11:19:47.990 3395-3395/? D/StatusBar.NetworkController: refreshViews connected={ } level=4 combinedSignalIconId=0x7f0204b5/com.android.systemui:drawable/stat_sys_signal_4_auto_rotate mobileLabel=Emergency calls only wifiLabel= emergencyOnly=true combinedLabel=No Internet connection mAirplaneMode=false mDataActivity=0 mPhoneSignalIconId=0x7f0204b5/com.android.systemui:drawable/stat_sys_signal_4_auto_rotate mQSPhoneSignalIconId=0x7f02012a/com.android.systemui:drawable/ic_qs_signal_4 mDataDirectionIconId=0x0/(null) mDataSignalIconId=0x7f0204b5/com.android.systemui:drawable/stat_sys_signal_4_auto_rotate mDataTypeIconId=0x0/(null) mQSDataTypeIconId=0x0/(null) mNoSimIconId=0x0/(null) mWifiIconId=0x0/(null) mQSWifiIconId=0x0/(null) mWifiActivityIconId=0x0/(null) mBluetoothTetherIconId=0x10808cc/android:drawable/stat_sys_tether_bluetooth
04-11 11:19:47.990 3395-3395/? D/STATUSBAR-WifiQuickSettingButton: onWifiSignalChanged enabled=false enabledDesc:null
04-11 11:19:55.110 3176-3786/? D/BatteryService: !@BatteryListener : batteryPropertiesChanged!
04-11 11:19:55.115 3176-3786/? D/BatteryService: level:100, scale:100, status:5, health:2, present:true, voltage: 4348, temperature: 275, technology: Li-ion, AC powered:false, USB powered:true, Wireless powered:false, icon:17303687, invalid charger:0
04-11 11:19:55.115 3176-3786/? D/BatteryService: online:4, current avg:460, charge type:1, power sharing:false, high voltage charger:false, capacity:280000, current_now:460
04-11 11:19:55.115 3176-3176/? D/BatteryService: Sending ACTION_BATTERY_CHANGED.
04-11 11:19:55.120 3395-3395/? D/KeyguardUpdateMonitor: received broadcast android.intent.action.BATTERY_CHANGED
04-11 11:19:55.120 3176-3176/? I/MotionRecognitionService: Plugged
04-11 11:19:55.120 3176-3176/? I/MotionRecognitionService: setPowerConnected  = true
04-11 11:19:55.125 3176-3253/? D/GpsLocationProvider: receive broadcast intent, action: android.intent.action.BATTERY_CHANGED
04-11 11:19:55.125 3395-3395/? D/KeyguardUpdateMonitor: handleBatteryUpdate
04-11 11:19:55.130 4988-4988/? V/HeadsetService: HeadsetService - Received Intent.ACTION_BATTERY_CHANGED
04-11 11:19:55.130 3395-3395/? D/STATUSBAR-PhoneStatusBar:  mBrightnessEnablebySettings = true mBrightnessEnablebyBattery = true mBrightnessEnablebyDisableFlag = true mPmsBrightnessEnablebySettings = true
04-11 11:19:55.130 3395-3395/? D/BatteryMeterView: ACTION_BATTERY_CHANGED : level:100 status:5 health:2
04-11 11:19:55.130 3395-3395/? D/BatteryMeterView: ACTION_BATTERY_CHANGED : level:100 status:5 health:2
04-11 11:19:55.135 4988-5048/? D/HeadsetStateMachine: Disconnected process message: 10
04-11 11:19:55.135 3395-3395/? D/BatteryMeterView: ACTION_BATTERY_CHANGED : level:100 status:5 health:2
04-11 11:19:55.260 3176-3354/? D/InputManager-JNI: setDeviceInteractive: 0
04-11 11:19:55.260 3176-3785/? D/PowerManagerService: [api] release WakeLock flags=0x10000006 tag=PowerUI.Notification uid=10020 pid=3395 (0x0)
04-11 11:19:55.260 3176-3785/? I/PowerManagerService: !@[ps] Screen__Off - 3 : release wake lock: (0x1) (2)
04-11 11:19:55.260 3176-3785/? I/PowerManagerService: Going to sleep due to screen timeout (uid 1000)...
04-11 11:19:55.265 3176-23225/? D/InputManager-JNI: sysfs_write +: /sys/class/input/event15/device/enabled: 0
04-11 11:19:55.265 3176-23226/? D/InputManager-JNI: sysfs_write +: /sys/class/input/event1/device/enabled: 0
04-11 11:19:55.265 3176-3267/? D/DisplayPowerController: getFinalBrightness : 10 -> 10
04-11 11:19:55.265 3176-3267/? D/DisplayPowerController: animation target = 10, rate=500 (PSM:false, AB limit:(-1 ~ -1) MB Limit:(-1 ~ -1) MAdj:(0, (0, 255)))
04-11 11:19:55.270 3176-23226/? D/InputManager-JNI: sysfs_write -: /sys/class/input/event1/device/enabled: 0
04-11 11:19:55.270 3176-3267/? D/PowerManagerService: [s] DisplayPowerCallbacks : onStateChanged()
04-11 11:19:55.270 3176-3267/? D/PowerManagerService: [PWL] sb acquire: PowerManagerService.Broadcasts
04-11 11:19:55.270 3176-3267/? D/PowerManagerService: SecHardwareInterface.setBatteryADC : false
04-11 11:19:55.270 3176-3267/? D/PowerManagerService: handleSandman : startDream()
04-11 11:19:55.275 3176-23225/? D/InputManager-JNI: sysfs_write -: /sys/class/input/event15/device/enabled: 0
04-11 11:19:55.275 3176-3267/? E/PowerManagerService: handleSandman : startDreaming, but isDreaming false
04-11 11:19:55.275 3176-3267/? I/PowerManagerService: Sleeping (uid 1000)...
04-11 11:19:55.275 3176-3267/? D/PowerManagerService: [s] UserActivityState : 4 -> 0
04-11 11:19:55.275 3176-3267/? D/PowerManagerService: [input device light] setInputDeviceLightOn is called : 0
04-11 11:19:55.280 3395-3957/? D/KeyguardViewMediator: onScreenTurnedOff(3)
04-11 11:19:55.280 3395-3957/? I/KeyguardEffectViewController: *** KeyguardEffectView getInstanceIfExists ***
04-11 11:19:55.280 3395-3957/? D/KeyguardEffectViewController: changeWallpaperByScreenOff()
04-11 11:19:55.280 3395-3957/? D/KeyguardViewMediator: notifyScreenOffLocked
04-11 11:19:55.280 3395-3957/? E/KeyguardViewMediator: resetStateLocked
04-11 11:19:55.280 3176-3355/? D/PowerManagerService: [input device light] handleInputDeviceLightOff
04-11 11:19:55.285 3395-3395/? D/KeyguardViewMediator: handleNotifyScreenOff
04-11 11:19:55.285 2563-2563/? I/SurfaceFlinger: id=24 createSurf (1080x1920),2 flag=404, DolorFade
04-11 11:19:55.285 3395-3395/? D/KeyguardViewBase: screen off, instance 8579d5a at 2373217
04-11 11:19:55.290 3395-3395/? W/Settings: Setting airplane_mode_on has moved from android.provider.Settings.System to android.provider.Settings.Global, returning read-only value.
04-11 11:19:55.290 3395-3395/? V/KeyguardSecurityView: showPrimarySecurityScreen(turningOff=true)
04-11 11:19:55.290 3395-3395/? D/KeyguardSecurityView: showSecurityScreen(None)
04-11 11:19:55.290 3176-3176/? D/LightsService: [api] [SvcLED] setFlashing :: id = 3, color = 0, mode = 14, onMS = 0, offMS = 0,  (uid: 1000 pid: 3176) 
04-11 11:19:55.290 3176-3176/? D/LightsService: [SvcLED] setSvcLedStateLocked:: SvcLEDState : 0x0 -> 0x40 | SvcLED(id=3) set On
04-11 11:19:55.295 3176-3176/? I/Sensors: SensorBase::flush handle(6), sensor_type(7)
04-11 11:19:55.295 3176-3176/? I/Sensors: SensorBase::flush handle(6), sensor_type(7) return
04-11 11:19:55.295 3176-3176/? D/SensorManager: registerListener :: 6, CM3323 Light Sensor, 200000, 0,  
04-11 11:19:55.295 3395-3395/? D/PersonaManager: isKioskContainerExistOnDevice
04-11 11:19:55.295 3395-3395/? D/KeyguardViewMediator: Kiosk container not exists on device.
04-11 11:19:55.295 3395-3395/? D/KeyguardViewMediator: handleReset
04-11 11:19:55.295 3176-3287/? D/LightsService: [SvcLED]  onSensorChanged::light value = 98
04-11 11:19:55.300 3176-3287/? I/Sensors: SensorBase::batch(6, 0, 200000000, 0)
04-11 11:19:55.300 3176-3287/? D/SensorManager: unregisterListener ::   
04-11 11:19:55.300 3176-3176/? D/BatteryService: turn on LED for fully charged
04-11 11:19:55.305 3395-3395/? W/Settings: Setting airplane_mode_on has moved from android.provider.Settings.System to android.provider.Settings.Global, returning read-only value.
04-11 11:19:55.305 3176-3287/? D/lights: led_pattern : 5 +
04-11 11:19:55.310 3395-3395/? D/KeyguardEffectViewUtil: wallpaperType :1
04-11 11:19:55.315 3395-3395/? D/StatusBar-Window: fnf=false sanc=true, kni=false, sbf=true
04-11 11:19:55.315 3395-3395/? D/CoverUI: applyFocusableFlag() : Remove SAMSUNG_FLAG_SVIEW_COVER
04-11 11:19:55.315 3395-3395/? D/PhoneStatusBar: updateKeyguardState :1
04-11 11:19:55.320 3395-3395/? W/Settings: Setting airplane_mode_on has moved from android.provider.Settings.System to android.provider.Settings.Global, returning read-only value.
04-11 11:19:55.320 3176-3287/? D/lights: led_pattern : 5 -
04-11 11:19:55.320 3176-3258/? I/Sensors: META: sensor(6), what(1)
04-11 11:19:55.320 3395-3395/? W/Settings: Setting airplane_mode_on has moved from android.provider.Settings.System to android.provider.Settings.Global, returning read-only value.
04-11 11:19:55.320 3176-3287/? D/LightsService: [SvcLED]  setSvcLedLightLocked :: Current SvcLED(id=3) maintains its priority right
04-11 11:19:55.325 3395-3395/? D/StatusBar: LSSN:1
04-11 11:19:55.330 3395-3395/? W/Settings: Setting airplane_mode_on has moved from android.provider.Settings.System to android.provider.Settings.Global, returning read-only value.
04-11 11:19:55.330 3176-3176/? I/CAE: handleMessage(CaPowerManager.java:182) - AP_SLEEP
04-11 11:19:55.330 3176-3176/? I/CAE: updateApPowerStatus(SensorHubParserProvider.java:421) - AP_SLEEP
04-11 11:19:55.330 3395-3395/? D/StatusBar: fullBouncer=false
04-11 11:19:55.330 3395-3395/? D/StatusBar: SLN:S
04-11 11:19:55.330 3395-3395/? E/LSO: LSO Service is not yet ready!!!
04-11 11:19:55.330 3395-3395/? D/StatusBar-QSPanel: setSingleLine:true
04-11 11:19:55.335 3176-3176/? I/CAE: sendCmdToSensorHub(SensorHubCommManager.java:144) - -76, 13, -46, 0,
04-11 11:19:55.335 3395-3395/? D/StatusBar-QSPanel: updateButtonInfo mButtonWidth : 206 mColumns:5 orien: 1 displayWidth:1032
04-11 11:19:55.335 3176-3176/? D/SensorHubManager: SendSensorHubData: send data = -76, 13, -46, 0
04-11 11:19:55.335 3395-3395/? D/StatusBar-QSPanel: setSingleLine height:0
04-11 11:19:55.335 2576-2576/? D/Sensorhubs: sendContextData: -76, 13, -46, 0
04-11 11:19:55.335 3395-3395/? D/STATUSBAR-PhoneStatusBar:  mBrightnessEnablebySettings = true mBrightnessEnablebyBattery = true mBrightnessEnablebyDisableFlag = true mPmsBrightnessEnablebySettings = true
04-11 11:19:55.340 3176-3176/? I/CAE: sendCmdToSensorHub(SensorHubCommManager.java:144) - -63, 14, 17, 19, 55,
04-11 11:19:55.340 3176-3176/? D/SensorHubManager: SendSensorHubData: send data = -63, 14, 17, 19, 55
04-11 11:19:55.340 2576-2849/? D/Sensorhubs: sendContextData: -63, 14, 17, 19, 55
04-11 11:19:55.340 3395-3395/? I/PhoneStatusBar: Icon Only
04-11 11:19:55.340 3395-3395/? D/STATUSBAR-PhoneStatusBar: showHideQConnectLayout userID : 0 emMode:false mQconnectEnable:true QconnectService:true
04-11 11:19:55.345 3395-3395/? I/StatusBar: Icon Only
04-11 11:19:55.350 3395-3395/? W/Settings: Setting airplane_mode_on has moved from android.provider.Settings.System to android.provider.Settings.Global, returning read-only value.
04-11 11:19:55.350 3395-3395/? D/NotificationStackScrollLayout: hasNotification()-C:5
04-11 11:19:55.350 3395-3395/? D/NotificationStackScrollLayout: hasNotification()-0-N:false
04-11 11:19:55.350 3395-3395/? D/NotificationStackScrollLayout: hasNotification()-0-V:8
04-11 11:19:55.350 3395-3395/? D/NotificationStackScrollLayout: hasNotification()-1-N:false
04-11 11:19:55.350 3395-3395/? D/NotificationStackScrollLayout: hasNotification()-1-V:8
04-11 11:19:55.350 3395-3395/? D/NotificationStackScrollLayout: hasNotification()-2-N:true
04-11 11:19:55.350 3395-3395/? D/NotificationStackScrollLayout: hasNotification()-2-V:8
04-11 11:19:55.350 3395-3395/? D/NotificationStackScrollLayout: hasNotification()-3-N:true
04-11 11:19:55.350 3395-3395/? D/NotificationStackScrollLayout: hasNotification()-3-V:8
04-11 11:19:55.350 3395-3395/? D/NotificationStackScrollLayout: hasNotification()-4-N:false
04-11 11:19:55.350 3395-3395/? D/NotificationStackScrollLayout: hasNotification()-4-V:8
04-11 11:19:55.350 3395-3395/? D/PanelView: There is/are nonotification(s) 
04-11 11:19:55.350 3395-3395/? D/PhoneStatusBar: updateQSpanelHeight: 279 height:591
04-11 11:19:55.350 3395-3395/? W/Settings: Setting airplane_mode_on has moved from android.provider.Settings.System to android.provider.Settings.Global, returning read-only value.
04-11 11:19:55.350 3176-3176/? D/MotionRecognitionService:   mReceiver.onReceive : ACTION_SCREEN_OFF
04-11 11:19:55.355 3395-3395/? D/PanelView: setQsHeight mQsMin:0 mQsMax:705 mQsEx:0.0mQsPeek:591
04-11 11:19:55.355 3395-3395/? I/KeyguardEffectViewController: setKeyguardShowing = true
04-11 11:19:55.355 3395-3395/? D/KeyguardEffectViewController: reset()
04-11 11:19:55.355 3395-3395/? D/LensFlare_Keyguard: reset
04-11 11:19:55.355 3395-3395/? D/LensFlare: reset
04-11 11:19:55.355 3395-3395/? D/VisualEffectCircleUnlockEffect: KeyguardEffectViewNone : reset
04-11 11:19:55.355 3395-3395/? D/KeyguardEffectViewController: isFestivalActivated()false
04-11 11:19:55.355 3395-3395/? I/KeyguardEffectViewController: setFestivalKeyguardShowing = true ,:false
04-11 11:19:55.355 3395-3395/? D/KeyguardEffectViewController: isFestivalActivated()false
04-11 11:19:55.355 3395-3395/? D/PersonaManager: isKioskContainerExistOnDevice
04-11 11:19:55.355 3395-3395/? I/PhoneStatusBar: Icon Only
04-11 11:19:55.355 3395-3395/? I/StatusBar: Icon Only
04-11 11:19:55.355 3395-3395/? W/Settings: Setting airplane_mode_on has moved from android.provider.Settings.System to android.provider.Settings.Global, returning read-only value.
04-11 11:19:55.360 3395-3395/? D/NotificationStackScrollLayout: hasNotification()-C:5
04-11 11:19:55.360 3395-3395/? D/NotificationStackScrollLayout: hasNotification()-0-N:false
04-11 11:19:55.360 3395-3395/? D/NotificationStackScrollLayout: hasNotification()-0-V:8
04-11 11:19:55.360 3395-3395/? D/NotificationStackScrollLayout: hasNotification()-1-N:false
04-11 11:19:55.360 3395-3395/? D/NotificationStackScrollLayout: hasNotification()-1-V:8
04-11 11:19:55.360 3395-3395/? D/NotificationStackScrollLayout: hasNotification()-2-N:true
04-11 11:19:55.360 3395-3395/? D/NotificationStackScrollLayout: hasNotification()-2-V:8
04-11 11:19:55.360 3395-3395/? D/NotificationStackScrollLayout: hasNotification()-3-N:true
04-11 11:19:55.360 3395-3395/? D/NotificationStackScrollLayout: hasNotification()-3-V:8
04-11 11:19:55.360 3395-3395/? D/NotificationStackScrollLayout: hasNotification()-4-N:false
04-11 11:19:55.360 3176-3309/? D/SContextService: 	.unregisterCallback : 1, client=
04-11 11:19:55.360 3395-3395/? D/NotificationStackScrollLayout: hasNotification()-4-V:8
04-11 11:19:55.360 3395-3395/? D/PanelView: There is/are nonotification(s) 
04-11 11:19:55.360 3176-3309/? D/SContextService: unregisterCallback() : Listener = android.hardware.scontext.SContextService$Listener@3ae1da72, Service = Flip Cover Action, used = 1
04-11 11:19:55.360 3176-3309/? W/CAE: unregisterCallback(ContextAwareService.java:199) - [unregi 01] Mutex is locked for FLIP_COVER_ACTION
04-11 11:19:55.360 3395-3395/? W/Settings: Setting airplane_mode_on has moved from android.provider.Settings.System to android.provider.Settings.Global, returning read-only value.
04-11 11:19:55.360 3176-3309/? V/CAE: stop(ContextProvider.java:149)
04-11 11:19:55.360 3176-3176/? I/WifiTrafficPoller: evaluateTrafficStatsPolling
04-11 11:19:55.360 3395-3395/? D/NotificationStackScrollLayout: hasNotification()-C:5
04-11 11:19:55.360 3176-3309/? V/CAE: clear(FlipCoverActionRunner.java:126)
04-11 11:19:55.360 3395-3395/? D/NotificationStackScrollLayout: hasNotification()-0-N:false
04-11 11:19:55.360 3395-3395/? D/NotificationStackScrollLayout: hasNotification()-0-V:8
04-11 11:19:55.360 3395-3395/? D/NotificationStackScrollLayout: hasNotification()-1-N:false
04-11 11:19:55.360 3395-3395/? D/NotificationStackScrollLayout: hasNotification()-1-V:8
04-11 11:19:55.360 3395-3395/? D/NotificationStackScrollLayout: hasNotification()-2-N:true
04-11 11:19:55.360 3395-3395/? D/NotificationStackScrollLayout: hasNotification()-2-V:8
04-11 11:19:55.360 3395-3395/? D/NotificationStackScrollLayout: hasNotification()-3-N:true
04-11 11:19:55.360 3395-3395/? D/NotificationStackScrollLayout: hasNotification()-3-V:8
04-11 11:19:55.360 3395-3395/? D/NotificationStackScrollLayout: hasNotification()-4-N:false
04-11 11:19:55.360 3395-3395/? D/NotificationStackScrollLayout: hasNotification()-4-V:8
04-11 11:19:55.360 3395-3395/? D/PanelView: There is/are nonotification(s) 
04-11 11:19:55.360 3395-3395/? D/PersonaManager: isKioskContainerExistOnDevice
04-11 11:19:55.360 3395-3395/? I/PhoneStatusBar: Icon Only
04-11 11:19:55.360 3395-3395/? I/StatusBar: Icon Only
04-11 11:19:55.360 3176-3309/? V/CAE: disable(FlipCoverActionRunner.java:115)
04-11 11:19:55.365 3176-3309/? I/CAE: sendCmdToSensorHub(SensorHubCommManager.java:144) - -78, 14, 0, 0,
04-11 11:19:55.365 3176-3309/? D/SensorHubManager: SendSensorHubData: send data = -78, 14, 0, 0
04-11 11:19:55.365 2576-2576/? D/Sensorhubs: sendContextData: -78, 14, 0, 0
04-11 11:19:55.370 3395-3395/? W/Settings: Setting airplane_mode_on has moved from android.provider.Settings.System to android.provider.Settings.Global, returning read-only value.
04-11 11:19:55.370 3176-3176/? D/NotificationService: ACTION_SCREEN_OFF
04-11 11:19:55.370 3176-3176/? D/LightsService: [api] [SvcLED] turnOff:: id = 4 (uid: 1000 pid: 3176) 
04-11 11:19:55.370 3176-3176/? D/LightsService: [SvcLED] setSvcLedStateLocked:: SvcLEDState : 0x40 -> 0x40 | SvcLED(id=4) set Off
04-11 11:19:55.375 3176-3176/? I/Sensors: SensorBase::flush handle(6), sensor_type(7)
04-11 11:19:55.375 3176-3309/? D/CAE: getFaultDetectionResult(FlipCoverActionRunner.java:139) - true
04-11 11:19:55.375 3176-3287/? D/LightsService: [SvcLED]  onSensorChanged::light value = 102
04-11 11:19:55.380 3176-3176/? I/Sensors: SensorBase::flush handle(6), sensor_type(7) return
04-11 11:19:55.380 3176-3176/? D/SensorManager: registerListener :: 6, CM3323 Light Sensor, 200000, 0,  
04-11 11:19:55.380 3176-3287/? I/Sensors: SensorBase::batch(6, 0, 200000000, 0)
04-11 11:19:55.380 3176-3309/? I/CAE: notifyCmdProcessResultObserver(ContextProvider.java:617) - CheckResult = 0, Cause = Success
04-11 11:19:55.380 3176-3287/? D/SensorManager: unregisterListener ::   
04-11 11:19:55.380 3395-3395/? D/NotificationStackScrollLayout: hasNotification()-C:5
04-11 11:19:55.380 3395-3395/? D/NotificationStackScrollLayout: hasNotification()-0-N:false
04-11 11:19:55.380 3395-3395/? D/NotificationStackScrollLayout: hasNotification()-0-V:8
04-11 11:19:55.380 3395-3395/? D/NotificationStackScrollLayout: hasNotification()-1-N:false
04-11 11:19:55.380 3395-3395/? D/NotificationStackScrollLayout: hasNotification()-1-V:8
04-11 11:19:55.380 3176-3287/? D/LightsService: [SvcLED]  setSvcLedLightLocked :: Current SvcLED(id=3) maintains its priority right
04-11 11:19:55.385 3395-3395/? D/NotificationStackScrollLayout: hasNotification()-2-N:true
04-11 11:19:55.385 3395-3395/? D/NotificationStackScrollLayout: hasNotification()-2-V:8
04-11 11:19:55.385 3395-3395/? D/NotificationStackScrollLayout: hasNotification()-3-N:true
04-11 11:19:55.385 3395-3395/? D/NotificationStackScrollLayout: hasNotification()-3-V:8
04-11 11:19:55.385 3395-3395/? D/NotificationStackScrollLayout: hasNotification()-4-N:false
04-11 11:19:55.385 3395-3395/? D/NotificationStackScrollLayout: hasNotification()-4-V:8
04-11 11:19:55.385 3395-3395/? D/PanelView: There is/are nonotification(s) 
04-11 11:19:55.390 3395-3395/? W/Settings: Setting airplane_mode_on has moved from android.provider.Settings.System to android.provider.Settings.Global, returning read-only value.
04-11 11:19:55.390 2570-2920/? I/AudioHardwareTinyALSA: setParameters(screen_state=off)
04-11 11:19:55.395 3395-3395/? W/Settings: Setting airplane_mode_on has moved from android.provider.Settings.System to android.provider.Settings.Global, returning read-only value.
04-11 11:19:55.395 3395-3395/? D/PhoneStatusBar: updateKeyguardPreviousState :1
04-11 11:19:55.395 3395-3395/? D/PhoneStatusBar: makeExpandedVisible:true
04-11 11:19:55.400 3395-3395/? D/KeyguardEffectViewUtil: wallpaperType :1
04-11 11:19:55.400 3395-3395/? D/StatusBar-Window: fnf=false sanc=true, kni=false, sbf=true
04-11 11:19:55.400 3395-3395/? D/CoverUI: applyFocusableFlag() : Remove SAMSUNG_FLAG_SVIEW_COVER
04-11 11:19:55.400 3176-3670/? D/SecContentProvider2: uri = 14 selection = getSealedState
04-11 11:19:55.400 3176-3670/? D/SecContentProvider2: mCursor = null
04-11 11:19:55.400 3395-3395/? D/PhoneStatusBar: disable: < expand ICONS alerts SYSTEM_INFO back HOME RECENT clock SEARCH >
04-11 11:19:55.400 3176-3258/? I/Sensors: META: sensor(6), what(1)
04-11 11:19:55.405 3176-3784/? D/SecContentProvider2: uri = 14 selection = getSealedState
04-11 11:19:55.405 3176-3784/? D/SecContentProvider2: mCursor = null
04-11 11:19:55.405 3176-3193/? D/SecContentProvider2: uri = 14 selection = getSealedState
04-11 11:19:55.405 3176-3193/? D/SecContentProvider2: mCursor = null
04-11 11:19:55.405 3176-3191/? D/SecContentProvider2: uri = 14 selection = getSealedState
04-11 11:19:55.405 3176-3191/? D/SecContentProvider2: mCursor = null
04-11 11:19:55.405 3395-3395/? D/StatusBar-DoNotDistrub: isDisableAlert isDormantModeOn:false isNotificationDisabled:true
04-11 11:19:55.410 3395-3395/? D/KeyguardProperties: isIgnoreNationalRoaming() = false
04-11 11:19:55.410 3395-3395/? D/PhoneStatusBar: HomeCitySettingsDialog available = false, show = true
04-11 11:19:55.410 3395-3395/? V/KeyguardUpdateMonitor: *** unregister callback for com.android.keyguard.sec.SecKeyguardCircleView$1@172f2a4e
04-11 11:19:55.410 3176-3288/? I/Sensors: SensorBase::batch(0, 0, 200000000, 0)
04-11 11:19:55.410 3395-3395/? D/SensorManager: unregisterListener ::   
04-11 11:19:55.410 3395-3395/? D/KeyguardUnlockEventHandler: cleanUp()
04-11 11:19:55.415 3176-3176/? I/SecExternalDisplayIntents_Java: Intent Recieved ..  -android.intent.action.SCREEN_OFFBroadCast Map value - 18
04-11 11:19:55.415 3395-3395/? I/SecAttributionInfoView: onDetachedFromWindow
04-11 11:19:55.415 3395-3395/? V/KeyguardUpdateMonitor: *** unregister callback for com.android.keyguard.KeyguardSimpleHostView$1@3dae7077
04-11 11:19:55.415 3176-3176/? I/BackgroundCompactionService: Schedule Type1 BGCompaction
04-11 11:19:55.430 3395-3395/? V/KeyguardUpdateMonitor: *** register callback for com.android.keyguard.KeyguardSimpleHostView$1@9b6bde5
04-11 11:19:55.430 3395-3395/? V/KeyguardUpdateMonitor: *** unregister callback for null
04-11 11:19:55.435 3395-3395/? W/Settings: Setting airplane_mode_on has moved from android.provider.Settings.System to android.provider.Settings.Global, returning read-only value.
04-11 11:19:55.435 3176-3309/? D/CAE: doCommendProcess(ContextAwareService.java:314) - complete notify the operation result.
04-11 11:19:55.435 3395-3395/? D/KeyguardSecurityView: AUTO_WIPE = false , IT Policy = false
04-11 11:19:55.435 3395-3395/? I/KeyguardSecurityView: addAttributionInfoViewIfNecessary
04-11 11:19:55.435 3176-3309/? I/CAE: displayUsedCountForService(ContextAwareService.java:406) - totalCnt = 0, serviceCount = 0, subCollectionCount = 0
04-11 11:19:55.435 3176-3309/? D/CAE: showListenerList(ContextAwareService.java:247) - ===== Context Aware Service List =====
04-11 11:19:55.435 3176-3309/? W/CAE: unregisterCallback(ContextAwareService.java:234) - [unregi 02] Mutex is unlocked for FLIP_COVER_ACTION
04-11 11:19:55.435 3176-3309/? D/SContextService: removeSContextService() : service = Flip Cover Action
04-11 11:19:55.435 3176-3309/? D/SContextService: ===== SContext Service List =====
04-11 11:19:55.435 3176-3309/? D/SContextManager:   .unregisterListener : listener = com.samsung.android.motion.MotionRecognitionFlipCover$1@38e4ddd2
04-11 11:19:55.435 3176-3265/? D/IpRemoteDisplayController: intent received android.intent.action.SCREEN_OFF
04-11 11:19:55.435 3176-3265/? D/IpRemoteDisplayController: Bridge Server is not available
04-11 11:19:55.435 3176-3309/? E/MotionRecognitionService:  handler : SCREEN_OFF end 
04-11 11:19:55.440 3395-3395/? W/Settings: Setting airplane_mode_on has moved from android.provider.Settings.System to android.provider.Settings.Global, returning read-only value.
04-11 11:19:55.440 3395-3395/? V/KeyguardSecurityView: showPrimarySecurityScreen(turningOff=false)
04-11 11:19:55.440 3395-3395/? D/KeyguardSecurityView: showSecurityScreen(None)
04-11 11:19:55.440 3395-3395/? V/KeyguardSecurityView: inflating id = 2130968634
04-11 11:19:55.445 3395-3395/? D/SecKeyguardBottomAreaView: mUseBackUp= falsemUseCenteredMessageArea= false
04-11 11:19:55.445 3395-3395/? D/SecKeyguardBottomAreaView: shortcut value[0-off / 1-camera] = 1
04-11 11:19:55.445 3395-3395/? D/SecKeyguardBottomAreaView: mKidsModeEnabled= false
04-11 11:19:55.450 3395-3395/? V/KeyguardUpdateMonitor: *** register callback for com.android.keyguard.KeyguardMessageArea$2@3d1a5361
04-11 11:19:55.450 3395-3395/? V/KeyguardUpdateMonitor: *** unregister callback for null
04-11 11:19:55.460 3395-3395/? D/KeyguardUnlockView: mIsHelpTextEnabled= true
04-11 11:19:55.460 3395-3395/? D/KeyguardUnlockView: hideBouncer mBouncerHelpText != null
04-11 11:19:55.460 3395-3395/? D/KeyguardEffectViewUtil: wallpaperType :1
04-11 11:19:55.460 3395-3395/? D/StatusBar-Window: fnf=false sanc=true, kni=false, sbf=true
04-11 11:19:55.465 3395-3395/? D/CoverUI: applyFocusableFlag() : Remove SAMSUNG_FLAG_SVIEW_COVER
04-11 11:19:55.465 3395-3395/? D/SecKeyguardCircleView: onAttachedToWindow
04-11 11:19:55.465 3395-3395/? V/KeyguardUpdateMonitor: *** register callback for com.android.keyguard.sec.SecKeyguardCircleView$1@26395774
04-11 11:19:55.465 3395-3395/? V/KeyguardUpdateMonitor: *** unregister callback for null
04-11 11:19:55.465 3395-3395/? I/SecAttributionInfoView: onAttachedToWindow
04-11 11:19:55.470 3395-3395/? D/KeyguardEffectViewUtil: isStrongPowerSavingMode() :false
04-11 11:19:55.475 3395-3395/? D/KeyguardEffectViewUtil: isStrongPowerSavingMode() :false
04-11 11:19:55.475 3395-3395/? D/KeyguardEffectViewUtil: isStrongPowerSavingMode() :false
04-11 11:19:55.475 3395-3395/? D/KeyguardEffectViewUtil: isStrongPowerSavingMode() :false
04-11 11:19:55.480 3395-3395/? W/Settings: Setting airplane_mode_on has moved from android.provider.Settings.System to android.provider.Settings.Global, returning read-only value.
04-11 11:19:55.480 3395-3395/? D/LensFlare_Keyguard: screenTurnedOff
04-11 11:19:55.480 3395-3395/? D/VisualEffectCircleUnlockEffect: KeyguardEffectViewNone : screenTurnedOff
04-11 11:19:55.480 3395-3395/? D/SecKeyguardCircleView: onScreenTurnedOff
04-11 11:19:55.480 3395-3395/? W/KeyguardSecurityViewFlipper: onMeasure: widthSpec MeasureSpec: EXACTLY 1080 should be AT_MOST
04-11 11:19:55.480 3395-3395/? W/KeyguardSecurityViewFlipper: onMeasure: heightSpec MeasureSpec: EXACTLY 1845 should be AT_MOST
04-11 11:19:55.495 3395-3395/? D/QSpanel: label top:23
04-11 11:19:55.495 3395-3395/? D/StatusBar-QSPanel: onLayout left:0 top:0 record.row:0
04-11 11:19:55.495 3395-3395/? D/QSpanel: label top:23
04-11 11:19:55.495 3395-3395/? D/StatusBar-QSPanel: onLayout left:206 top:0 record.row:0
04-11 11:19:55.495 3395-3395/? D/QSpanel: label top:23
04-11 11:19:55.495 3395-3395/? D/StatusBar-QSPanel: onLayout left:412 top:0 record.row:0
04-11 11:19:55.495 3395-3395/? D/QSpanel: label top:0
04-11 11:19:55.495 3395-3395/? D/StatusBar-QSPanel: onLayout left:618 top:0 record.row:0
04-11 11:19:55.495 3395-3395/? D/QSpanel: label top:23
04-11 11:19:55.495 3395-3395/? D/StatusBar-QSPanel: onLayout left:824 top:0 record.row:0
04-11 11:19:55.495 3395-3395/? D/QSpanel: label top:0
04-11 11:19:55.495 3395-3395/? D/StatusBar-QSPanel: onLayout left:1030 top:0 record.row:0
04-11 11:19:55.495 3395-3395/? D/QSpanel: label top:0
04-11 11:19:55.495 3395-3395/? D/StatusBar-QSPanel: onLayout left:1236 top:0 record.row:0
04-11 11:19:55.495 3395-3395/? D/QSpanel: label top:0
04-11 11:19:55.495 3395-3395/? D/StatusBar-QSPanel: onLayout left:1442 top:0 record.row:0
04-11 11:19:55.495 3395-3395/? D/QSpanel: label top:0
04-11 11:19:55.495 3395-3395/? D/StatusBar-QSPanel: onLayout left:1648 top:0 record.row:0
04-11 11:19:55.495 3395-3395/? D/QSpanel: label top:0
04-11 11:19:55.495 3395-3395/? D/StatusBar-QSPanel: onLayout left:1854 top:0 record.row:0
04-11 11:19:55.500 3395-3395/? D/ScrimController: updateScrimKeyguard() mDozing=false, mBouncerShowing=false
04-11 11:19:55.505 3395-3395/? D/VolumePanel.322a08f8: forceTimeout delay=0 callers=com.android.systemui.volume.VolumePanel.postDismiss:1674 com.android.systemui.volume.VolumePanel$8.onReceive:1016 android.app.LoadedApk$ReceiverDispatcher$Args.run:923 
04-11 11:19:55.510 3395-3395/? D/KeyguardViewMediator: handleKeyguardDoneDrawing
04-11 11:19:55.510 3395-3395/? D/VolumePanel: mCoverBroadcastReceiver: onReceive() : intent=Intent { act=android.intent.action.SCREEN_OFF flg=0x50000010 (has extras) }
04-11 11:19:55.510 3395-3395/? D/VolumePanel: mCoverBroadcastReceiver: Screen OFF 
04-11 11:19:55.510 3395-3395/? D/VolumePanel: mCoverBroadcastReceiver : call onDismissSafeVolumeWarning() #1
04-11 11:19:55.515 3176-3253/? D/GpsLocationProvider: receive broadcast intent, action: android.intent.action.SCREEN_OFF
04-11 11:19:55.515 3176-3253/? E/GpsLocationProvider: ++ Invoked android_location_GpsLocationProvider_set_lcd_mode --> mode:0 ++
04-11 11:19:55.515 3176-3253/? E/GpsLocationProvider: sExerciseIterface is not available
04-11 11:19:55.515 3176-3176/? D/PersonaManagerService: ACTION_SCREEN_OFF onReceive
04-11 11:19:55.515 3176-3274/? D/PersonaManagerServiceHandler: MSG_ACTION_SCREEN_OFF called
04-11 11:19:55.520 3631-3631/? D/NativeNfcManager: power state=2
04-11 11:19:55.525 3631-3853/? D/NfcService: call the applyRouting
04-11 11:19:55.525 3631-4165/? D/NfcNciHal: HaiWrite: enter; len=4
04-11 11:19:55.525 3631-4165/? I/NfcNciHal: HAL_NfcWrite ()
04-11 11:19:55.525 3631-4165/? D/NfcNciHal: HaiWrite: exit 0
04-11 11:19:55.525 3631-4166/? I/NfcNciHal: nfc_hal_main_send_message() ls:0x10
04-11 11:19:55.525 3631-4166/? I/NfcNciHal: nfc_hal_dm_power_mode_execute () event = 0
04-11 11:19:55.525 3631-4166/? I/NfcNciHal: nfc_hal_dm_set_nfc_wake () ASSERT
04-11 11:19:55.525 3631-4166/? D/USERIAL_LINUX: UPIO_Set: ioctl, state=0
04-11 11:19:55.525 3631-4166/? D/USERIAL_LINUX: UPIO_Set: ioctl, old state=1, insert delay for 20 ms
04-11 11:19:55.525 3631-4166/? I/NfcNciHal: p_buf->len: 4
04-11 11:19:55.525 3631-4166/? I/BrcmNci: --
04-11 11:19:55.525 3631-4166/? I/BrcmNci: SENT NCI  Type:CMD   Name: RF_DEACTIVATE(0x6)   PBF:No/Last   Param Len: 1/1 f:0x0
04-11 11:19:55.525 3395-3395/? D/STATUSBAR-PhoneStatusBar:      ACTION_SCREEN_OFF is finished!!!! 
04-11 11:19:55.530 3631-4166/? I/BrcmNci:                         De-Activate Type : Idle Mode (0/0x00)
04-11 11:19:55.530 3631-4166/? D/BrcmNci: Raw NCI Packet:
04-11 11:19:55.530 3631-4166/? D/BrcmNci: 0000: 21 06 01 00                                     !...
04-11 11:19:55.530 3631-4166/? I/BrcmNci: --
04-11 11:19:55.530 3631-4166/? D/USERIAL_LINUX: USERIAL_Write: (5 bytes)
04-11 11:19:55.530 3631-4166/? D/USERIAL_LINUX: doWriteDelay() delay 19 ms
04-11 11:19:55.530 3176-3267/? D/DisplayPowerController: ColorFade: onAnimationStart
04-11 11:19:55.530 3176-3267/? D/DisplayPowerController: getFinalBrightness : 99 -> 0
04-11 11:19:55.530 3176-3267/? D/DisplayPowerController: animation target = 0, rate=500 (PSM:false, AB limit:(-1 ~ -1) MB Limit:(-1 ~ -1) MAdj:(0, (0, 255)))
04-11 11:19:55.540 3948-3948/? D/accuweather: [Accuweather J]>>> SWW:81 [0:0] =============== BR act = androidintentactionSCREEN_OFF
04-11 11:19:55.550 3631-4166/? D/USERIAL_LINUX: USERIAL_Write len = 5, ret = 5
04-11 11:19:55.550 3631-4190/? D/USERIAL_LINUX: my_read: return 5(0x5) bytes, errno=22 count=280, n=1, timeout=-1
04-11 11:19:55.550 3631-4190/? D/USERIAL_LINUX: userial_read_thread(): enqueued p_buf=0xa1206008, count=1, length=5
04-11 11:19:55.550 3631-4190/? D/USERIAL_LINUX: my_read: enter, pbuf=a1206718, len = 280
04-11 11:19:55.550 3631-4166/? I/BrcmNci: --
04-11 11:19:55.550 3631-4166/? I/BrcmNci: RECV NCI  Type:RSP   Name: RF_DEACTIVATE(0x6)   PBF:No/Last   Param Len: 1/1 f:0x0
04-11 11:19:55.550 3631-4166/? I/BrcmNci:                                   Status : OK (0x00)
04-11 11:19:55.550 3631-4166/? D/BrcmNci: Raw NCI Packet:
04-11 11:19:55.550 3631-4166/? D/BrcmNci: 0000: 41 06 01 00                                     A...
04-11 11:19:55.550 3631-4166/? I/BrcmNci: --
04-11 11:19:55.550 3631-4166/? I/NfcNciHal: nfc_hal_nci_preproc_rx_nci_msg()
04-11 11:19:55.550 3631-4166/? I/NfcNciHal: nfc_hal_dm_power_mode_execute () event = 1
04-11 11:19:55.550 3631-4166/? D/NfcNciHal: BroadcomHalDataCallback: enter; len=4
04-11 11:19:55.550 3631-4165/? D/NfcNciHal: HaiPreDiscover: enter
04-11 11:19:55.550 3631-4165/? I/NfcNciHal: HAL_NfcPreDiscover ()
04-11 11:19:55.550 3631-4165/? I/NfcNciHal: HAL_NfcPreDiscover status:0
04-11 11:19:55.550 3631-4165/? D/NfcNciHal: HaiPreDiscover: exit 0
04-11 11:19:55.550 3631-4165/? D/NfcNciHal: HaiWrite: enter; len=8
04-11 11:19:55.550 3631-4165/? I/NfcNciHal: HAL_NfcWrite ()
04-11 11:19:55.550 3631-4165/? D/NfcNciHal: HaiWrite: exit 0
04-11 11:19:55.550 3631-4166/? I/NfcNciHal: nfc_hal_main_send_message() ls:0x10
04-11 11:19:55.550 3631-4166/? I/NfcNciHal: nfc_hal_dm_power_mode_execute () event = 0
04-11 11:19:55.550 3631-4166/? I/NfcNciHal: p_buf->len: 8
04-11 11:19:55.550 3631-4166/? I/BrcmNci: --
04-11 11:19:55.550 3631-4166/? I/BrcmNci: SENT NCI  Type:CMD   Name: RF_DISCOVER(0x3)   PBF:No/Last   Param Len: 5/5 f:0x0
04-11 11:19:55.550 3631-4166/? I/BrcmNci:                        Num Discovery Cfg : 2 (0x02)
04-11 11:19:55.550 3631-4166/? I/BrcmNci:                                 Listen_A : 128 (0x80)
04-11 11:19:55.550 3631-4166/? I/BrcmNci:                                Frequency : 1 (0x01)
04-11 11:19:55.550 3631-4166/? I/BrcmNci:                                 Listen_B : 129 (0x81)
04-11 11:19:55.550 3631-4166/? I/BrcmNci:                                Frequency : 1 (0x01)
04-11 11:19:55.550 3631-4166/? D/BrcmNci: Raw NCI Packet:
04-11 11:19:55.550 3631-4166/? D/BrcmNci: 0000: 21 03 05 02 80 01 81 01                         !.......
04-11 11:19:55.550 3631-4166/? I/BrcmNci: --
04-11 11:19:55.550 3631-4166/? D/USERIAL_LINUX: USERIAL_Write: (9 bytes)
04-11 11:19:55.550 3631-4166/? D/USERIAL_LINUX: doWriteDelay() delay 3 ms
04-11 11:19:55.555 3631-4166/? D/USERIAL_LINUX: USERIAL_Write len = 9, ret = 9
04-11 11:19:55.555 3631-4190/? D/USERIAL_LINUX: my_read: return 5(0x5) bytes, errno=22 count=280, n=1, timeout=-1
04-11 11:19:55.555 3631-4190/? D/USERIAL_LINUX: userial_read_thread(): enqueued p_buf=0xa1206710, count=1, length=5
04-11 11:19:55.555 3631-4190/? D/USERIAL_LINUX: my_read: enter, pbuf=a12064c0, len = 280
04-11 11:19:55.555 3631-4166/? I/BrcmNci: --
04-11 11:19:55.555 3631-4166/? I/BrcmNci: RECV NCI  Type:RSP   Name: RF_DISCOVER(0x3)   PBF:No/Last   Param Len: 1/1 f:0x0
04-11 11:19:55.555 3631-4166/? I/BrcmNci:                                   Status : OK (0x00)
04-11 11:19:55.555 3631-4166/? D/BrcmNci: Raw NCI Packet:
04-11 11:19:55.555 3631-4166/? D/BrcmNci: 0000: 41 03 01 00                                     A...
04-11 11:19:55.555 3631-4166/? I/BrcmNci: --
04-11 11:19:55.555 3631-4166/? I/NfcNciHal: nfc_hal_nci_preproc_rx_nci_msg()
04-11 11:19:55.555 3631-4166/? I/NfcNciHal: nfc_hal_dm_power_mode_execute () event = 1
04-11 11:19:55.555 3631-4166/? D/NfcNciHal: BroadcomHalDataCallback: enter; len=4
04-11 11:19:55.555 3631-3853/? D/NfcService: index : 0
04-11 11:19:55.555 3631-3853/? D/NfcService: index : 1
04-11 11:19:55.555 3631-3853/? D/NfcService: index : 2
04-11 11:19:55.565 3176-3358/? D/lights: lcd : 9 +
04-11 11:19:55.570 3176-3358/? D/lights: lcd : 9 -
04-11 11:19:55.580 3176-5049/? D/ConnectivityService: returning getNetworkInfo(networkType - 1) :[type: WIFI[] - WIFI, state: DISCONNECTED/DISCONNECTED, reason: (unspecified), extra: (none), roaming: false, failover: false, isAvailable: true, isConnectedToProvisioningNetwork: false]
04-11 11:19:55.580 3176-5049/? D/SSRM:n: SIOP:: AP = 260, CUR = 460
04-11 11:19:55.585 4902-4902/? D/comdaemonstockapp: [Daemon_Stock]>>> DaemonService.java:46 [0:0] action : androidintentactionSCREEN_OFF
04-11 11:19:55.590 4902-4902/? D/comdaemonstockapp: [Daemon_Stock]>>> Stockclock_DaemonService.java:63 [0:0] onReceive: daemonappstockclockSCREEN_OFF
04-11 11:19:55.595 4902-4902/? D/comdaemonstockapp: [Daemon_Stock]>>> Stockclock_DaemonService.java:64 [0:0] appServiceStatus: 1
04-11 11:19:55.595 4902-4902/? D/comdaemonstockapp: [Daemon_Stock]>>> Stockclock_DaemonService.java:65 [0:0] [AR]: 0
04-11 11:19:55.595 4902-4902/? D/comdaemonstockapp: [Daemon_Stock]>>> Stockclock_DaemonService.java:66 [0:0] [AR]: Next time = 0
04-11 11:19:55.595 6560-6560/? D/QuickConnect[1.9.3072379][10]: PreDiscoveryHelper.setVisibilityFromSystemDb - --
04-11 11:19:55.595 6560-6560/? D/QuickConnect[1.9.3072379][10]: PreDiscoveryHelper.setVisibilityFromSystemDb - isAllowToConnect : false, isContactOnly : true, visibilitySetting : OFF
04-11 11:19:55.595 6560-6560/? D/QuickConnect[1.9.3072379][10]: PreDiscoveryHelper.changeResponseSetting - changed: OFF
04-11 11:19:55.595 6560-6560/? V/QuickConnect[1.9.3072379][10]: PreDiscoveryHelper.updateAdvData - 
04-11 11:19:55.595 6560-6560/? V/QuickConnect[1.9.3072379][10]: PreDiscoveryHelper.updateRespTarget - 
04-11 11:19:55.595 4902-4902/? D/comdaemonstockapp: [Daemon_Stock]>>> Stockclock_DaemonService.java:120 [0:0] screen off, stop scroll
04-11 11:19:55.595 3176-3358/? D/lights: lcd : 0 +
04-11 11:19:55.595 3176-3267/? D/DisplayPowerController: getFinalBrightness : 99 -> 0
04-11 11:19:55.595 3176-3267/? D/DisplayPowerController: animation target = 0, rate=500 (PSM:false, AB limit:(-1 ~ -1) MB Limit:(-1 ~ -1) MAdj:(0, (0, 255)))
04-11 11:19:55.600 3176-3358/? D/lights: lcd : 0 -
04-11 11:19:55.600 6560-6560/? D/QuickConnect[1.9.3072379][10]: BleHelper.mBroadcastReceiver - SCREEN_OFF when user = 0
04-11 11:19:55.605 6560-6560/? D/QuickConnect[1.9.3072379][10]: BleHelper.stopScan - [true] || [false]==false
04-11 11:19:55.605 6560-6595/? I/QuickConnect[1.9.3072379][10]: BleHelper.stopScan - call BleScanner.stopScan()
04-11 11:19:55.605 6560-6595/? D/BluetoothLeScanner: could not find callback wrapper
04-11 11:19:55.605 6560-6595/? D/QuickConnect[1.9.3072379][10]: BleHelper.stopScan - call BleScanner.stopScan() complete
04-11 11:19:55.605 3176-3784/? W/BroadcastQueue: Skipping deliver [sec] BroadcastRecord{1c92f496 u-1 android.intent.action.SCREEN_OFF} to ReceiverList{3636f0d8 3395 com.android.systemui/10020/u0 remote:2b52f3bb}: filter unregistered
04-11 11:19:55.610 3176-3354/? D/PowerManagerService: [PWL] sb release: PowerManagerService.Broadcasts
04-11 11:19:55.650 3631-4166/? I/NfcNciHal: nci_brcm_lp_timeout_cback ()
04-11 11:19:55.650 3631-4166/? I/NfcNciHal: nfc_hal_dm_power_mode_execute () event = 2
04-11 11:19:55.650 3631-4166/? I/NfcNciHal: nfc_hal_dm_set_nfc_wake () DEASSERT
04-11 11:19:55.650 3631-4166/? D/USERIAL_LINUX: UPIO_Set: ioctl, state=1
04-11 11:19:55.685 3176-23230/? I/BatteryStatsDumper: In refreshStats isReason Screen ON/OFF: true
04-11 11:19:55.745 3176-3267/? D/DisplayPowerState: !@ ColorFade entry
04-11 11:19:55.745 3176-3267/? D/DisplayPowerController: ColorFade: onAnimationEnd
04-11 11:19:55.760 3176-23230/? I/BatteryStatsDumper: Screen bin #0: time=0 power=0.0
04-11 11:19:55.760 3176-23230/? I/BatteryStatsDumper: Screen bin #1: time=79003 power=0.9407940583333334
04-11 11:19:55.760 3176-23230/? I/BatteryStatsDumper: Screen bin #2: time=0 power=0.0
04-11 11:19:55.760 3176-23230/? I/BatteryStatsDumper: Screen bin #3: time=0 power=0.0
04-11 11:19:55.760 3176-23230/? I/BatteryStatsDumper: Screen bin #4: time=0 power=0.0
04-11 11:19:55.760 3176-23230/? I/BatteryStatsDumper: Previous Battery Level: 100 Current Level: 100 Delta: 0
04-11 11:19:55.765 3176-3357/? I/Sensors: Light old sensor_state 129, new sensor_state : 1 en : 0
04-11 11:19:55.765 3176-3357/? D/SensorManager: unregisterListener ::   
04-11 11:19:55.765 3176-3357/? I/Sensors: Acc old sensor_state 1, new sensor_state : 0 en : 0
04-11 11:19:55.765 3176-3267/? D/AutomaticBrightnessController: [DAB] setLightSensorEnabled : Send Update unregisterListener mLightSensor
04-11 11:19:55.765 3176-3267/? I/AutomaticBrightnessController: [DAB] fileWriteInt : /sys/class/tcon/tcon/auto_br  value : 0
04-11 11:19:55.765 3176-3357/? D/AutomaticBrightnessController: [DAB] setLightSensorEnabled : unregisterListener mLightSensor
04-11 11:19:55.765 3176-3267/? I/AutomaticBrightnessController: [DAB] fileWriteInt : /sys/class/backlight/panel/auto_brightness  value : 0
